[31m

processing file: sim_fs_mr_field_or_template.qmd
[39m1/57                                 
2/57 [setup-knobs]                   
3/57                                 
4/57 [build-dgm]                     
5/57                                 
6/57 [machinery]                     
7/57                                 
8/57 [run-batch]                     
9/57                                 
10/57 [summary-prep]                  
11/57                                 
12/57 [mr-settings-readout]           
13/57                                 
14/57 [counts-header]                 
15/57                                 
16/57 [subgroup-size-callout]         
17/57                                 
18/57 [estimation-table]              
19/57                                 
20/57 [estimation-table-medians]      
21/57                                 
22/57 [table2-summary]                
23/57                                 
24/57 [table2-compact]                
25/57                                 
26/57 [bound-location]                
27/57                                 
28/57 [betaHhat-callout]              
29/57                                 
30/57 [estimator-boxplots]            
31/57                                 
32/57 [field-coverage-wilson]         
33/57                                 
34/57 [field-bias-coverage]           
35/57                                 
36/57 [field-retained-bias]           
37/57                                 
38/57 [field-reselection]             
39/57                                 
40/57 [field-complement-diagnostics]  
41/57                                 
42/57 [field-bias-coverage-complement]
43/57                                 
44/57 [field-joint-pair]              
45/57                                 
46/57 [identification-block]          
47/57                                 
48/57 [identification-family]         
49/57                                 
50/57 [identification-figures]        
51/57                                 
52/57 [timing-distributions]          
53/57                                 
54/57 [timing-projection]             
55/57                                 
56/57 [session-info]                  
57/57                                 
[31moutput file: sim_fs_mr_field_or_template.knit.md

[39m[1mpandoc --output fs_effMaxSG_mr_field_or075_n500_nb20_orfs_combine_1_2000.html[22m
  to: html
  standalone: true
  embed-resources: true
  section-divs: true
  html-math-method: mathjax
  wrap: none
  default-image-extension: png
  toc: true
  toc-depth: 4
  number-sections: true
  variables: {}
  
[1mmetadata[22m
  document-css: false
  link-citations: true
  date-format: long
  lang: en
  engines:
    - path: /usr/lib/rstudio/resources/app/bin/quarto/share/extension-subtrees/julia-engine/_extensions/julia-engine/julia-engine.js
  toc-location: left
  theme: cosmo
  smooth-scroll: true
  title-block-banner: '#2C3E50'
  title-block-banner-color: white
  mainfont: Palatino, Georgia, serif
  monofont: Fira Code, JetBrains Mono, Consolas, monospace
  fontsize: 1.05em
  linestretch: 1.45
  anchor-sections: true
  title: FS / GRF / DINA on the ACTG175 binary (OR) harm DGM — MR (field) template, batchable
  subtitle: 'Binary twin of the continuous/MD field template: the field block, the complement field (field-s) and the joint pair on the odds-ratio scale'
  author: Larry F. León
  date: today
  code-summary: Show code
  
Output created: fs_effMaxSG_mr_field_or075_n500_nb20_orfs_combine_1_2000.html

WALL_SECONDS=26 RC=0 PEAK_MB=1233 OUT=fs_effMaxSG_mr_field_or075_n500_nb20_orfs_combine_1_2000.html
