=== DECLCALC0 START Tue Sep 22 09:15:08 PM PDT 2026 ; mode stage2 ; B_cal 500 ; reps 2000 ; per-rep cap 116s ; campaign hard cap 5400s ; watchdog pid 3490508 ; dry=0 ; blocks: resume/declcalc0_inull.cells resume/declcalc0_power.cells ===
  host pop-os ; 64 physical cores ; 251 GB ; R 4.6.1 ; forestsearch 0.3.5.9000 R 4.6.1; ; 2026-09-23 02:32:08 UTC; unix ; git ee64f11d ; workers requested 64
=== BLOCK START: declcalc0_inull (resume/declcalc0_inull.cells) Tue Sep 22 09:15:08 PM PDT 2026 ; elapsed 0s ===
=== CELL START: declcalc0_inull B3 (null0657, hr=0.657 n=1500) Tue Sep 22 09:15:08 PM PDT 2026 ; elapsed 0s ===
  env set:   FS_S7_WORKERS=64 FS_S7_FOCUS=effMaxSG FS_S7_NBHD=0.20 FS_S7_C1=1.0 FS_S7_C2=1.0 FS_S7_START=1 FS_S7_NSIMS=2000 FS_S7_DGM=null FS_S7_HR=0.657 FS_S7_N=1500 FS_S7_CAMPAIGN=declcalc0_inull DECLCAL_CELL=B3 DECLCAL_DGM_LABEL=null0657 DECLCAL_BCAL=500 DECLCAL_MODE=stage2 DECLCAL_CAP_S=116 DECLCAL_OUT=/home/larryleon/Documents/GitHub/forestsearch/quarto/simulations/gbsg_020/results/declcalc0_inull_B3_res_1_2000.rds
Mem:             251          29         205           0          33         221
Swap:             19           0          19
CELL END: declcalc0_inull B3 rc=0 wall=473s
chunk 1/4 done: 500 reps, elapsed 114s, fail 0 (abort 0, error 0), gate max 20
chunk 2/4 done: 1000 reps, elapsed 225s, fail 0 (abort 0, error 0), gate max 20
chunk 3/4 done: 1500 reps, elapsed 332s, fail 0 (abort 0, error 0), gate max 20
chunk 4/4 done: 2000 reps, elapsed 440s, fail 0 (abort 0, error 0), gate max 20
CELL B3 complete: 2000 rows, elapsed 441s, status table: ok 2000
FIDELITY: declared_conv (rounded, post-reduction) vs search indicator on 2000 ok reps: 0 disagree
RATES: conv 0.0070 exact 0.0065 cal05 0.0000 cal10 0.0000 ; median wall 12.31s ; median G_pre 1297
IDENTITY: 2000 reps vs results/declcal_inull_B3_res_1_2000.rds on 13 columns + 2 monotonicity checks: all identical, monotonicity holds
RATES_C0 cal05: c070 0.0045 c075 0.0030 c080 0.0015 c085 0.0000
RATES_C0 cal10: c070 0.0120 c075 0.0035 c080 0.0025 c085 0.0005
=== CELL START: declcalc0_inull B4 (null0721, hr=0.721 n=500) Tue Sep 22 09:23:01 PM PDT 2026 ; elapsed 473s ===
  env set:   FS_S7_WORKERS=64 FS_S7_FOCUS=effMaxSG FS_S7_NBHD=0.20 FS_S7_C1=1.0 FS_S7_C2=1.0 FS_S7_START=1 FS_S7_NSIMS=2000 FS_S7_DGM=null FS_S7_HR=0.721 FS_S7_N=500 FS_S7_CAMPAIGN=declcalc0_inull DECLCAL_CELL=B4 DECLCAL_DGM_LABEL=null0721 DECLCAL_BCAL=500 DECLCAL_MODE=stage2 DECLCAL_CAP_S=116 DECLCAL_OUT=/home/larryleon/Documents/GitHub/forestsearch/quarto/simulations/gbsg_020/results/declcalc0_inull_B4_res_1_2000.rds
Mem:             251          29         205           0          33         221
Swap:             19           0          19
CELL END: declcalc0_inull B4 rc=0 wall=329s
chunk 1/4 done: 500 reps, elapsed 77s, fail 0 (abort 0, error 0), gate max 20
chunk 2/4 done: 1000 reps, elapsed 153s, fail 0 (abort 0, error 0), gate max 20
chunk 3/4 done: 1500 reps, elapsed 230s, fail 0 (abort 0, error 0), gate max 20
chunk 4/4 done: 2000 reps, elapsed 304s, fail 0 (abort 0, error 0), gate max 20
CELL B4 complete: 2000 rows, elapsed 305s, status table: ok 2000
FIDELITY: declared_conv (rounded, post-reduction) vs search indicator on 2000 ok reps: 0 disagree
RATES: conv 0.2325 exact 0.2165 cal05 0.0005 cal10 0.0005 ; median wall 7.86s ; median G_pre 1223
IDENTITY: 2000 reps vs results/declcal_inull_B4_res_1_2000.rds on 13 columns + 2 monotonicity checks: all identical, monotonicity holds
RATES_C0 cal05: c070 0.0315 c075 0.0130 c080 0.0040 c085 0.0010
RATES_C0 cal10: c070 0.0705 c075 0.0350 c080 0.0165 c085 0.0055
=== CELL START: declcalc0_inull B5 (null0721, hr=0.721 n=1000) Tue Sep 22 09:28:30 PM PDT 2026 ; elapsed 802s ===
  env set:   FS_S7_WORKERS=64 FS_S7_FOCUS=effMaxSG FS_S7_NBHD=0.20 FS_S7_C1=1.0 FS_S7_C2=1.0 FS_S7_START=1 FS_S7_NSIMS=2000 FS_S7_DGM=null FS_S7_HR=0.721 FS_S7_N=1000 FS_S7_CAMPAIGN=declcalc0_inull DECLCAL_CELL=B5 DECLCAL_DGM_LABEL=null0721 DECLCAL_BCAL=500 DECLCAL_MODE=stage2 DECLCAL_CAP_S=116 DECLCAL_OUT=/home/larryleon/Documents/GitHub/forestsearch/quarto/simulations/gbsg_020/results/declcalc0_inull_B5_res_1_2000.rds
Mem:             251          29         205           0          33         221
Swap:             19           0          19
CELL END: declcalc0_inull B5 rc=0 wall=399s
chunk 1/4 done: 500 reps, elapsed 98s, fail 0 (abort 0, error 0), gate max 20
chunk 2/4 done: 1000 reps, elapsed 190s, fail 0 (abort 0, error 0), gate max 20
chunk 3/4 done: 1500 reps, elapsed 281s, fail 0 (abort 0, error 0), gate max 20
chunk 4/4 done: 2000 reps, elapsed 373s, fail 0 (abort 0, error 0), gate max 20
CELL B5 complete: 2000 rows, elapsed 375s, status table: ok 2000
FIDELITY: declared_conv (rounded, post-reduction) vs search indicator on 2000 ok reps: 0 disagree
RATES: conv 0.1110 exact 0.1040 cal05 0.0000 cal10 0.0000 ; median wall 10.19s ; median G_pre 1299
IDENTITY: 2000 reps vs results/declcal_inull_B5_res_1_2000.rds on 13 columns + 2 monotonicity checks: all identical, monotonicity holds
RATES_C0 cal05: c070 0.0285 c075 0.0100 c080 0.0040 c085 0.0010
RATES_C0 cal10: c070 0.0645 c075 0.0255 c080 0.0115 c085 0.0035
=== CELL START: declcalc0_inull B6 (null0721, hr=0.721 n=1500) Tue Sep 22 09:35:09 PM PDT 2026 ; elapsed 1201s ===
  env set:   FS_S7_WORKERS=64 FS_S7_FOCUS=effMaxSG FS_S7_NBHD=0.20 FS_S7_C1=1.0 FS_S7_C2=1.0 FS_S7_START=1 FS_S7_NSIMS=2000 FS_S7_DGM=null FS_S7_HR=0.721 FS_S7_N=1500 FS_S7_CAMPAIGN=declcalc0_inull DECLCAL_CELL=B6 DECLCAL_DGM_LABEL=null0721 DECLCAL_BCAL=500 DECLCAL_MODE=stage2 DECLCAL_CAP_S=116 DECLCAL_OUT=/home/larryleon/Documents/GitHub/forestsearch/quarto/simulations/gbsg_020/results/declcalc0_inull_B6_res_1_2000.rds
Mem:             251          29         205           0          33         221
Swap:             19           0          19
CELL END: declcalc0_inull B6 rc=0 wall=469s
chunk 1/4 done: 500 reps, elapsed 114s, fail 0 (abort 0, error 0), gate max 20
chunk 2/4 done: 1000 reps, elapsed 226s, fail 0 (abort 0, error 0), gate max 20
chunk 3/4 done: 1500 reps, elapsed 333s, fail 0 (abort 0, error 0), gate max 20
chunk 4/4 done: 2000 reps, elapsed 443s, fail 0 (abort 0, error 0), gate max 20
CELL B6 complete: 2000 rows, elapsed 445s, status table: ok 2000
FIDELITY: declared_conv (rounded, post-reduction) vs search indicator on 2000 ok reps: 0 disagree
RATES: conv 0.0325 exact 0.0300 cal05 0.0000 cal10 0.0000 ; median wall 12.30s ; median G_pre 1297
IDENTITY: 2000 reps vs results/declcal_inull_B6_res_1_2000.rds on 13 columns + 2 monotonicity checks: all identical, monotonicity holds
RATES_C0 cal05: c070 0.0210 c075 0.0065 c080 0.0020 c085 0.0010
RATES_C0 cal10: c070 0.0525 c075 0.0155 c080 0.0035 c085 0.0020
  committed 02852113: data(sims): add declcalc0 campaign payloads -- block declcalc0_inull
=== BLOCK START: declcalc0_power (resume/declcalc0_power.cells) Tue Sep 22 09:42:58 PM PDT 2026 ; elapsed 1670s ===
=== CELL START: declcalc0_power C1 (alt_h150, hr=1.5 n=1000) Tue Sep 22 09:42:58 PM PDT 2026 ; elapsed 1670s ===
  env set:   FS_S7_WORKERS=64 FS_S7_FOCUS=effMaxSG FS_S7_NBHD=0.20 FS_S7_C1=1.0 FS_S7_C2=1.0 FS_S7_START=1 FS_S7_NSIMS=2000 FS_S7_DGM=alt FS_S7_HR=1.5 FS_S7_N=1000 FS_S7_CAMPAIGN=declcalc0_power DECLCAL_CELL=C1 DECLCAL_DGM_LABEL=alt_h150 DECLCAL_BCAL=500 DECLCAL_MODE=stage2 DECLCAL_CAP_S=116 DECLCAL_OUT=/home/larryleon/Documents/GitHub/forestsearch/quarto/simulations/gbsg_020/results/declcalc0_power_C1_res_1_2000.rds
Mem:             251          29         205           0          33         221
Swap:             19           0          19
CELL END: declcalc0_power C1 rc=0 wall=399s
chunk 1/4 done: 500 reps, elapsed 101s, fail 0 (abort 0, error 0), gate max 20
chunk 2/4 done: 1000 reps, elapsed 198s, fail 0 (abort 0, error 0), gate max 20
chunk 3/4 done: 1500 reps, elapsed 295s, fail 0 (abort 0, error 0), gate max 20
chunk 4/4 done: 2000 reps, elapsed 392s, fail 0 (abort 0, error 0), gate max 20
CELL C1 complete: 2000 rows, elapsed 393s, status table: ok 2000
FIDELITY: declared_conv (rounded, post-reduction) vs search indicator on 2000 ok reps: 0 disagree
RATES: conv 0.6985 exact 0.6885 cal05 0.0495 cal10 0.0825 ; median wall 10.66s ; median G_pre 1299
IDENTITY: 2000 reps vs results/declcal_power_C1_res_1_2000.rds on 13 columns + 2 monotonicity checks: all identical, monotonicity holds
RATES_C0 cal05: c070 0.5025 c075 0.3730 c080 0.2705 c085 0.1880
RATES_C0 cal10: c070 0.6165 c075 0.5010 c080 0.3695 c085 0.2650
=== CELL START: declcalc0_power C2 (alt_h150, hr=1.5 n=1500) Tue Sep 22 09:49:37 PM PDT 2026 ; elapsed 2069s ===
  env set:   FS_S7_WORKERS=64 FS_S7_FOCUS=effMaxSG FS_S7_NBHD=0.20 FS_S7_C1=1.0 FS_S7_C2=1.0 FS_S7_START=1 FS_S7_NSIMS=2000 FS_S7_DGM=alt FS_S7_HR=1.5 FS_S7_N=1500 FS_S7_CAMPAIGN=declcalc0_power DECLCAL_CELL=C2 DECLCAL_DGM_LABEL=alt_h150 DECLCAL_BCAL=500 DECLCAL_MODE=stage2 DECLCAL_CAP_S=116 DECLCAL_OUT=/home/larryleon/Documents/GitHub/forestsearch/quarto/simulations/gbsg_020/results/declcalc0_power_C2_res_1_2000.rds
Mem:             251          30         205           0          33         221
Swap:             19           0          19
CELL END: declcalc0_power C2 rc=0 wall=468s
chunk 1/4 done: 500 reps, elapsed 118s, fail 0 (abort 0, error 0), gate max 20
chunk 2/4 done: 1000 reps, elapsed 233s, fail 0 (abort 0, error 0), gate max 20
chunk 3/4 done: 1500 reps, elapsed 346s, fail 0 (abort 0, error 0), gate max 20
chunk 4/4 done: 2000 reps, elapsed 460s, fail 0 (abort 0, error 0), gate max 20
CELL C2 complete: 2000 rows, elapsed 461s, status table: ok 2000
FIDELITY: declared_conv (rounded, post-reduction) vs search indicator on 2000 ok reps: 0 disagree
RATES: conv 0.7905 exact 0.7855 cal05 0.0935 cal10 0.1445 ; median wall 12.92s ; median G_pre 1297
IDENTITY: 2000 reps vs results/declcal_power_C2_res_1_2000.rds on 13 columns + 2 monotonicity checks: all identical, monotonicity holds
RATES_C0 cal05: c070 0.7470 c075 0.6200 c080 0.4910 c085 0.3625
RATES_C0 cal10: c070 0.8235 c075 0.7225 c080 0.5985 c085 0.4585
=== CELL START: declcalc0_power C3 (alt_h200, hr=2.0 n=1000) Tue Sep 22 09:57:25 PM PDT 2026 ; elapsed 2537s ===
  env set:   FS_S7_WORKERS=64 FS_S7_FOCUS=effMaxSG FS_S7_NBHD=0.20 FS_S7_C1=1.0 FS_S7_C2=1.0 FS_S7_START=1 FS_S7_NSIMS=2000 FS_S7_DGM=alt FS_S7_HR=2.0 FS_S7_N=1000 FS_S7_CAMPAIGN=declcalc0_power DECLCAL_CELL=C3 DECLCAL_DGM_LABEL=alt_h200 DECLCAL_BCAL=500 DECLCAL_MODE=stage2 DECLCAL_CAP_S=116 DECLCAL_OUT=/home/larryleon/Documents/GitHub/forestsearch/quarto/simulations/gbsg_020/results/declcalc0_power_C3_res_1_2000.rds
Mem:             251          30         205           0          33         221
Swap:             19           0          19
CELL END: declcalc0_power C3 rc=0 wall=424s
chunk 1/4 done: 500 reps, elapsed 106s, fail 0 (abort 0, error 0), gate max 20
chunk 2/4 done: 1000 reps, elapsed 207s, fail 0 (abort 0, error 0), gate max 20
chunk 3/4 done: 1500 reps, elapsed 309s, fail 0 (abort 0, error 0), gate max 20
chunk 4/4 done: 2000 reps, elapsed 414s, fail 0 (abort 0, error 0), gate max 20
CELL C3 complete: 2000 rows, elapsed 415s, status table: ok 2000
FIDELITY: declared_conv (rounded, post-reduction) vs search indicator on 2000 ok reps: 0 disagree
RATES: conv 0.9635 exact 0.9610 cal05 0.3550 cal10 0.4475 ; median wall 11.24s ; median G_pre 1299
IDENTITY: 2000 reps vs results/declcal_power_C3_res_1_2000.rds on 13 columns + 2 monotonicity checks: all identical, monotonicity holds
RATES_C0 cal05: c070 0.8960 c075 0.8340 c080 0.7530 c085 0.6760
RATES_C0 cal10: c070 0.9425 c075 0.8960 c080 0.8330 c085 0.7555
=== CELL START: declcalc0_power C4 (alt_h200, hr=2.0 n=1500) Tue Sep 22 10:04:29 PM PDT 2026 ; elapsed 2961s ===
  env set:   FS_S7_WORKERS=64 FS_S7_FOCUS=effMaxSG FS_S7_NBHD=0.20 FS_S7_C1=1.0 FS_S7_C2=1.0 FS_S7_START=1 FS_S7_NSIMS=2000 FS_S7_DGM=alt FS_S7_HR=2.0 FS_S7_N=1500 FS_S7_CAMPAIGN=declcalc0_power DECLCAL_CELL=C4 DECLCAL_DGM_LABEL=alt_h200 DECLCAL_BCAL=500 DECLCAL_MODE=stage2 DECLCAL_CAP_S=116 DECLCAL_OUT=/home/larryleon/Documents/GitHub/forestsearch/quarto/simulations/gbsg_020/results/declcalc0_power_C4_res_1_2000.rds
Mem:             251          30         205           0          33         221
Swap:             19           0          19
CELL END: declcalc0_power C4 rc=0 wall=493s
chunk 1/4 done: 500 reps, elapsed 124s, fail 0 (abort 0, error 0), gate max 20
chunk 2/4 done: 1000 reps, elapsed 245s, fail 0 (abort 0, error 0), gate max 20
chunk 3/4 done: 1500 reps, elapsed 366s, fail 0 (abort 0, error 0), gate max 20
chunk 4/4 done: 2000 reps, elapsed 484s, fail 0 (abort 0, error 0), gate max 20
CELL C4 complete: 2000 rows, elapsed 485s, status table: ok 2000
FIDELITY: declared_conv (rounded, post-reduction) vs search indicator on 2000 ok reps: 0 disagree
RATES: conv 0.9880 exact 0.9880 cal05 0.6410 cal10 0.7255 ; median wall 13.51s ; median G_pre 1297
IDENTITY: 2000 reps vs results/declcal_power_C4_res_1_2000.rds on 13 columns + 2 monotonicity checks: all identical, monotonicity holds
RATES_C0 cal05: c070 0.9830 c075 0.9660 c080 0.9275 c085 0.8820
RATES_C0 cal10: c070 0.9915 c075 0.9820 c080 0.9635 c085 0.9210
  committed 8a44bee3: data(sims): add declcalc0 campaign payloads -- block declcalc0_power
DECLCALC0 COMPLETE Tue Sep 22 10:12:42 PM PDT 2026 total_wall=3454s ; completed 8 cells: declcalc0_inull:B3 declcalc0_inull:B4 declcalc0_inull:B5 declcalc0_inull:B6 declcalc0_power:C1 declcalc0_power:C2 declcalc0_power:C3 declcalc0_power:C4 ; failed 0: none
