declcal cell C3 (alt_h200): dgm=alt hr=2.000 n=1000 c1=1.00 c2=1.00 p*=0.90 focus=effMaxSG nbhd=0.20 B_cal=500 mode=stage2 cap=116.0s workers=64 reps 1-2000 floors=nmin100_d010_d110
Warning messages:
1: In coxph.fit(X, Y, istrat, offset, init, control, weights = weights,  :
  Loglik converged before variable  1 ; coefficient may be infinite. 
2: In coxph.fit(X, Y, istrat, offset, init, control, weights = weights,  :
  Loglik converged before variable  1 ; coefficient may be infinite. 
3: In coxph.fit(X, Y, istrat, offset, init, control, weights = weights,  :
  Loglik converged before variable  1 ; coefficient may be infinite. 
4: In coxph.fit(X, Y, istrat, offset, init, control, weights = weights,  :
  Loglik converged before variable  1 ; coefficient may be infinite. 
5: In coxph.fit(X, Y, istrat, offset, init, control, weights = weights,  :
  Loglik converged before variable  1 ; coefficient may be infinite. 
6: In coxph.fit(X, Y, istrat, offset, init, control, weights = weights,  :
  Loglik converged before variable  1 ; coefficient may be infinite. 
DGM: alt ; super-population prevalence 0.1242 ; k_inter 1.49466 ; k_treat 1.000e+00 ; hr_causal 0.7147123224
          used  (Mb) gc trigger  (Mb) max used  (Mb)
Ncells 2313348 123.6    4326972 231.1  3000694 160.3
Vcells 7394680  56.5   27222254 207.7 27155910 207.2
chunk 1/4 done: 500 reps, elapsed 106s, fail 0 (abort 0, error 0), gate max 20
chunk 2/4 done: 1000 reps, elapsed 207s, fail 0 (abort 0, error 0), gate max 20
chunk 3/4 done: 1500 reps, elapsed 309s, fail 0 (abort 0, error 0), gate max 20
chunk 4/4 done: 2000 reps, elapsed 414s, fail 0 (abort 0, error 0), gate max 20
CELL C3 complete: 2000 rows, elapsed 415s, status table: ok 2000
FIDELITY: declared_conv (rounded, post-reduction) vs search indicator on 2000 ok reps: 0 disagree
RATES: conv 0.9635 exact 0.9610 cal05 0.3550 cal10 0.4475 ; median wall 11.24s ; median G_pre 1299
IDENTITY: 2000 reps vs results/declcal_power_C3_res_1_2000.rds on 13 columns + 2 monotonicity checks: all identical, monotonicity holds
RATES_C0 cal05: c070 0.8960 c075 0.8340 c080 0.7530 c085 0.6760
RATES_C0 cal10: c070 0.9425 c075 0.8960 c080 0.8330 c085 0.7555
