declcal cell C3 (alt_h200): dgm=alt hr=2.000 n=1000 c1=1.00 c2=1.00 p*=0.90 focus=effMaxSG nbhd=0.20 B_cal=500 mode=stage2 cap=237.0s workers=64 reps 1-2000 floors=nmin100_d010_d110
Warning messages:
1: In coxph.fit(X, Y, istrat, offset, init, control, weights = weights,  :
  Loglik converged before variable  1 ; coefficient may be infinite. 
2: In coxph.fit(X, Y, istrat, offset, init, control, weights = weights,  :
  Loglik converged before variable  1 ; coefficient may be infinite. 
3: In coxph.fit(X, Y, istrat, offset, init, control, weights = weights,  :
  Loglik converged before variable  1 ; coefficient may be infinite. 
4: In coxph.fit(X, Y, istrat, offset, init, control, weights = weights,  :
  Loglik converged before variable  1 ; coefficient may be infinite. 
5: In coxph.fit(X, Y, istrat, offset, init, control, weights = weights,  :
  Loglik converged before variable  1 ; coefficient may be infinite. 
6: In coxph.fit(X, Y, istrat, offset, init, control, weights = weights,  :
  Loglik converged before variable  1 ; coefficient may be infinite. 
DGM: alt ; super-population prevalence 0.1242 ; k_inter 1.49466 ; k_treat 1.000e+00 ; hr_causal 0.7147123224
          used  (Mb) gc trigger  (Mb) max used  (Mb)
Ncells 2312510 123.6    4326792 231.1  3000694 160.3
Vcells 7393582  56.5   27222221 207.7 27155888 207.2
chunk 1/4 done: 500 reps, elapsed 105s, fail 0 (abort 0, error 0), gate max 20
chunk 2/4 done: 1000 reps, elapsed 206s, fail 0 (abort 0, error 0), gate max 20
chunk 3/4 done: 1500 reps, elapsed 306s, fail 0 (abort 0, error 0), gate max 20
chunk 4/4 done: 2000 reps, elapsed 408s, fail 0 (abort 0, error 0), gate max 20
CELL C3 complete: 2000 rows, elapsed 409s, status table: ok 2000
FIDELITY: declared_conv (rounded, post-reduction) vs search indicator on 2000 ok reps: 0 disagree
RATES: conv 0.9635 exact 0.9610 cal05 0.3550 cal10 0.4475 ; median wall 11.09s ; median G_pre 1299
