=== DECLCALC0 START Tue Sep 22 07:35:17 PM PDT 2026 ; mode stage2 ; B_cal 500 ; reps 2000 ; per-rep cap 116s ; campaign hard cap 6300s ; watchdog pid 3445019 ; dry=0 ; blocks: declcalc0_inull.cells declcalc0_power.cells ===
  host pop-os ; 64 physical cores ; 251 GB ; R 4.6.1 ; forestsearch 0.3.5.9000 R 4.6.1; ; 2026-09-23 02:32:08 UTC; unix ; git dbc14acb ; workers requested 64
=== BLOCK START: declcalc0_inull (declcalc0_inull.cells) Tue Sep 22 07:35:18 PM PDT 2026 ; elapsed 1s ===
=== CELL START: declcalc0_inull B1 (null0657, hr=0.657 n=500) Tue Sep 22 07:35:18 PM PDT 2026 ; elapsed 1s ===
  env set:   FS_S7_WORKERS=64 FS_S7_FOCUS=effMaxSG FS_S7_NBHD=0.20 FS_S7_C1=1.0 FS_S7_C2=1.0 FS_S7_START=1 FS_S7_NSIMS=2000 FS_S7_DGM=null FS_S7_HR=0.657 FS_S7_N=500 FS_S7_CAMPAIGN=declcalc0_inull DECLCAL_CELL=B1 DECLCAL_DGM_LABEL=null0657 DECLCAL_BCAL=500 DECLCAL_MODE=stage2 DECLCAL_CAP_S=116 DECLCAL_OUT=/home/larryleon/Documents/GitHub/forestsearch/quarto/simulations/gbsg_020/results/declcalc0_inull_B1_res_1_2000.rds
Mem:             251          28         207           0          31         222
Swap:             19           0          19
CELL END: declcalc0_inull B1 rc=0 wall=322s
chunk 1/4 done: 500 reps, elapsed 74s, fail 0 (abort 0, error 0), gate max 20
chunk 2/4 done: 1000 reps, elapsed 146s, fail 0 (abort 0, error 0), gate max 20
chunk 3/4 done: 1500 reps, elapsed 217s, fail 0 (abort 0, error 0), gate max 20
chunk 4/4 done: 2000 reps, elapsed 287s, fail 0 (abort 0, error 0), gate max 20
CELL B1 complete: 2000 rows, elapsed 288s, status table: ok 2000
FIDELITY: declared_conv (rounded, post-reduction) vs search indicator on 2000 ok reps: 0 disagree
RATES: conv 0.0950 exact 0.0905 cal05 0.0005 cal10 0.0005 ; median wall 7.59s ; median G_pre 1223
IDENTITY: 2000 reps vs results/declcal_inull_B1_res_1_2000.rds on 13 columns + 2 monotonicity checks: all identical, monotonicity holds
RATES_C0 cal05: c070 0.0080 c075 0.0035 c080 0.0010 c085 0.0005
RATES_C0 cal10: c070 0.0240 c075 0.0095 c080 0.0035 c085 0.0015
=== CELL START: declcalc0_inull B2 (null0657, hr=0.657 n=1000) Tue Sep 22 07:40:40 PM PDT 2026 ; elapsed 323s ===
  env set:   FS_S7_WORKERS=64 FS_S7_FOCUS=effMaxSG FS_S7_NBHD=0.20 FS_S7_C1=1.0 FS_S7_C2=1.0 FS_S7_START=1 FS_S7_NSIMS=2000 FS_S7_DGM=null FS_S7_HR=0.657 FS_S7_N=1000 FS_S7_CAMPAIGN=declcalc0_inull DECLCAL_CELL=B2 DECLCAL_DGM_LABEL=null0657 DECLCAL_BCAL=500 DECLCAL_MODE=stage2 DECLCAL_CAP_S=116 DECLCAL_OUT=/home/larryleon/Documents/GitHub/forestsearch/quarto/simulations/gbsg_020/results/declcalc0_inull_B2_res_1_2000.rds
Mem:             251          29         205           0          33         221
Swap:             19           0          19
CELL END: declcalc0_inull B2 rc=0 wall=394s
chunk 1/4 done: 500 reps, elapsed 93s, fail 0 (abort 0, error 0), gate max 20
chunk 2/4 done: 1000 reps, elapsed 183s, fail 0 (abort 0, error 0), gate max 20
chunk 3/4 done: 1500 reps, elapsed 272s, fail 0 (abort 0, error 0), gate max 20
chunk 4/4 done: 2000 reps, elapsed 362s, fail 0 (abort 0, error 0), gate max 20
CELL B2 complete: 2000 rows, elapsed 364s, status table: ok 2000
FIDELITY: declared_conv (rounded, post-reduction) vs search indicator on 2000 ok reps: 0 disagree
RATES: conv 0.0325 exact 0.0315 cal05 0.0000 cal10 0.0000 ; median wall 9.97s ; median G_pre 1299
IDENTITY: 2000 reps vs results/declcal_inull_B2_res_1_2000.rds on 13 columns + 2 monotonicity checks: all identical, monotonicity holds
RATES_C0 cal05: c070 0.0065 c075 0.0020 c080 0.0005 c085 0.0005
RATES_C0 cal10: c070 0.0170 c075 0.0075 c080 0.0025 c085 0.0005
=== CELL START: declcalc0_inull B3 (null0657, hr=0.657 n=1500) Tue Sep 22 07:47:15 PM PDT 2026 ; elapsed 718s ===
  env set:   FS_S7_WORKERS=64 FS_S7_FOCUS=effMaxSG FS_S7_NBHD=0.20 FS_S7_C1=1.0 FS_S7_C2=1.0 FS_S7_START=1 FS_S7_NSIMS=2000 FS_S7_DGM=null FS_S7_HR=0.657 FS_S7_N=1500 FS_S7_CAMPAIGN=declcalc0_inull DECLCAL_CELL=B3 DECLCAL_DGM_LABEL=null0657 DECLCAL_BCAL=500 DECLCAL_MODE=stage2 DECLCAL_CAP_S=116 DECLCAL_OUT=/home/larryleon/Documents/GitHub/forestsearch/quarto/simulations/gbsg_020/results/declcalc0_inull_B3_res_1_2000.rds
Mem:             251          29         205           0          33         221
Swap:             19           0          19
