declcal cell C2 (alt_h150): dgm=alt hr=1.500 n=1500 c1=1.00 c2=1.00 p*=0.90 focus=effMaxSG nbhd=0.20 B_cal=500 mode=stage2 cap=116.0s workers=64 reps 1-2000 floors=nmin150_d010_d110
Warning messages:
1: In coxph.fit(X, Y, istrat, offset, init, control, weights = weights,  :
  Loglik converged before variable  1 ; coefficient may be infinite. 
2: In coxph.fit(X, Y, istrat, offset, init, control, weights = weights,  :
  Loglik converged before variable  1 ; coefficient may be infinite. 
3: In coxph.fit(X, Y, istrat, offset, init, control, weights = weights,  :
  Loglik converged before variable  1 ; coefficient may be infinite. 
4: In coxph.fit(X, Y, istrat, offset, init, control, weights = weights,  :
  Loglik converged before variable  1 ; coefficient may be infinite. 
5: In coxph.fit(X, Y, istrat, offset, init, control, weights = weights,  :
  Loglik converged before variable  1 ; coefficient may be infinite. 
6: In coxph.fit(X, Y, istrat, offset, init, control, weights = weights,  :
  Loglik converged before variable  1 ; coefficient may be infinite. 
DGM: alt ; super-population prevalence 0.1242 ; k_inter 1.11155 ; k_treat 1.000e+00 ; hr_causal 0.7041448404
          used  (Mb) gc trigger  (Mb) max used  (Mb)
Ncells 2313348 123.6    4326972 231.1  3000694 160.3
Vcells 7394680  56.5   26546001 202.6 26506220 202.3
chunk 1/4 done: 500 reps, elapsed 118s, fail 0 (abort 0, error 0), gate max 20
chunk 2/4 done: 1000 reps, elapsed 233s, fail 0 (abort 0, error 0), gate max 20
chunk 3/4 done: 1500 reps, elapsed 346s, fail 0 (abort 0, error 0), gate max 20
chunk 4/4 done: 2000 reps, elapsed 460s, fail 0 (abort 0, error 0), gate max 20
CELL C2 complete: 2000 rows, elapsed 461s, status table: ok 2000
FIDELITY: declared_conv (rounded, post-reduction) vs search indicator on 2000 ok reps: 0 disagree
RATES: conv 0.7905 exact 0.7855 cal05 0.0935 cal10 0.1445 ; median wall 12.92s ; median G_pre 1297
IDENTITY: 2000 reps vs results/declcal_power_C2_res_1_2000.rds on 13 columns + 2 monotonicity checks: all identical, monotonicity holds
RATES_C0 cal05: c070 0.7470 c075 0.6200 c080 0.4910 c085 0.3625
RATES_C0 cal10: c070 0.8235 c075 0.7225 c080 0.5985 c085 0.4585
