=== DECLCAL START Tue Sep 22 12:46:11 PM PDT 2026 ; mode stage2 ; B_cal 500 ; reps 2000 ; per-rep cap 237s ; campaign hard cap 14442s ; watchdog pid 3257568 ; dry=0 ; blocks: declcal_bnull.cells declcal_inull.cells declcal_power.cells ===
  host pop-os ; 64 physical cores ; 251 GB ; R 4.6.1 ; forestsearch 0.3.5.9000 R 4.6.1; ; 2026-09-22 19:31:24 UTC; unix ; git f9cb7e0f ; workers requested 64
=== BLOCK START: declcal_bnull (declcal_bnull.cells) Tue Sep 22 12:46:11 PM PDT 2026 ; elapsed 0s ===
=== CELL START: declcal_bnull A1 (null1000, hr=1.0 n=500) Tue Sep 22 12:46:11 PM PDT 2026 ; elapsed 0s ===
  env set:   FS_S7_WORKERS=64 FS_S7_FOCUS=effMaxSG FS_S7_NBHD=0.20 FS_S7_C1=1.0 FS_S7_C2=1.0 FS_S7_START=1 FS_S7_NSIMS=2000 FS_S7_DGM=null FS_S7_HR=1.0 FS_S7_N=500 FS_S7_CAMPAIGN=declcal_bnull DECLCAL_CELL=A1 DECLCAL_DGM_LABEL=null1000 DECLCAL_BCAL=500 DECLCAL_MODE=stage2 DECLCAL_CAP_S=237 DECLCAL_OUT=/home/larryleon/Documents/GitHub/forestsearch/quarto/simulations/gbsg_020/results/declcal_bnull_A1_res_1_2000.rds
Mem:             251          27         214           0          25         223
Swap:             19           0          19
CELL END: declcal_bnull A1 rc=0 wall=496s
chunk 1/4 done: 500 reps, elapsed 123s, fail 0 (abort 0, error 0), gate max 20
chunk 2/4 done: 1000 reps, elapsed 246s, fail 0 (abort 0, error 0), gate max 20
chunk 3/4 done: 1500 reps, elapsed 367s, fail 0 (abort 0, error 0), gate max 20
chunk 4/4 done: 2000 reps, elapsed 487s, fail 0 (abort 0, error 0), gate max 20
CELL A1 complete: 2000 rows, elapsed 488s, status table: ok 2000
FIDELITY: declared_conv (rounded, post-reduction) vs search indicator on 2000 ok reps: 0 disagree
RATES: conv 0.9245 exact 0.9170 cal05 0.0475 cal10 0.1050 ; median wall 12.85s ; median G_pre 1223
=== CELL START: declcal_bnull A2 (null1000, hr=1.0 n=1000) Tue Sep 22 12:54:27 PM PDT 2026 ; elapsed 496s ===
  env set:   FS_S7_WORKERS=64 FS_S7_FOCUS=effMaxSG FS_S7_NBHD=0.20 FS_S7_C1=1.0 FS_S7_C2=1.0 FS_S7_START=1 FS_S7_NSIMS=2000 FS_S7_DGM=null FS_S7_HR=1.0 FS_S7_N=1000 FS_S7_CAMPAIGN=declcal_bnull DECLCAL_CELL=A2 DECLCAL_DGM_LABEL=null1000 DECLCAL_BCAL=500 DECLCAL_MODE=stage2 DECLCAL_CAP_S=237 DECLCAL_OUT=/home/larryleon/Documents/GitHub/forestsearch/quarto/simulations/gbsg_020/results/declcal_bnull_A2_res_1_2000.rds
Mem:             251          28         214           0          25         223
Swap:             19           0          19
CELL END: declcal_bnull A2 rc=0 wall=634s
chunk 1/4 done: 500 reps, elapsed 162s, fail 0 (abort 0, error 0), gate max 20
chunk 2/4 done: 1000 reps, elapsed 316s, fail 0 (abort 0, error 0), gate max 20
chunk 3/4 done: 1500 reps, elapsed 473s, fail 0 (abort 0, error 0), gate max 20
chunk 4/4 done: 2000 reps, elapsed 625s, fail 0 (abort 0, error 0), gate max 20
CELL A2 complete: 2000 rows, elapsed 626s, status table: ok 2000
FIDELITY: declared_conv (rounded, post-reduction) vs search indicator on 2000 ok reps: 0 disagree
RATES: conv 0.9460 exact 0.9405 cal05 0.0490 cal10 0.0950 ; median wall 16.81s ; median G_pre 1299
=== CELL START: declcal_bnull A3 (null1000, hr=1.0 n=1500) Tue Sep 22 01:05:01 PM PDT 2026 ; elapsed 1130s ===
  env set:   FS_S7_WORKERS=64 FS_S7_FOCUS=effMaxSG FS_S7_NBHD=0.20 FS_S7_C1=1.0 FS_S7_C2=1.0 FS_S7_START=1 FS_S7_NSIMS=2000 FS_S7_DGM=null FS_S7_HR=1.0 FS_S7_N=1500 FS_S7_CAMPAIGN=declcal_bnull DECLCAL_CELL=A3 DECLCAL_DGM_LABEL=null1000 DECLCAL_BCAL=500 DECLCAL_MODE=stage2 DECLCAL_CAP_S=237 DECLCAL_OUT=/home/larryleon/Documents/GitHub/forestsearch/quarto/simulations/gbsg_020/results/declcal_bnull_A3_res_1_2000.rds
Mem:             251          28         214           0          25         223
Swap:             19           0          19
CELL END: declcal_bnull A3 rc=0 wall=732s
chunk 1/4 done: 500 reps, elapsed 184s, fail 0 (abort 0, error 0), gate max 20
chunk 2/4 done: 1000 reps, elapsed 368s, fail 0 (abort 0, error 0), gate max 20
chunk 3/4 done: 1500 reps, elapsed 544s, fail 0 (abort 0, error 0), gate max 20
chunk 4/4 done: 2000 reps, elapsed 723s, fail 0 (abort 0, error 0), gate max 20
CELL A3 complete: 2000 rows, elapsed 724s, status table: ok 2000
FIDELITY: declared_conv (rounded, post-reduction) vs search indicator on 2000 ok reps: 0 disagree
RATES: conv 0.9470 exact 0.9410 cal05 0.0430 cal10 0.0840 ; median wall 19.81s ; median G_pre 1297
  committed 685a356a: data(sims): add declcal campaign payloads -- block declcal_bnull
=== BLOCK START: declcal_inull (declcal_inull.cells) Tue Sep 22 01:17:13 PM PDT 2026 ; elapsed 1862s ===
=== CELL START: declcal_inull B1 (null0657, hr=0.657 n=500) Tue Sep 22 01:17:13 PM PDT 2026 ; elapsed 1862s ===
  env set:   FS_S7_WORKERS=64 FS_S7_FOCUS=effMaxSG FS_S7_NBHD=0.20 FS_S7_C1=1.0 FS_S7_C2=1.0 FS_S7_START=1 FS_S7_NSIMS=2000 FS_S7_DGM=null FS_S7_HR=0.657 FS_S7_N=500 FS_S7_CAMPAIGN=declcal_inull DECLCAL_CELL=B1 DECLCAL_DGM_LABEL=null0657 DECLCAL_BCAL=500 DECLCAL_MODE=stage2 DECLCAL_CAP_S=237 DECLCAL_OUT=/home/larryleon/Documents/GitHub/forestsearch/quarto/simulations/gbsg_020/results/declcal_inull_B1_res_1_2000.rds
Mem:             251          28         214           0          25         223
Swap:             19           0          19
CELL END: declcal_inull B1 rc=0 wall=319s
chunk 1/4 done: 500 reps, elapsed 73s, fail 0 (abort 0, error 0), gate max 20
chunk 2/4 done: 1000 reps, elapsed 144s, fail 0 (abort 0, error 0), gate max 20
chunk 3/4 done: 1500 reps, elapsed 216s, fail 0 (abort 0, error 0), gate max 20
chunk 4/4 done: 2000 reps, elapsed 287s, fail 0 (abort 0, error 0), gate max 20
CELL B1 complete: 2000 rows, elapsed 288s, status table: ok 2000
FIDELITY: declared_conv (rounded, post-reduction) vs search indicator on 2000 ok reps: 0 disagree
RATES: conv 0.0950 exact 0.0905 cal05 0.0005 cal10 0.0005 ; median wall 7.48s ; median G_pre 1223
=== CELL START: declcal_inull B2 (null0657, hr=0.657 n=1000) Tue Sep 22 01:22:32 PM PDT 2026 ; elapsed 2181s ===
  env set:   FS_S7_WORKERS=64 FS_S7_FOCUS=effMaxSG FS_S7_NBHD=0.20 FS_S7_C1=1.0 FS_S7_C2=1.0 FS_S7_START=1 FS_S7_NSIMS=2000 FS_S7_DGM=null FS_S7_HR=0.657 FS_S7_N=1000 FS_S7_CAMPAIGN=declcal_inull DECLCAL_CELL=B2 DECLCAL_DGM_LABEL=null0657 DECLCAL_BCAL=500 DECLCAL_MODE=stage2 DECLCAL_CAP_S=237 DECLCAL_OUT=/home/larryleon/Documents/GitHub/forestsearch/quarto/simulations/gbsg_020/results/declcal_inull_B2_res_1_2000.rds
Mem:             251          28         214           0          25         223
Swap:             19           0          19
CELL END: declcal_inull B2 rc=0 wall=388s
chunk 1/4 done: 500 reps, elapsed 93s, fail 0 (abort 0, error 0), gate max 20
chunk 2/4 done: 1000 reps, elapsed 181s, fail 0 (abort 0, error 0), gate max 20
chunk 3/4 done: 1500 reps, elapsed 269s, fail 0 (abort 0, error 0), gate max 20
chunk 4/4 done: 2000 reps, elapsed 357s, fail 0 (abort 0, error 0), gate max 20
CELL B2 complete: 2000 rows, elapsed 358s, status table: ok 2000
FIDELITY: declared_conv (rounded, post-reduction) vs search indicator on 2000 ok reps: 0 disagree
RATES: conv 0.0325 exact 0.0315 cal05 0.0000 cal10 0.0000 ; median wall 9.90s ; median G_pre 1299
=== CELL START: declcal_inull B3 (null0657, hr=0.657 n=1500) Tue Sep 22 01:29:01 PM PDT 2026 ; elapsed 2570s ===
  env set:   FS_S7_WORKERS=64 FS_S7_FOCUS=effMaxSG FS_S7_NBHD=0.20 FS_S7_C1=1.0 FS_S7_C2=1.0 FS_S7_START=1 FS_S7_NSIMS=2000 FS_S7_DGM=null FS_S7_HR=0.657 FS_S7_N=1500 FS_S7_CAMPAIGN=declcal_inull DECLCAL_CELL=B3 DECLCAL_DGM_LABEL=null0657 DECLCAL_BCAL=500 DECLCAL_MODE=stage2 DECLCAL_CAP_S=237 DECLCAL_OUT=/home/larryleon/Documents/GitHub/forestsearch/quarto/simulations/gbsg_020/results/declcal_inull_B3_res_1_2000.rds
Mem:             251          28         214           0          25         223
Swap:             19           0          19
CELL END: declcal_inull B3 rc=0 wall=482s
chunk 1/4 done: 500 reps, elapsed 113s, fail 0 (abort 0, error 0), gate max 20
chunk 2/4 done: 1000 reps, elapsed 228s, fail 0 (abort 0, error 0), gate max 20
chunk 3/4 done: 1500 reps, elapsed 339s, fail 0 (abort 0, error 0), gate max 20
chunk 4/4 done: 2000 reps, elapsed 451s, fail 0 (abort 0, error 0), gate max 20
CELL B3 complete: 2000 rows, elapsed 452s, status table: ok 2000
FIDELITY: declared_conv (rounded, post-reduction) vs search indicator on 2000 ok reps: 0 disagree
RATES: conv 0.0070 exact 0.0065 cal05 0.0000 cal10 0.0000 ; median wall 12.27s ; median G_pre 1297
=== CELL START: declcal_inull B4 (null0721, hr=0.721 n=500) Tue Sep 22 01:37:03 PM PDT 2026 ; elapsed 3052s ===
  env set:   FS_S7_WORKERS=64 FS_S7_FOCUS=effMaxSG FS_S7_NBHD=0.20 FS_S7_C1=1.0 FS_S7_C2=1.0 FS_S7_START=1 FS_S7_NSIMS=2000 FS_S7_DGM=null FS_S7_HR=0.721 FS_S7_N=500 FS_S7_CAMPAIGN=declcal_inull DECLCAL_CELL=B4 DECLCAL_DGM_LABEL=null0721 DECLCAL_BCAL=500 DECLCAL_MODE=stage2 DECLCAL_CAP_S=237 DECLCAL_OUT=/home/larryleon/Documents/GitHub/forestsearch/quarto/simulations/gbsg_020/results/declcal_inull_B4_res_1_2000.rds
Mem:             251          28         214           0          25         223
Swap:             19           0          19
CELL END: declcal_inull B4 rc=0 wall=326s
chunk 1/4 done: 500 reps, elapsed 76s, fail 0 (abort 0, error 0), gate max 20
chunk 2/4 done: 1000 reps, elapsed 152s, fail 0 (abort 0, error 0), gate max 20
chunk 3/4 done: 1500 reps, elapsed 227s, fail 0 (abort 0, error 0), gate max 20
chunk 4/4 done: 2000 reps, elapsed 301s, fail 0 (abort 0, error 0), gate max 20
CELL B4 complete: 2000 rows, elapsed 302s, status table: ok 2000
FIDELITY: declared_conv (rounded, post-reduction) vs search indicator on 2000 ok reps: 0 disagree
RATES: conv 0.2325 exact 0.2165 cal05 0.0005 cal10 0.0005 ; median wall 7.78s ; median G_pre 1223
=== CELL START: declcal_inull B5 (null0721, hr=0.721 n=1000) Tue Sep 22 01:42:29 PM PDT 2026 ; elapsed 3378s ===
  env set:   FS_S7_WORKERS=64 FS_S7_FOCUS=effMaxSG FS_S7_NBHD=0.20 FS_S7_C1=1.0 FS_S7_C2=1.0 FS_S7_START=1 FS_S7_NSIMS=2000 FS_S7_DGM=null FS_S7_HR=0.721 FS_S7_N=1000 FS_S7_CAMPAIGN=declcal_inull DECLCAL_CELL=B5 DECLCAL_DGM_LABEL=null0721 DECLCAL_BCAL=500 DECLCAL_MODE=stage2 DECLCAL_CAP_S=237 DECLCAL_OUT=/home/larryleon/Documents/GitHub/forestsearch/quarto/simulations/gbsg_020/results/declcal_inull_B5_res_1_2000.rds
Mem:             251          28         214           0          25         223
Swap:             19           0          19
CELL END: declcal_inull B5 rc=0 wall=393s
chunk 1/4 done: 500 reps, elapsed 96s, fail 0 (abort 0, error 0), gate max 20
chunk 2/4 done: 1000 reps, elapsed 185s, fail 0 (abort 0, error 0), gate max 20
chunk 3/4 done: 1500 reps, elapsed 277s, fail 0 (abort 0, error 0), gate max 20
chunk 4/4 done: 2000 reps, elapsed 368s, fail 0 (abort 0, error 0), gate max 20
CELL B5 complete: 2000 rows, elapsed 369s, status table: ok 2000
FIDELITY: declared_conv (rounded, post-reduction) vs search indicator on 2000 ok reps: 0 disagree
RATES: conv 0.1110 exact 0.1040 cal05 0.0000 cal10 0.0000 ; median wall 10.09s ; median G_pre 1299
=== CELL START: declcal_inull B6 (null0721, hr=0.721 n=1500) Tue Sep 22 01:49:02 PM PDT 2026 ; elapsed 3771s ===
  env set:   FS_S7_WORKERS=64 FS_S7_FOCUS=effMaxSG FS_S7_NBHD=0.20 FS_S7_C1=1.0 FS_S7_C2=1.0 FS_S7_START=1 FS_S7_NSIMS=2000 FS_S7_DGM=null FS_S7_HR=0.721 FS_S7_N=1500 FS_S7_CAMPAIGN=declcal_inull DECLCAL_CELL=B6 DECLCAL_DGM_LABEL=null0721 DECLCAL_BCAL=500 DECLCAL_MODE=stage2 DECLCAL_CAP_S=237 DECLCAL_OUT=/home/larryleon/Documents/GitHub/forestsearch/quarto/simulations/gbsg_020/results/declcal_inull_B6_res_1_2000.rds
Mem:             251          28         214           0          25         223
Swap:             19           0          19
CELL END: declcal_inull B6 rc=0 wall=468s
chunk 1/4 done: 500 reps, elapsed 112s, fail 0 (abort 0, error 0), gate max 20
chunk 2/4 done: 1000 reps, elapsed 226s, fail 0 (abort 0, error 0), gate max 20
chunk 3/4 done: 1500 reps, elapsed 335s, fail 0 (abort 0, error 0), gate max 20
chunk 4/4 done: 2000 reps, elapsed 443s, fail 0 (abort 0, error 0), gate max 20
CELL B6 complete: 2000 rows, elapsed 444s, status table: ok 2000
FIDELITY: declared_conv (rounded, post-reduction) vs search indicator on 2000 ok reps: 0 disagree
RATES: conv 0.0325 exact 0.0300 cal05 0.0000 cal10 0.0000 ; median wall 12.32s ; median G_pre 1297
  committed e2b661ae: data(sims): add declcal campaign payloads -- block declcal_inull
=== BLOCK START: declcal_power (declcal_power.cells) Tue Sep 22 01:56:51 PM PDT 2026 ; elapsed 4240s ===
=== CELL START: declcal_power C1 (alt_h150, hr=1.5 n=1000) Tue Sep 22 01:56:51 PM PDT 2026 ; elapsed 4240s ===
  env set:   FS_S7_WORKERS=64 FS_S7_FOCUS=effMaxSG FS_S7_NBHD=0.20 FS_S7_C1=1.0 FS_S7_C2=1.0 FS_S7_START=1 FS_S7_NSIMS=2000 FS_S7_DGM=alt FS_S7_HR=1.5 FS_S7_N=1000 FS_S7_CAMPAIGN=declcal_power DECLCAL_CELL=C1 DECLCAL_DGM_LABEL=alt_h150 DECLCAL_BCAL=500 DECLCAL_MODE=stage2 DECLCAL_CAP_S=237 DECLCAL_OUT=/home/larryleon/Documents/GitHub/forestsearch/quarto/simulations/gbsg_020/results/declcal_power_C1_res_1_2000.rds
Mem:             251          28         214           0          25         223
Swap:             19           0          19
CELL END: declcal_power C1 rc=0 wall=396s
chunk 1/4 done: 500 reps, elapsed 100s, fail 0 (abort 0, error 0), gate max 20
chunk 2/4 done: 1000 reps, elapsed 196s, fail 0 (abort 0, error 0), gate max 20
chunk 3/4 done: 1500 reps, elapsed 292s, fail 0 (abort 0, error 0), gate max 20
chunk 4/4 done: 2000 reps, elapsed 389s, fail 0 (abort 0, error 0), gate max 20
CELL C1 complete: 2000 rows, elapsed 390s, status table: ok 2000
FIDELITY: declared_conv (rounded, post-reduction) vs search indicator on 2000 ok reps: 0 disagree
RATES: conv 0.6985 exact 0.6885 cal05 0.0495 cal10 0.0825 ; median wall 10.60s ; median G_pre 1299
=== CELL START: declcal_power C2 (alt_h150, hr=1.5 n=1500) Tue Sep 22 02:03:27 PM PDT 2026 ; elapsed 4636s ===
  env set:   FS_S7_WORKERS=64 FS_S7_FOCUS=effMaxSG FS_S7_NBHD=0.20 FS_S7_C1=1.0 FS_S7_C2=1.0 FS_S7_START=1 FS_S7_NSIMS=2000 FS_S7_DGM=alt FS_S7_HR=1.5 FS_S7_N=1500 FS_S7_CAMPAIGN=declcal_power DECLCAL_CELL=C2 DECLCAL_DGM_LABEL=alt_h150 DECLCAL_BCAL=500 DECLCAL_MODE=stage2 DECLCAL_CAP_S=237 DECLCAL_OUT=/home/larryleon/Documents/GitHub/forestsearch/quarto/simulations/gbsg_020/results/declcal_power_C2_res_1_2000.rds
Mem:             251          28         214           0          25         223
Swap:             19           0          19
CELL END: declcal_power C2 rc=0 wall=468s
chunk 1/4 done: 500 reps, elapsed 118s, fail 0 (abort 0, error 0), gate max 20
chunk 2/4 done: 1000 reps, elapsed 234s, fail 0 (abort 0, error 0), gate max 20
chunk 3/4 done: 1500 reps, elapsed 348s, fail 0 (abort 0, error 0), gate max 20
chunk 4/4 done: 2000 reps, elapsed 461s, fail 0 (abort 0, error 0), gate max 20
CELL C2 complete: 2000 rows, elapsed 462s, status table: ok 2000
FIDELITY: declared_conv (rounded, post-reduction) vs search indicator on 2000 ok reps: 0 disagree
RATES: conv 0.7905 exact 0.7855 cal05 0.0935 cal10 0.1445 ; median wall 12.85s ; median G_pre 1297
=== CELL START: declcal_power C3 (alt_h200, hr=2.0 n=1000) Tue Sep 22 02:11:15 PM PDT 2026 ; elapsed 5104s ===
  env set:   FS_S7_WORKERS=64 FS_S7_FOCUS=effMaxSG FS_S7_NBHD=0.20 FS_S7_C1=1.0 FS_S7_C2=1.0 FS_S7_START=1 FS_S7_NSIMS=2000 FS_S7_DGM=alt FS_S7_HR=2.0 FS_S7_N=1000 FS_S7_CAMPAIGN=declcal_power DECLCAL_CELL=C3 DECLCAL_DGM_LABEL=alt_h200 DECLCAL_BCAL=500 DECLCAL_MODE=stage2 DECLCAL_CAP_S=237 DECLCAL_OUT=/home/larryleon/Documents/GitHub/forestsearch/quarto/simulations/gbsg_020/results/declcal_power_C3_res_1_2000.rds
Mem:             251          28         214           0          25         223
Swap:             19           0          19
CELL END: declcal_power C3 rc=0 wall=417s
chunk 1/4 done: 500 reps, elapsed 105s, fail 0 (abort 0, error 0), gate max 20
chunk 2/4 done: 1000 reps, elapsed 206s, fail 0 (abort 0, error 0), gate max 20
chunk 3/4 done: 1500 reps, elapsed 306s, fail 0 (abort 0, error 0), gate max 20
chunk 4/4 done: 2000 reps, elapsed 408s, fail 0 (abort 0, error 0), gate max 20
CELL C3 complete: 2000 rows, elapsed 409s, status table: ok 2000
FIDELITY: declared_conv (rounded, post-reduction) vs search indicator on 2000 ok reps: 0 disagree
RATES: conv 0.9635 exact 0.9610 cal05 0.3550 cal10 0.4475 ; median wall 11.09s ; median G_pre 1299
=== CELL START: declcal_power C4 (alt_h200, hr=2.0 n=1500) Tue Sep 22 02:18:12 PM PDT 2026 ; elapsed 5521s ===
  env set:   FS_S7_WORKERS=64 FS_S7_FOCUS=effMaxSG FS_S7_NBHD=0.20 FS_S7_C1=1.0 FS_S7_C2=1.0 FS_S7_START=1 FS_S7_NSIMS=2000 FS_S7_DGM=alt FS_S7_HR=2.0 FS_S7_N=1500 FS_S7_CAMPAIGN=declcal_power DECLCAL_CELL=C4 DECLCAL_DGM_LABEL=alt_h200 DECLCAL_BCAL=500 DECLCAL_MODE=stage2 DECLCAL_CAP_S=237 DECLCAL_OUT=/home/larryleon/Documents/GitHub/forestsearch/quarto/simulations/gbsg_020/results/declcal_power_C4_res_1_2000.rds
Mem:             251          28         214           0          25         223
Swap:             19           0          19
CELL END: declcal_power C4 rc=0 wall=490s
chunk 1/4 done: 500 reps, elapsed 122s, fail 0 (abort 0, error 0), gate max 20
chunk 2/4 done: 1000 reps, elapsed 243s, fail 0 (abort 0, error 0), gate max 20
chunk 3/4 done: 1500 reps, elapsed 363s, fail 0 (abort 0, error 0), gate max 20
chunk 4/4 done: 2000 reps, elapsed 481s, fail 0 (abort 0, error 0), gate max 20
CELL C4 complete: 2000 rows, elapsed 482s, status table: ok 2000
FIDELITY: declared_conv (rounded, post-reduction) vs search indicator on 2000 ok reps: 0 disagree
RATES: conv 0.9880 exact 0.9880 cal05 0.6410 cal10 0.7255 ; median wall 13.42s ; median G_pre 1297
  committed cc483058: data(sims): add declcal campaign payloads -- block declcal_power
DECLCAL COMPLETE Tue Sep 22 02:26:22 PM PDT 2026 total_wall=6011s ; completed 13 cells: declcal_bnull:A1 declcal_bnull:A2 declcal_bnull:A3 declcal_inull:B1 declcal_inull:B2 declcal_inull:B3 declcal_inull:B4 declcal_inull:B5 declcal_inull:B6 declcal_power:C1 declcal_power:C2 declcal_power:C3 declcal_power:C4 ; failed 0: none
