declcal cell C4 (alt_h200): dgm=alt hr=2.000 n=1500 c1=1.00 c2=1.00 p*=0.90 focus=effMaxSG nbhd=0.20 B_cal=500 mode=stage2 cap=116.0s workers=64 reps 1-2000 floors=nmin150_d010_d110
Warning messages:
1: In coxph.fit(X, Y, istrat, offset, init, control, weights = weights,  :
  Loglik converged before variable  1 ; coefficient may be infinite. 
2: In coxph.fit(X, Y, istrat, offset, init, control, weights = weights,  :
  Loglik converged before variable  1 ; coefficient may be infinite. 
3: In coxph.fit(X, Y, istrat, offset, init, control, weights = weights,  :
  Loglik converged before variable  1 ; coefficient may be infinite. 
4: In coxph.fit(X, Y, istrat, offset, init, control, weights = weights,  :
  Loglik converged before variable  1 ; coefficient may be infinite. 
5: In coxph.fit(X, Y, istrat, offset, init, control, weights = weights,  :
  Loglik converged before variable  1 ; coefficient may be infinite. 
6: In coxph.fit(X, Y, istrat, offset, init, control, weights = weights,  :
  Loglik converged before variable  1 ; coefficient may be infinite. 
DGM: alt ; super-population prevalence 0.1242 ; k_inter 1.49466 ; k_treat 1.000e+00 ; hr_causal 0.7147123224
          used  (Mb) gc trigger  (Mb) max used  (Mb)
Ncells 2313348 123.6    4326945 231.1  3000757 160.3
Vcells 7394680  56.5   27222254 207.7 27155910 207.2
chunk 1/4 done: 500 reps, elapsed 124s, fail 0 (abort 0, error 0), gate max 20
chunk 2/4 done: 1000 reps, elapsed 245s, fail 0 (abort 0, error 0), gate max 20
chunk 3/4 done: 1500 reps, elapsed 366s, fail 0 (abort 0, error 0), gate max 20
chunk 4/4 done: 2000 reps, elapsed 484s, fail 0 (abort 0, error 0), gate max 20
CELL C4 complete: 2000 rows, elapsed 485s, status table: ok 2000
FIDELITY: declared_conv (rounded, post-reduction) vs search indicator on 2000 ok reps: 0 disagree
RATES: conv 0.9880 exact 0.9880 cal05 0.6410 cal10 0.7255 ; median wall 13.51s ; median G_pre 1297
IDENTITY: 2000 reps vs results/declcal_power_C4_res_1_2000.rds on 13 columns + 2 monotonicity checks: all identical, monotonicity holds
RATES_C0 cal05: c070 0.9830 c075 0.9660 c080 0.9275 c085 0.8820
RATES_C0 cal10: c070 0.9915 c075 0.9820 c080 0.9635 c085 0.9210
