=== CELL START: A124_h150_n500 (z1q='' n=500 hr=1.50) Sat Sep 12 03:05:42 PDT 2026 ===
WALL_SECONDS=1253 RC=0 OUT=grfmr_A124_h150_n500_batch_1
WALL_SECONDS=1273 RC=0 OUT=grfmr_A124_h150_n500_batch_1001
WALL_SECONDS=10 RC=0 OUT=grfmr_A124_h150_n500_combine_1
CELL DONE: A124_h150_n500  wall=2536s
=== CELL START: A124_h150_n1000 (z1q='' n=1000 hr=1.50) Sat Sep 12 03:47:58 PDT 2026 ===
WALL_SECONDS=1352 RC=0 OUT=grfmr_A124_h150_n1000_batch_1
WALL_SECONDS=1343 RC=0 OUT=grfmr_A124_h150_n1000_batch_1001
WALL_SECONDS=9 RC=0 OUT=grfmr_A124_h150_n1000_combine_1
CELL DONE: A124_h150_n1000  wall=2704s
=== CELL START: A124_h150_n1500 (z1q='' n=1500 hr=1.50) Sat Sep 12 04:33:02 PDT 2026 ===
WALL_SECONDS=1468 RC=0 OUT=grfmr_A124_h150_n1500_batch_1
WALL_SECONDS=1433 RC=0 OUT=grfmr_A124_h150_n1500_batch_1001
WALL_SECONDS=10 RC=0 OUT=grfmr_A124_h150_n1500_combine_1
CELL DONE: A124_h150_n1500  wall=2911s
=== CELL START: A31_h150_n500 (z1q='0.60' n=500 hr=1.50) Sat Sep 12 05:21:33 PDT 2026 ===
WALL_SECONDS=1415 RC=0 OUT=grfmr_A31_h150_n500_batch_1
WALL_SECONDS=1414 RC=0 OUT=grfmr_A31_h150_n500_batch_1001
WALL_SECONDS=9 RC=0 OUT=grfmr_A31_h150_n500_combine_1
CELL DONE: A31_h150_n500  wall=2838s
=== CELL START: A31_h150_n1000 (z1q='0.60' n=1000 hr=1.50) Sat Sep 12 06:08:51 PDT 2026 ===
WALL_SECONDS=1558 RC=0 OUT=grfmr_A31_h150_n1000_batch_1
WALL_SECONDS=1592 RC=0 OUT=grfmr_A31_h150_n1000_batch_1001
WALL_SECONDS=10 RC=0 OUT=grfmr_A31_h150_n1000_combine_1
CELL DONE: A31_h150_n1000  wall=3160s
=== CELL START: A31_h150_n1500 (z1q='0.60' n=1500 hr=1.50) Sat Sep 12 07:01:31 PDT 2026 ===
WALL_SECONDS=1675 RC=0 OUT=grfmr_A31_h150_n1500_batch_1
WALL_SECONDS=1701 RC=0 OUT=grfmr_A31_h150_n1500_batch_1001
WALL_SECONDS=9 RC=0 OUT=grfmr_A31_h150_n1500_combine_1
CELL DONE: A31_h150_n1500  wall=3385s
=== CELL START: A124_h175_n500 (z1q='' n=500 hr=1.75) Sat Sep 12 07:57:56 PDT 2026 ===
WALL_SECONDS=1253 RC=0 OUT=grfmr_A124_h175_n500_batch_1
WALL_SECONDS=1252 RC=0 OUT=grfmr_A124_h175_n500_batch_1001
WALL_SECONDS=10 RC=0 OUT=grfmr_A124_h175_n500_combine_1
CELL DONE: A124_h175_n500  wall=2515s
=== CELL START: A124_h175_n1000 (z1q='' n=1000 hr=1.75) Sat Sep 12 08:39:51 PDT 2026 ===
WALL_SECONDS=1382 RC=0 OUT=grfmr_A124_h175_n1000_batch_1
WALL_SECONDS=1354 RC=0 OUT=grfmr_A124_h175_n1000_batch_1001
WALL_SECONDS=9 RC=0 OUT=grfmr_A124_h175_n1000_combine_1
CELL DONE: A124_h175_n1000  wall=2745s
=== CELL START: A124_h175_n1500 (z1q='' n=1500 hr=1.75) Sat Sep 12 09:25:36 PDT 2026 ===
WALL_SECONDS=1470 RC=0 OUT=grfmr_A124_h175_n1500_batch_1
WALL_SECONDS=1443 RC=0 OUT=grfmr_A124_h175_n1500_batch_1001
WALL_SECONDS=9 RC=0 OUT=grfmr_A124_h175_n1500_combine_1
CELL DONE: A124_h175_n1500  wall=2923s
=== CELL START: A31_h175_n500 (z1q='0.60' n=500 hr=1.75) Sat Sep 12 10:14:19 PDT 2026 ===
WALL_SECONDS=1420 RC=0 OUT=grfmr_A31_h175_n500_batch_1
WALL_SECONDS=1433 RC=0 OUT=grfmr_A31_h175_n500_batch_1001
WALL_SECONDS=9 RC=0 OUT=grfmr_A31_h175_n500_combine_1
CELL DONE: A31_h175_n500  wall=2862s
GRFMR RUN COMPLETE Sat Sep 12 11:02:01 PDT 2026
