[31m

processing file: sim_fs_maxeffCons_fb_mr_field_m1_template.qmd
[39m1/57                                 
2/57 [setup]                         
3/57                                 
4/57 [build-dgm]                     
5/57                                 
6/57 [recorder]                      
7/57                                 
8/57 [run-loop]                      
9/57                                 
10/57 [mr-settings-readout]           
11/57                                 
12/57 [counts-header]                 
13/57                                 
14/57 [timing-distributions]          
15/57                                 
16/57 [timing-projection]             
17/57                                 
18/57 [subgroup-size-callout]         
19/57                                 
20/57 [reselection-regime-callout]    
21/57                                 
22/57 [estimation-table]              
23/57                                 
24/57 [estimation-table-medians]      
25/57                                 
26/57 [estimator-boxplots]            
27/57                                 
28/57 [betaHhat-callout]              
29/57                                 
30/57 [paired-panel]                  
31/57                                 
32/57 [field-coverage-wilson]         
33/57                                 
34/57 [field-bias-coverage]           
35/57                                 
36/57 [field-retained-bias]           
37/57                                 
38/57 [field-complement-diagnostics]  
39/57                                 
40/57 [field-bias-coverage-complement]
41/57                                 
42/57 [field-joint-pair]              
43/57                                 
44/57 [identification-structure]      
45/57                                 
46/57 [identification-involvement]    
47/57                                 
48/57 [identification-composition]    
49/57                                 
50/57 [identification-table]          
51/57                                 
52/57 [identification-block]          
53/57                                 
54/57 [identification-figures]        
55/57                                 
56/57 [session-info]                  
57/57                                 
[31moutput file: sim_fs_maxeffCons_fb_mr_field_m1_template.knit.md

[39m[1mpandoc --output grfmr_A124_h150_n1500_batch_1001.html[22m
  to: html
  standalone: true
  embed-resources: true
  section-divs: true
  html-math-method: mathjax
  wrap: none
  default-image-extension: png
  toc: true
  toc-depth: 3
  number-sections: true
  
[1mmetadata[22m
  document-css: false
  link-citations: true
  date-format: long
  lang: en
  toc-location: left
  theme: cosmo
  smooth-scroll: true
  title-block-banner: '#2C3E50'
  title-block-banner-color: white
  mainfont: Palatino, Georgia, serif
  monofont: Fira Code, JetBrains Mono, Consolas, monospace
  fontsize: 1.05em
  linestretch: 1.45
  anchor-sections: true
  title: Operating Characteristics of Multiplier Resampling (MR) — FB / MR (IJ) / MR (field) combined
  subtitle: Estimation/coverage on the León (2024) Table 2 design, with the field-calibrated interval (TASK_mr_field_section7_2026-09-05)
  author: Larry León
  date: today
  fig-cap-location: bottom
  
Output created: grfmr_A124_h150_n1500_batch_1001.html

WALL_SECONDS=1433 RC=0 OUT=grfmr_A124_h150_n1500_batch_1001
