=== GRFMR C RUN START Sat Sep 12 14:06:42 PDT 2026 ; hard timeout 36000s ; watchdog pid 55441 ===
=== CELL START: A31_h175_n1500 (z1q='0.60' n=1500 hr=1.75) Sat Sep 12 14:06:42 PDT 2026 ===
WALL_SECONDS=1724 RC=0 OUT=grfmr_A31_h175_n1500_batch_1
--- GATE 3: A31_h175_n1500 batch 1 (/Users/larryleon/Documents/GitHub/forestsearch/quarto/simulations/gbsg_020/scripts_dinamr/../results/grf_effMaxSG_fb_mr_field_m1_h175_knoise0_n1500_z1q60_nb20_grfmr_res_1_1000.rds) ---
[PASS] grf_select_statistic resolves to "effect" (required "effect")
[PASS] grf_selection resolves to "frontier" (required "frontier")
[PASS] dmin.grf resolves to 0 (required 0.0)
[PASS] the batch's audit line reads method=grf/frontier
[PASS] meta$subgroup_method = grf
[PASS] admitted_n column present (Part T2)
[PASS] admitted_n finite on 1000 of 1000 rows -- the effect/frontier re-selection ran
GATE 3: 7 passes, 0 failures -- PASS
WALL_SECONDS=1775 RC=0 OUT=grfmr_A31_h175_n1500_batch_1001
--- GATE 3: A31_h175_n1500 batch 1001 (/Users/larryleon/Documents/GitHub/forestsearch/quarto/simulations/gbsg_020/scripts_dinamr/../results/grf_effMaxSG_fb_mr_field_m1_h175_knoise0_n1500_z1q60_nb20_grfmr_res_1001_2000.rds) ---
[PASS] grf_select_statistic resolves to "effect" (required "effect")
[PASS] grf_selection resolves to "frontier" (required "frontier")
[PASS] dmin.grf resolves to 0 (required 0.0)
[PASS] the batch's audit line reads method=grf/frontier
[PASS] meta$subgroup_method = grf
[PASS] admitted_n column present (Part T2)
[PASS] admitted_n finite on 1000 of 1000 rows -- the effect/frontier re-selection ran
GATE 3: 7 passes, 0 failures -- PASS
WALL_SECONDS=9 RC=0 OUT=grfmr_A31_h175_n1500_combine_1
CELL DONE: A31_h175_n1500  wall=3508s
=== CELL START: A31_h175_n1000 (z1q='0.60' n=1000 hr=1.75) Sat Sep 12 15:05:10 PDT 2026 ===
WALL_SECONDS=1589 RC=0 OUT=grfmr_A31_h175_n1000_batch_1
--- GATE 3: A31_h175_n1000 batch 1 (/Users/larryleon/Documents/GitHub/forestsearch/quarto/simulations/gbsg_020/scripts_dinamr/../results/grf_effMaxSG_fb_mr_field_m1_h175_knoise0_n1000_z1q60_nb20_grfmr_res_1_1000.rds) ---
[PASS] grf_select_statistic resolves to "effect" (required "effect")
[PASS] grf_selection resolves to "frontier" (required "frontier")
[PASS] dmin.grf resolves to 0 (required 0.0)
[PASS] the batch's audit line reads method=grf/frontier
[PASS] meta$subgroup_method = grf
[PASS] admitted_n column present (Part T2)
[PASS] admitted_n finite on 1000 of 1000 rows -- the effect/frontier re-selection ran
GATE 3: 7 passes, 0 failures -- PASS
WALL_SECONDS=1634 RC=0 OUT=grfmr_A31_h175_n1000_batch_1001
--- GATE 3: A31_h175_n1000 batch 1001 (/Users/larryleon/Documents/GitHub/forestsearch/quarto/simulations/gbsg_020/scripts_dinamr/../results/grf_effMaxSG_fb_mr_field_m1_h175_knoise0_n1000_z1q60_nb20_grfmr_res_1001_2000.rds) ---
[PASS] grf_select_statistic resolves to "effect" (required "effect")
[PASS] grf_selection resolves to "frontier" (required "frontier")
[PASS] dmin.grf resolves to 0 (required 0.0)
[PASS] the batch's audit line reads method=grf/frontier
[PASS] meta$subgroup_method = grf
[PASS] admitted_n column present (Part T2)
[PASS] admitted_n finite on 1000 of 1000 rows -- the effect/frontier re-selection ran
GATE 3: 7 passes, 0 failures -- PASS
WALL_SECONDS=9 RC=0 OUT=grfmr_A31_h175_n1000_combine_1
CELL DONE: A31_h175_n1000  wall=3234s
=== CELL START: C124_h100_n500 (z1q='' n=500 hr=1.00) Sat Sep 12 15:59:04 PDT 2026 ===
WALL_SECONDS=1201 RC=0 OUT=grfmr_C124_h100_n500_batch_1
--- GATE 3: C124_h100_n500 batch 1 (/Users/larryleon/Documents/GitHub/forestsearch/quarto/simulations/gbsg_020/scripts_dinamr/../results/grf_effMaxSG_fb_mr_field_m1_h100_knoise0_n500_nb20_grfmr_res_1_1000.rds) ---
[PASS] grf_select_statistic resolves to "effect" (required "effect")
[PASS] grf_selection resolves to "frontier" (required "frontier")
[PASS] dmin.grf resolves to 0 (required 0.0)
[PASS] the batch's audit line reads method=grf/frontier
[PASS] meta$subgroup_method = grf
[PASS] admitted_n column present (Part T2)
[PASS] admitted_n finite on 987 of 1000 rows -- the effect/frontier re-selection ran
GATE 3: 7 passes, 0 failures -- PASS
WALL_SECONDS=1210 RC=0 OUT=grfmr_C124_h100_n500_batch_1001
--- GATE 3: C124_h100_n500 batch 1001 (/Users/larryleon/Documents/GitHub/forestsearch/quarto/simulations/gbsg_020/scripts_dinamr/../results/grf_effMaxSG_fb_mr_field_m1_h100_knoise0_n500_nb20_grfmr_res_1001_2000.rds) ---
[PASS] grf_select_statistic resolves to "effect" (required "effect")
[PASS] grf_selection resolves to "frontier" (required "frontier")
[PASS] dmin.grf resolves to 0 (required 0.0)
[PASS] the batch's audit line reads method=grf/frontier
[PASS] meta$subgroup_method = grf
[PASS] admitted_n column present (Part T2)
[PASS] admitted_n finite on 983 of 1000 rows -- the effect/frontier re-selection ran
GATE 3: 7 passes, 0 failures -- PASS
WALL_SECONDS=9 RC=0 OUT=grfmr_C124_h100_n500_combine_1
CELL DONE: C124_h100_n500  wall=2420s
=== CELL START: C124_h100_n1000 (z1q='' n=1000 hr=1.00) Sat Sep 12 16:39:24 PDT 2026 ===
WALL_SECONDS=1320 RC=0 OUT=grfmr_C124_h100_n1000_batch_1
--- GATE 3: C124_h100_n1000 batch 1 (/Users/larryleon/Documents/GitHub/forestsearch/quarto/simulations/gbsg_020/scripts_dinamr/../results/grf_effMaxSG_fb_mr_field_m1_h100_knoise0_n1000_nb20_grfmr_res_1_1000.rds) ---
[PASS] grf_select_statistic resolves to "effect" (required "effect")
[PASS] grf_selection resolves to "frontier" (required "frontier")
[PASS] dmin.grf resolves to 0 (required 0.0)
[PASS] the batch's audit line reads method=grf/frontier
[PASS] meta$subgroup_method = grf
[PASS] admitted_n column present (Part T2)
[PASS] admitted_n finite on 963 of 1000 rows -- the effect/frontier re-selection ran
GATE 3: 7 passes, 0 failures -- PASS
WALL_SECONDS=1272 RC=0 OUT=grfmr_C124_h100_n1000_batch_1001
--- GATE 3: C124_h100_n1000 batch 1001 (/Users/larryleon/Documents/GitHub/forestsearch/quarto/simulations/gbsg_020/scripts_dinamr/../results/grf_effMaxSG_fb_mr_field_m1_h100_knoise0_n1000_nb20_grfmr_res_1001_2000.rds) ---
[PASS] grf_select_statistic resolves to "effect" (required "effect")
[PASS] grf_selection resolves to "frontier" (required "frontier")
[PASS] dmin.grf resolves to 0 (required 0.0)
[PASS] the batch's audit line reads method=grf/frontier
[PASS] meta$subgroup_method = grf
[PASS] admitted_n column present (Part T2)
[PASS] admitted_n finite on 954 of 1000 rows -- the effect/frontier re-selection ran
GATE 3: 7 passes, 0 failures -- PASS
WALL_SECONDS=10 RC=0 OUT=grfmr_C124_h100_n1000_combine_1
CELL DONE: C124_h100_n1000  wall=2602s
=== CELL START: C124_h100_n1500 (z1q='' n=1500 hr=1.00) Sat Sep 12 17:22:46 PDT 2026 ===
WALL_SECONDS=1344 RC=0 OUT=grfmr_C124_h100_n1500_batch_1
--- GATE 3: C124_h100_n1500 batch 1 (/Users/larryleon/Documents/GitHub/forestsearch/quarto/simulations/gbsg_020/scripts_dinamr/../results/grf_effMaxSG_fb_mr_field_m1_h100_knoise0_n1500_nb20_grfmr_res_1_1000.rds) ---
[PASS] grf_select_statistic resolves to "effect" (required "effect")
[PASS] grf_selection resolves to "frontier" (required "frontier")
[PASS] dmin.grf resolves to 0 (required 0.0)
[PASS] the batch's audit line reads method=grf/frontier
[PASS] meta$subgroup_method = grf
[PASS] admitted_n column present (Part T2)
[PASS] admitted_n finite on 877 of 1000 rows -- the effect/frontier re-selection ran
GATE 3: 7 passes, 0 failures -- PASS
WALL_SECONDS=1320 RC=0 OUT=grfmr_C124_h100_n1500_batch_1001
--- GATE 3: C124_h100_n1500 batch 1001 (/Users/larryleon/Documents/GitHub/forestsearch/quarto/simulations/gbsg_020/scripts_dinamr/../results/grf_effMaxSG_fb_mr_field_m1_h100_knoise0_n1500_nb20_grfmr_res_1001_2000.rds) ---
[PASS] grf_select_statistic resolves to "effect" (required "effect")
[PASS] grf_selection resolves to "frontier" (required "frontier")
[PASS] dmin.grf resolves to 0 (required 0.0)
[PASS] the batch's audit line reads method=grf/frontier
[PASS] meta$subgroup_method = grf
[PASS] admitted_n column present (Part T2)
[PASS] admitted_n finite on 866 of 1000 rows -- the effect/frontier re-selection ran
GATE 3: 7 passes, 0 failures -- PASS
WALL_SECONDS=9 RC=0 OUT=grfmr_C124_h100_n1500_combine_1
CELL DONE: C124_h100_n1500  wall=2674s
=== CELL START: C31_h100_n500 (z1q='0.60' n=500 hr=1.00) Sat Sep 12 18:07:20 PDT 2026 ===
WALL_SECONDS=1309 RC=0 OUT=grfmr_C31_h100_n500_batch_1
--- GATE 3: C31_h100_n500 batch 1 (/Users/larryleon/Documents/GitHub/forestsearch/quarto/simulations/gbsg_020/scripts_dinamr/../results/grf_effMaxSG_fb_mr_field_m1_h100_knoise0_n500_z1q60_nb20_grfmr_res_1_1000.rds) ---
[PASS] grf_select_statistic resolves to "effect" (required "effect")
[PASS] grf_selection resolves to "frontier" (required "frontier")
[PASS] dmin.grf resolves to 0 (required 0.0)
[PASS] the batch's audit line reads method=grf/frontier
[PASS] meta$subgroup_method = grf
[PASS] admitted_n column present (Part T2)
[PASS] admitted_n finite on 997 of 1000 rows -- the effect/frontier re-selection ran
GATE 3: 7 passes, 0 failures -- PASS
WALL_SECONDS=1334 RC=0 OUT=grfmr_C31_h100_n500_batch_1001
--- GATE 3: C31_h100_n500 batch 1001 (/Users/larryleon/Documents/GitHub/forestsearch/quarto/simulations/gbsg_020/scripts_dinamr/../results/grf_effMaxSG_fb_mr_field_m1_h100_knoise0_n500_z1q60_nb20_grfmr_res_1001_2000.rds) ---
[PASS] grf_select_statistic resolves to "effect" (required "effect")
[PASS] grf_selection resolves to "frontier" (required "frontier")
[PASS] dmin.grf resolves to 0 (required 0.0)
[PASS] the batch's audit line reads method=grf/frontier
[PASS] meta$subgroup_method = grf
[PASS] admitted_n column present (Part T2)
[PASS] admitted_n finite on 998 of 1000 rows -- the effect/frontier re-selection ran
GATE 3: 7 passes, 0 failures -- PASS
WALL_SECONDS=10 RC=0 OUT=grfmr_C31_h100_n500_combine_1
CELL DONE: C31_h100_n500  wall=2653s
=== CELL START: C31_h100_n1000 (z1q='0.60' n=1000 hr=1.00) Sat Sep 12 18:51:33 PDT 2026 ===
WALL_SECONDS=1453 RC=0 OUT=grfmr_C31_h100_n1000_batch_1
--- GATE 3: C31_h100_n1000 batch 1 (/Users/larryleon/Documents/GitHub/forestsearch/quarto/simulations/gbsg_020/scripts_dinamr/../results/grf_effMaxSG_fb_mr_field_m1_h100_knoise0_n1000_z1q60_nb20_grfmr_res_1_1000.rds) ---
[PASS] grf_select_statistic resolves to "effect" (required "effect")
[PASS] grf_selection resolves to "frontier" (required "frontier")
[PASS] dmin.grf resolves to 0 (required 0.0)
[PASS] the batch's audit line reads method=grf/frontier
[PASS] meta$subgroup_method = grf
[PASS] admitted_n column present (Part T2)
[PASS] admitted_n finite on 1000 of 1000 rows -- the effect/frontier re-selection ran
GATE 3: 7 passes, 0 failures -- PASS
WALL_SECONDS=1445 RC=0 OUT=grfmr_C31_h100_n1000_batch_1001
--- GATE 3: C31_h100_n1000 batch 1001 (/Users/larryleon/Documents/GitHub/forestsearch/quarto/simulations/gbsg_020/scripts_dinamr/../results/grf_effMaxSG_fb_mr_field_m1_h100_knoise0_n1000_z1q60_nb20_grfmr_res_1001_2000.rds) ---
[PASS] grf_select_statistic resolves to "effect" (required "effect")
[PASS] grf_selection resolves to "frontier" (required "frontier")
[PASS] dmin.grf resolves to 0 (required 0.0)
[PASS] the batch's audit line reads method=grf/frontier
[PASS] meta$subgroup_method = grf
[PASS] admitted_n column present (Part T2)
[PASS] admitted_n finite on 996 of 1000 rows -- the effect/frontier re-selection ran
GATE 3: 7 passes, 0 failures -- PASS
WALL_SECONDS=9 RC=0 OUT=grfmr_C31_h100_n1000_combine_1
CELL DONE: C31_h100_n1000  wall=2907s
=== CELL START: C31_h100_n1500 (z1q='0.60' n=1500 hr=1.00) Sat Sep 12 19:40:00 PDT 2026 ===
WALL_SECONDS=1580 RC=0 OUT=grfmr_C31_h100_n1500_batch_1
--- GATE 3: C31_h100_n1500 batch 1 (/Users/larryleon/Documents/GitHub/forestsearch/quarto/simulations/gbsg_020/scripts_dinamr/../results/grf_effMaxSG_fb_mr_field_m1_h100_knoise0_n1500_z1q60_nb20_grfmr_res_1_1000.rds) ---
[PASS] grf_select_statistic resolves to "effect" (required "effect")
[PASS] grf_selection resolves to "frontier" (required "frontier")
[PASS] dmin.grf resolves to 0 (required 0.0)
[PASS] the batch's audit line reads method=grf/frontier
[PASS] meta$subgroup_method = grf
[PASS] admitted_n column present (Part T2)
[PASS] admitted_n finite on 997 of 1000 rows -- the effect/frontier re-selection ran
GATE 3: 7 passes, 0 failures -- PASS
WALL_SECONDS=1543 RC=0 OUT=grfmr_C31_h100_n1500_batch_1001
--- GATE 3: C31_h100_n1500 batch 1001 (/Users/larryleon/Documents/GitHub/forestsearch/quarto/simulations/gbsg_020/scripts_dinamr/../results/grf_effMaxSG_fb_mr_field_m1_h100_knoise0_n1500_z1q60_nb20_grfmr_res_1001_2000.rds) ---
[PASS] grf_select_statistic resolves to "effect" (required "effect")
[PASS] grf_selection resolves to "frontier" (required "frontier")
[PASS] dmin.grf resolves to 0 (required 0.0)
[PASS] the batch's audit line reads method=grf/frontier
[PASS] meta$subgroup_method = grf
[PASS] admitted_n column present (Part T2)
[PASS] admitted_n finite on 990 of 1000 rows -- the effect/frontier re-selection ran
GATE 3: 7 passes, 0 failures -- PASS
WALL_SECONDS=9 RC=0 OUT=grfmr_C31_h100_n1500_combine_1
CELL DONE: C31_h100_n1500  wall=3133s
GRFMR C RUN COMPLETE Sat Sep 12 20:32:13 PDT 2026
