=== NULLTHR START Mon Sep 21 07:41:15 PM PDT 2026 ; campaign nullc125smoke ; c1 1.25 c2 1.00 ; reps 20 ; quickrun TRUE ; hard timeout 21600s (6 h), render timeout 5400s ; watchdog pid 339461 ; dry=0 ===
  host pop-os ; 64 physical cores ; 251 GB ; R 4.6.1 ; forestsearch 0.3.5.9000 R 4.6.1; ; 2026-09-19 03:54:02 UTC; unix ; git 072a052a ; workers 64
=== CELL START: null0657_n500 (hr=0.657 n=500) Mon Sep 21 07:41:15 PM PDT 2026 ; elapsed 0s ===
Mem:             251          25         230           0           9         225
Swap:             19           0          19
=== RUN START: null0657_n500 consistency Mon Sep 21 07:41:15 PM PDT 2026 -> nullc125smoke_null0657_n500_consistency_effMaxSG ===
  env set:   FS_S7_FIELD_COMPLEMENT=TRUE FS_S7_FIELD_SCALEC=selected FS_S7_FIELD_DECOMP=TRUE FS_S7_FIELD_RECOV=TRUE FS_S7_IJ_RESIDUAL=two_term FS_S7_FB=none FS_S7_WORKERS=64 FS_S7_MR=FALSE FS_S7_DGM=null FS_S7_CAMPAIGN=nullc125smoke FS_S7_MODE=batch FS_S7_START=1 FS_S7_NSIMS=20 FS_S7_FOCUS=effMaxSG FS_S7_NBHD=0.20 FS_S7_C1=1.25 FS_S7_C2=1.00 FS_S7_QUICKRUN=TRUE FS_S7_HR=0.657 FS_S7_N=500
  env unset: 
WALL_SECONDS=59 RC=0 OUT=nullc125smoke_null0657_n500_consistency_effMaxSG
GATE A -- null0657_n500 (consistency, hr 0.657, n 500, c1 1.25, c2 1.00, 20 reps)
GATE A PASS (42 checks, 0 failed)
=== RUN START: null0657_n500 dina Mon Sep 21 07:42:14 PM PDT 2026 -> nullc125smoke_null0657_n500_dina_effMaxSG ===
  env set:   FS_S7_FIELD_COMPLEMENT=TRUE FS_S7_FIELD_SCALEC=selected FS_S7_FIELD_DECOMP=TRUE FS_S7_FIELD_RECOV=TRUE FS_S7_IJ_RESIDUAL=two_term FS_S7_FB=none FS_S7_WORKERS=64 FS_S7_MR=FALSE FS_S7_DGM=null FS_S7_CAMPAIGN=nullc125smoke FS_S7_MODE=batch FS_S7_START=1 FS_S7_NSIMS=20 FS_S7_FOCUS=effMaxSG FS_S7_NBHD=0.20 FS_S7_C1=1.25 FS_S7_C2=1.00 FS_S7_QUICKRUN=TRUE FS_S7_HR=0.657 FS_S7_N=500 FS_S7_METHOD=dina
  env unset: 
WALL_SECONDS=56 RC=0 OUT=nullc125smoke_null0657_n500_dina_effMaxSG
GATE A -- null0657_n500 (dina, hr 0.657, n 500, c1 1.25, c2 1.00, 20 reps)
GATE A PASS (36 checks, 0 failed)
=== RUN START: null0657_n500 grf Mon Sep 21 07:43:10 PM PDT 2026 -> nullc125smoke_null0657_n500_grf_effMaxSG ===
  env set:   FS_S7_FIELD_COMPLEMENT=TRUE FS_S7_FIELD_SCALEC=selected FS_S7_FIELD_DECOMP=TRUE FS_S7_FIELD_RECOV=TRUE FS_S7_IJ_RESIDUAL=two_term FS_S7_FB=none FS_S7_WORKERS=64 FS_S7_MR=FALSE FS_S7_DGM=null FS_S7_CAMPAIGN=nullc125smoke FS_S7_MODE=batch FS_S7_START=1 FS_S7_NSIMS=20 FS_S7_FOCUS=effMaxSG FS_S7_NBHD=0.20 FS_S7_C1=1.25 FS_S7_C2=1.00 FS_S7_QUICKRUN=TRUE FS_S7_HR=0.657 FS_S7_N=500 FS_S7_METHOD=grf
  env unset: 
WALL_SECONDS=60 RC=0 OUT=nullc125smoke_null0657_n500_grf_effMaxSG
GATE A -- null0657_n500 (grf, hr 0.657, n 500, c1 1.25, c2 1.00, 20 reps)
GATE A PASS (37 checks, 0 failed)
CELL DONE: null0657_n500  wall=175s
GATE C -- cell null0657_n500 (hr 0.657, n 500, c1 1.25, c2 1.00, 20 reps)
GATE C PASS (16 checks, 0 failed)
NULLTHR COMPLETE Mon Sep 21 07:44:10 PM PDT 2026 total_wall=175s ; completed 1 cells: null0657_n500 ; failed 0: none
