=== NULLID START Mon Sep 21 14:49:34 PDT 2026 ; campaign T0 1790027374 (Mon Sep 21 14:49:34 PDT 2026) ; from cell 1 ; hard timeout 21600s (6 h) from T0, 21600s remaining ; watchdog pid 52034 ; dry=0 ===
  host Mac-Studio-3.local ; 14 physical cores ; 36 GB ; R 4.5.2 ; git 1f5c0076
=== CELL START: null0657_n500 (hr=0.657 n=500) Mon Sep 21 14:49:34 PDT 2026 ; elapsed 0s ===
vm.swapusage: total = 0.00M  used = 0.00M  free = 0.00M  (encrypted)
System-wide memory free percentage: 79%
=== RUN START: null0657_n500 consistency Mon Sep 21 14:49:34 PDT 2026 -> nullid_null0657_n500_consistency_effMaxSG ===
  env set:   FS_S7_FIELD_COMPLEMENT=TRUE FS_S7_FIELD_SCALEC=selected FS_S7_FIELD_DECOMP=TRUE FS_S7_FIELD_RECOV=TRUE FS_S7_IJ_RESIDUAL=two_term FS_S7_FB=none FS_S7_WORKERS=12 FS_S7_MR=FALSE FS_S7_DGM=null FS_S7_CAMPAIGN=nullid FS_S7_MODE=batch FS_S7_START=1 FS_S7_NSIMS=2000 FS_S7_FOCUS=effMaxSG FS_S7_NBHD=0.20 FS_S7_HR=0.657 FS_S7_N=500
  env unset: FS_S7_ER_JCUTS FS_S7_Z1Q FS_S7_METHOD
WALL_SECONDS=316 RC=0 OUT=nullid_null0657_n500_consistency_effMaxSG
GATE A -- null0657_n500 (consistency, hr 0.657, n 500)
GATE A PASS (29 checks, 0 failed)
=== RUN START: null0657_n500 dina Mon Sep 21 14:54:50 PDT 2026 -> nullid_null0657_n500_dina_effMaxSG ===
  env set:   FS_S7_FIELD_COMPLEMENT=TRUE FS_S7_FIELD_SCALEC=selected FS_S7_FIELD_DECOMP=TRUE FS_S7_FIELD_RECOV=TRUE FS_S7_IJ_RESIDUAL=two_term FS_S7_FB=none FS_S7_WORKERS=12 FS_S7_MR=FALSE FS_S7_DGM=null FS_S7_CAMPAIGN=nullid FS_S7_MODE=batch FS_S7_START=1 FS_S7_NSIMS=2000 FS_S7_FOCUS=effMaxSG FS_S7_NBHD=0.20 FS_S7_HR=0.657 FS_S7_N=500 FS_S7_METHOD=dina
  env unset: FS_S7_ER_JCUTS FS_S7_Z1Q
WALL_SECONDS=167 RC=0 OUT=nullid_null0657_n500_dina_effMaxSG
GATE A -- null0657_n500 (dina, hr 0.657, n 500)
GATE A PASS (25 checks, 0 failed)
=== RUN START: null0657_n500 grf Mon Sep 21 14:57:37 PDT 2026 -> nullid_null0657_n500_grf_effMaxSG ===
  env set:   FS_S7_FIELD_COMPLEMENT=TRUE FS_S7_FIELD_SCALEC=selected FS_S7_FIELD_DECOMP=TRUE FS_S7_FIELD_RECOV=TRUE FS_S7_IJ_RESIDUAL=two_term FS_S7_FB=none FS_S7_WORKERS=12 FS_S7_MR=FALSE FS_S7_DGM=null FS_S7_CAMPAIGN=nullid FS_S7_MODE=batch FS_S7_START=1 FS_S7_NSIMS=2000 FS_S7_FOCUS=effMaxSG FS_S7_NBHD=0.20 FS_S7_HR=0.657 FS_S7_N=500 FS_S7_METHOD=grf
  env unset: FS_S7_ER_JCUTS FS_S7_Z1Q
WALL_SECONDS=508 RC=0 OUT=nullid_null0657_n500_grf_effMaxSG
GATE A -- null0657_n500 (grf, hr 0.657, n 500)
GATE A PASS (26 checks, 0 failed)
CELL DONE: null0657_n500  wall=991s
GATE C -- cell null0657_n500 (hr 0.657, n 500)
GATE C FAILED (15 checks, 4 failed)
[FAIL] dina: same draws via or_Hc_est (max |diff| 0)
[FAIL] dina: same draws via or_Hc_se (max |diff| 0)
[FAIL] grf: same draws via or_Hc_est (max |diff| 0)
[FAIL] grf: same draws via or_Hc_se (max |diff| 0)
=== HALT RECORD WRITTEN: /Users/larryleon/Documents/GitHub/forestsearch/quarto/simulations/gbsg_020/HALT_nullid_null0657_n500_2026-09-21.txt ===
=== GATE C FAILED at null0657_n500; continuing at the next cell ===
=== CELL START: null0721_n500 (hr=0.721 n=500) Mon Sep 21 15:06:05 PDT 2026 ; elapsed 991s ===
vm.swapusage: total = 0.00M  used = 0.00M  free = 0.00M  (encrypted)
System-wide memory free percentage: 78%
=== RUN START: null0721_n500 consistency Mon Sep 21 15:06:05 PDT 2026 -> nullid_null0721_n500_consistency_effMaxSG ===
  env set:   FS_S7_FIELD_COMPLEMENT=TRUE FS_S7_FIELD_SCALEC=selected FS_S7_FIELD_DECOMP=TRUE FS_S7_FIELD_RECOV=TRUE FS_S7_IJ_RESIDUAL=two_term FS_S7_FB=none FS_S7_WORKERS=12 FS_S7_MR=FALSE FS_S7_DGM=null FS_S7_CAMPAIGN=nullid FS_S7_MODE=batch FS_S7_START=1 FS_S7_NSIMS=2000 FS_S7_FOCUS=effMaxSG FS_S7_NBHD=0.20 FS_S7_HR=0.721 FS_S7_N=500
  env unset: FS_S7_ER_JCUTS FS_S7_Z1Q FS_S7_METHOD
WALL_SECONDS=382 RC=0 OUT=nullid_null0721_n500_consistency_effMaxSG
GATE A -- null0721_n500 (consistency, hr 0.721, n 500)
GATE A PASS (29 checks, 0 failed)
=== RUN START: null0721_n500 dina Mon Sep 21 15:12:27 PDT 2026 -> nullid_null0721_n500_dina_effMaxSG ===
  env set:   FS_S7_FIELD_COMPLEMENT=TRUE FS_S7_FIELD_SCALEC=selected FS_S7_FIELD_DECOMP=TRUE FS_S7_FIELD_RECOV=TRUE FS_S7_IJ_RESIDUAL=two_term FS_S7_FB=none FS_S7_WORKERS=12 FS_S7_MR=FALSE FS_S7_DGM=null FS_S7_CAMPAIGN=nullid FS_S7_MODE=batch FS_S7_START=1 FS_S7_NSIMS=2000 FS_S7_FOCUS=effMaxSG FS_S7_NBHD=0.20 FS_S7_HR=0.721 FS_S7_N=500 FS_S7_METHOD=dina
  env unset: FS_S7_ER_JCUTS FS_S7_Z1Q
WALL_SECONDS=238 RC=0 OUT=nullid_null0721_n500_dina_effMaxSG
GATE A -- null0721_n500 (dina, hr 0.721, n 500)
GATE A PASS (25 checks, 0 failed)
=== RUN START: null0721_n500 grf Mon Sep 21 15:16:25 PDT 2026 -> nullid_null0721_n500_grf_effMaxSG ===
  env set:   FS_S7_FIELD_COMPLEMENT=TRUE FS_S7_FIELD_SCALEC=selected FS_S7_FIELD_DECOMP=TRUE FS_S7_FIELD_RECOV=TRUE FS_S7_IJ_RESIDUAL=two_term FS_S7_FB=none FS_S7_WORKERS=12 FS_S7_MR=FALSE FS_S7_DGM=null FS_S7_CAMPAIGN=nullid FS_S7_MODE=batch FS_S7_START=1 FS_S7_NSIMS=2000 FS_S7_FOCUS=effMaxSG FS_S7_NBHD=0.20 FS_S7_HR=0.721 FS_S7_N=500 FS_S7_METHOD=grf
  env unset: FS_S7_ER_JCUTS FS_S7_Z1Q
WALL_SECONDS=519 RC=0 OUT=nullid_null0721_n500_grf_effMaxSG
GATE A -- null0721_n500 (grf, hr 0.721, n 500)
GATE A PASS (26 checks, 0 failed)
CELL DONE: null0721_n500  wall=1139s
GATE C -- cell null0721_n500 (hr 0.721, n 500)
GATE C PASS (18 checks, 0 failed)
=== CELL START: null0657_n1000 (hr=0.657 n=1000) Mon Sep 21 15:25:04 PDT 2026 ; elapsed 2130s ===
vm.swapusage: total = 0.00M  used = 0.00M  free = 0.00M  (encrypted)
System-wide memory free percentage: 79%
=== RUN START: null0657_n1000 consistency Mon Sep 21 15:25:04 PDT 2026 -> nullid_null0657_n1000_consistency_effMaxSG ===
  env set:   FS_S7_FIELD_COMPLEMENT=TRUE FS_S7_FIELD_SCALEC=selected FS_S7_FIELD_DECOMP=TRUE FS_S7_FIELD_RECOV=TRUE FS_S7_IJ_RESIDUAL=two_term FS_S7_FB=none FS_S7_WORKERS=12 FS_S7_MR=FALSE FS_S7_DGM=null FS_S7_CAMPAIGN=nullid FS_S7_MODE=batch FS_S7_START=1 FS_S7_NSIMS=2000 FS_S7_FOCUS=effMaxSG FS_S7_NBHD=0.20 FS_S7_HR=0.657 FS_S7_N=1000
  env unset: FS_S7_ER_JCUTS FS_S7_Z1Q FS_S7_METHOD
WALL_SECONDS=320 RC=0 OUT=nullid_null0657_n1000_consistency_effMaxSG
GATE A -- null0657_n1000 (consistency, hr 0.657, n 1000)
GATE A PASS (29 checks, 0 failed)
=== RUN START: null0657_n1000 dina Mon Sep 21 15:30:24 PDT 2026 -> nullid_null0657_n1000_dina_effMaxSG ===
  env set:   FS_S7_FIELD_COMPLEMENT=TRUE FS_S7_FIELD_SCALEC=selected FS_S7_FIELD_DECOMP=TRUE FS_S7_FIELD_RECOV=TRUE FS_S7_IJ_RESIDUAL=two_term FS_S7_FB=none FS_S7_WORKERS=12 FS_S7_MR=FALSE FS_S7_DGM=null FS_S7_CAMPAIGN=nullid FS_S7_MODE=batch FS_S7_START=1 FS_S7_NSIMS=2000 FS_S7_FOCUS=effMaxSG FS_S7_NBHD=0.20 FS_S7_HR=0.657 FS_S7_N=1000 FS_S7_METHOD=dina
  env unset: FS_S7_ER_JCUTS FS_S7_Z1Q
WALL_SECONDS=99 RC=0 OUT=nullid_null0657_n1000_dina_effMaxSG
GATE A -- null0657_n1000 (dina, hr 0.657, n 1000)
GATE A PASS (25 checks, 0 failed)
=== RUN START: null0657_n1000 grf Mon Sep 21 15:32:03 PDT 2026 -> nullid_null0657_n1000_grf_effMaxSG ===
  env set:   FS_S7_FIELD_COMPLEMENT=TRUE FS_S7_FIELD_SCALEC=selected FS_S7_FIELD_DECOMP=TRUE FS_S7_FIELD_RECOV=TRUE FS_S7_IJ_RESIDUAL=two_term FS_S7_FB=none FS_S7_WORKERS=12 FS_S7_MR=FALSE FS_S7_DGM=null FS_S7_CAMPAIGN=nullid FS_S7_MODE=batch FS_S7_START=1 FS_S7_NSIMS=2000 FS_S7_FOCUS=effMaxSG FS_S7_NBHD=0.20 FS_S7_HR=0.657 FS_S7_N=1000 FS_S7_METHOD=grf
  env unset: FS_S7_ER_JCUTS FS_S7_Z1Q
WALL_SECONDS=637 RC=0 OUT=nullid_null0657_n1000_grf_effMaxSG
GATE A -- null0657_n1000 (grf, hr 0.657, n 1000)
GATE A PASS (26 checks, 0 failed)
CELL DONE: null0657_n1000  wall=1057s
GATE C -- cell null0657_n1000 (hr 0.657, n 1000)
GATE C PASS (18 checks, 0 failed)
=== CELL START: null0721_n1000 (hr=0.721 n=1000) Mon Sep 21 15:42:41 PDT 2026 ; elapsed 3187s ===
vm.swapusage: total = 0.00M  used = 0.00M  free = 0.00M  (encrypted)
System-wide memory free percentage: 78%
=== RUN START: null0721_n1000 consistency Mon Sep 21 15:42:41 PDT 2026 -> nullid_null0721_n1000_consistency_effMaxSG ===
  env set:   FS_S7_FIELD_COMPLEMENT=TRUE FS_S7_FIELD_SCALEC=selected FS_S7_FIELD_DECOMP=TRUE FS_S7_FIELD_RECOV=TRUE FS_S7_IJ_RESIDUAL=two_term FS_S7_FB=none FS_S7_WORKERS=12 FS_S7_MR=FALSE FS_S7_DGM=null FS_S7_CAMPAIGN=nullid FS_S7_MODE=batch FS_S7_START=1 FS_S7_NSIMS=2000 FS_S7_FOCUS=effMaxSG FS_S7_NBHD=0.20 FS_S7_HR=0.721 FS_S7_N=1000
  env unset: FS_S7_ER_JCUTS FS_S7_Z1Q FS_S7_METHOD
WALL_SECONDS=399 RC=0 OUT=nullid_null0721_n1000_consistency_effMaxSG
GATE A -- null0721_n1000 (consistency, hr 0.721, n 1000)
GATE A PASS (29 checks, 0 failed)
=== RUN START: null0721_n1000 dina Mon Sep 21 15:49:20 PDT 2026 -> nullid_null0721_n1000_dina_effMaxSG ===
  env set:   FS_S7_FIELD_COMPLEMENT=TRUE FS_S7_FIELD_SCALEC=selected FS_S7_FIELD_DECOMP=TRUE FS_S7_FIELD_RECOV=TRUE FS_S7_IJ_RESIDUAL=two_term FS_S7_FB=none FS_S7_WORKERS=12 FS_S7_MR=FALSE FS_S7_DGM=null FS_S7_CAMPAIGN=nullid FS_S7_MODE=batch FS_S7_START=1 FS_S7_NSIMS=2000 FS_S7_FOCUS=effMaxSG FS_S7_NBHD=0.20 FS_S7_HR=0.721 FS_S7_N=1000 FS_S7_METHOD=dina
  env unset: FS_S7_ER_JCUTS FS_S7_Z1Q
WALL_SECONDS=165 RC=0 OUT=nullid_null0721_n1000_dina_effMaxSG
GATE A -- null0721_n1000 (dina, hr 0.721, n 1000)
GATE A PASS (25 checks, 0 failed)
=== RUN START: null0721_n1000 grf Mon Sep 21 15:52:06 PDT 2026 -> nullid_null0721_n1000_grf_effMaxSG ===
  env set:   FS_S7_FIELD_COMPLEMENT=TRUE FS_S7_FIELD_SCALEC=selected FS_S7_FIELD_DECOMP=TRUE FS_S7_FIELD_RECOV=TRUE FS_S7_IJ_RESIDUAL=two_term FS_S7_FB=none FS_S7_WORKERS=12 FS_S7_MR=FALSE FS_S7_DGM=null FS_S7_CAMPAIGN=nullid FS_S7_MODE=batch FS_S7_START=1 FS_S7_NSIMS=2000 FS_S7_FOCUS=effMaxSG FS_S7_NBHD=0.20 FS_S7_HR=0.721 FS_S7_N=1000 FS_S7_METHOD=grf
  env unset: FS_S7_ER_JCUTS FS_S7_Z1Q
WALL_SECONDS=676 RC=0 OUT=nullid_null0721_n1000_grf_effMaxSG
GATE A -- null0721_n1000 (grf, hr 0.721, n 1000)
GATE A PASS (26 checks, 0 failed)
CELL DONE: null0721_n1000  wall=1241s
GATE C -- cell null0721_n1000 (hr 0.721, n 1000)
GATE C PASS (18 checks, 0 failed)
=== CELL START: null0657_n1500 (hr=0.657 n=1500) Mon Sep 21 16:03:22 PDT 2026 ; elapsed 4428s ===
vm.swapusage: total = 0.00M  used = 0.00M  free = 0.00M  (encrypted)
System-wide memory free percentage: 78%
=== RUN START: null0657_n1500 consistency Mon Sep 21 16:03:22 PDT 2026 -> nullid_null0657_n1500_consistency_effMaxSG ===
  env set:   FS_S7_FIELD_COMPLEMENT=TRUE FS_S7_FIELD_SCALEC=selected FS_S7_FIELD_DECOMP=TRUE FS_S7_FIELD_RECOV=TRUE FS_S7_IJ_RESIDUAL=two_term FS_S7_FB=none FS_S7_WORKERS=12 FS_S7_MR=FALSE FS_S7_DGM=null FS_S7_CAMPAIGN=nullid FS_S7_MODE=batch FS_S7_START=1 FS_S7_NSIMS=2000 FS_S7_FOCUS=effMaxSG FS_S7_NBHD=0.20 FS_S7_HR=0.657 FS_S7_N=1500
  env unset: FS_S7_ER_JCUTS FS_S7_Z1Q FS_S7_METHOD
WALL_SECONDS=329 RC=0 OUT=nullid_null0657_n1500_consistency_effMaxSG
GATE A -- null0657_n1500 (consistency, hr 0.657, n 1500)
GATE A FAILED (29 checks, 1 failed)
[FAIL] max_g T_g recorded on > 95% of replicates (1670 of 2000)
=== GATE A FAILED: nullid_null0657_n1500_consistency_effMaxSG ===
=== HALT RECORD WRITTEN: /Users/larryleon/Documents/GitHub/forestsearch/quarto/simulations/gbsg_020/HALT_nullid_null0657_n1500_2026-09-21.txt ===
=== CELL null0657_n1500 ABANDONED at consistency (rc 2) Mon Sep 21 16:08:51 PDT 2026; continuing at the next cell ===
=== CELL START: null0721_n1500 (hr=0.721 n=1500) Mon Sep 21 16:08:51 PDT 2026 ; elapsed 4757s ===
vm.swapusage: total = 0.00M  used = 0.00M  free = 0.00M  (encrypted)
System-wide memory free percentage: 78%
=== RUN START: null0721_n1500 consistency Mon Sep 21 16:08:51 PDT 2026 -> nullid_null0721_n1500_consistency_effMaxSG ===
  env set:   FS_S7_FIELD_COMPLEMENT=TRUE FS_S7_FIELD_SCALEC=selected FS_S7_FIELD_DECOMP=TRUE FS_S7_FIELD_RECOV=TRUE FS_S7_IJ_RESIDUAL=two_term FS_S7_FB=none FS_S7_WORKERS=12 FS_S7_MR=FALSE FS_S7_DGM=null FS_S7_CAMPAIGN=nullid FS_S7_MODE=batch FS_S7_START=1 FS_S7_NSIMS=2000 FS_S7_FOCUS=effMaxSG FS_S7_NBHD=0.20 FS_S7_HR=0.721 FS_S7_N=1500
  env unset: FS_S7_ER_JCUTS FS_S7_Z1Q FS_S7_METHOD
WALL_SECONDS=394 RC=0 OUT=nullid_null0721_n1500_consistency_effMaxSG
GATE A -- null0721_n1500 (consistency, hr 0.721, n 1500)
GATE A PASS (30 checks, 0 failed)
=== RUN START: null0721_n1500 dina Mon Sep 21 16:15:25 PDT 2026 -> nullid_null0721_n1500_dina_effMaxSG ===
  env set:   FS_S7_FIELD_COMPLEMENT=TRUE FS_S7_FIELD_SCALEC=selected FS_S7_FIELD_DECOMP=TRUE FS_S7_FIELD_RECOV=TRUE FS_S7_IJ_RESIDUAL=two_term FS_S7_FB=none FS_S7_WORKERS=12 FS_S7_MR=FALSE FS_S7_DGM=null FS_S7_CAMPAIGN=nullid FS_S7_MODE=batch FS_S7_START=1 FS_S7_NSIMS=2000 FS_S7_FOCUS=effMaxSG FS_S7_NBHD=0.20 FS_S7_HR=0.721 FS_S7_N=1500 FS_S7_METHOD=dina
  env unset: FS_S7_ER_JCUTS FS_S7_Z1Q
WALL_SECONDS=116 RC=0 OUT=nullid_null0721_n1500_dina_effMaxSG
GATE A -- null0721_n1500 (dina, hr 0.721, n 1500)
GATE A PASS (25 checks, 0 failed)
=== RUN START: null0721_n1500 grf Mon Sep 21 16:17:21 PDT 2026 -> nullid_null0721_n1500_grf_effMaxSG ===
  env set:   FS_S7_FIELD_COMPLEMENT=TRUE FS_S7_FIELD_SCALEC=selected FS_S7_FIELD_DECOMP=TRUE FS_S7_FIELD_RECOV=TRUE FS_S7_IJ_RESIDUAL=two_term FS_S7_FB=none FS_S7_WORKERS=12 FS_S7_MR=FALSE FS_S7_DGM=null FS_S7_CAMPAIGN=nullid FS_S7_MODE=batch FS_S7_START=1 FS_S7_NSIMS=2000 FS_S7_FOCUS=effMaxSG FS_S7_NBHD=0.20 FS_S7_HR=0.721 FS_S7_N=1500 FS_S7_METHOD=grf
  env unset: FS_S7_ER_JCUTS FS_S7_Z1Q
WALL_SECONDS=821 RC=0 OUT=nullid_null0721_n1500_grf_effMaxSG
GATE A -- null0721_n1500 (grf, hr 0.721, n 1500)
GATE A PASS (26 checks, 0 failed)
CELL DONE: null0721_n1500  wall=1331s
GATE C -- cell null0721_n1500 (hr 0.721, n 1500)
GATE C PASS (18 checks, 0 failed)
NULLID COMPLETE Mon Sep 21 16:31:02 PDT 2026 total_wall=6088s ; completed 4 cells: null0721_n500 null0657_n1000 null0721_n1000 null0721_n1500 ; failed 2: null0657_n500 null0657_n1500
