=== NULLMR START Mon Sep 21 09:28:57 PM PDT 2026 ; campaign nullmrsmoke ; MR on ; thresholds unset (c1 0.90 c2 0.80) ; reps 20 ; quickrun TRUE ; hard timeout 86400s (24 h), render timeout 21600s (6 h) ; watchdog pid 3805968 ; dry=0 ===
  host pop-os ; 64 physical cores ; 251 GB ; R 4.6.1 ; forestsearch 0.3.5.9000 R 4.6.1; ; 2026-09-19 03:54:02 UTC; unix ; git 40db0402 ; workers 64
=== CELL START: null0657_n500 (hr=0.657 n=500) Mon Sep 21 09:28:57 PM PDT 2026 ; elapsed 0s ===
Mem:             251          27         229           0          10         224
Swap:             19           0          19
=== RUN START: null0657_n500 consistency Mon Sep 21 09:28:57 PM PDT 2026 -> nullmrsmoke_null0657_n500_consistency_effMaxSG ===
  env set:   FS_S7_FIELD_COMPLEMENT=TRUE FS_S7_FIELD_SCALEC=selected FS_S7_FIELD_DECOMP=TRUE FS_S7_IJ_RESIDUAL=two_term FS_S7_FB=none FS_S7_WORKERS=64 FS_S7_MR=TRUE FS_S7_DGM=null FS_S7_CAMPAIGN=nullmrsmoke FS_S7_MODE=batch FS_S7_START=1 FS_S7_NSIMS=20 FS_S7_FOCUS=effMaxSG FS_S7_NBHD=0.20 FS_S7_QUICKRUN=TRUE FS_S7_HR=0.657 FS_S7_N=500 FS_S7_RETURN_RESEL=TRUE
  env unset: 
WALL_SECONDS=88 RC=0 OUT=nullmrsmoke_null0657_n500_consistency_effMaxSG
GATE A -- null0657_n500 (consistency, hr 0.657, n 500, c1 0.90, c2 0.80, 20 reps)
GATE A PASS (53 checks, 0 failed)
=== RUN START: null0657_n500 dina Mon Sep 21 09:30:25 PM PDT 2026 -> nullmrsmoke_null0657_n500_dina_effMaxSG ===
  env set:   FS_S7_FIELD_COMPLEMENT=TRUE FS_S7_FIELD_SCALEC=selected FS_S7_FIELD_DECOMP=TRUE FS_S7_IJ_RESIDUAL=two_term FS_S7_FB=none FS_S7_WORKERS=64 FS_S7_MR=TRUE FS_S7_DGM=null FS_S7_CAMPAIGN=nullmrsmoke FS_S7_MODE=batch FS_S7_START=1 FS_S7_NSIMS=20 FS_S7_FOCUS=effMaxSG FS_S7_NBHD=0.20 FS_S7_QUICKRUN=TRUE FS_S7_HR=0.657 FS_S7_N=500 FS_S7_METHOD=dina FS_S7_FIELD_RECOV=TRUE
  env unset: 
WALL_SECONDS=82 RC=0 OUT=nullmrsmoke_null0657_n500_dina_effMaxSG
GATE A -- null0657_n500 (dina, hr 0.657, n 500, c1 0.90, c2 0.80, 20 reps)
GATE A PASS (49 checks, 0 failed)
=== RUN START: null0657_n500 grf Mon Sep 21 09:31:47 PM PDT 2026 -> nullmrsmoke_null0657_n500_grf_effMaxSG ===
  env set:   FS_S7_FIELD_COMPLEMENT=TRUE FS_S7_FIELD_SCALEC=selected FS_S7_FIELD_DECOMP=TRUE FS_S7_IJ_RESIDUAL=two_term FS_S7_FB=none FS_S7_WORKERS=64 FS_S7_MR=TRUE FS_S7_DGM=null FS_S7_CAMPAIGN=nullmrsmoke FS_S7_MODE=batch FS_S7_START=1 FS_S7_NSIMS=20 FS_S7_FOCUS=effMaxSG FS_S7_NBHD=0.20 FS_S7_QUICKRUN=TRUE FS_S7_HR=0.657 FS_S7_N=500 FS_S7_METHOD=grf FS_S7_FIELD_RECOV=TRUE
  env unset: 
WALL_SECONDS=86 RC=0 OUT=nullmrsmoke_null0657_n500_grf_effMaxSG
GATE A -- null0657_n500 (grf, hr 0.657, n 500, c1 0.90, c2 0.80, 20 reps)
GATE A PASS (50 checks, 0 failed)
CELL DONE: null0657_n500  wall=256s
GATE C -- cell null0657_n500 (hr 0.657, n 500, c1 0.90, c2 0.80, 20 reps)
GATE C PASS (16 checks, 0 failed)
=== CELL START: null0721_n1500 (hr=0.721 n=1500) Mon Sep 21 09:33:13 PM PDT 2026 ; elapsed 256s ===
Mem:             251          26         229           0          10         225
Swap:             19           0          19
=== RUN START: null0721_n1500 consistency Mon Sep 21 09:33:13 PM PDT 2026 -> nullmrsmoke_null0721_n1500_consistency_effMaxSG ===
  env set:   FS_S7_FIELD_COMPLEMENT=TRUE FS_S7_FIELD_SCALEC=selected FS_S7_FIELD_DECOMP=TRUE FS_S7_IJ_RESIDUAL=two_term FS_S7_FB=none FS_S7_WORKERS=64 FS_S7_MR=TRUE FS_S7_DGM=null FS_S7_CAMPAIGN=nullmrsmoke FS_S7_MODE=batch FS_S7_START=1 FS_S7_NSIMS=20 FS_S7_FOCUS=effMaxSG FS_S7_NBHD=0.20 FS_S7_QUICKRUN=TRUE FS_S7_HR=0.721 FS_S7_N=1500 FS_S7_RETURN_RESEL=TRUE
  env unset: 
WALL_SECONDS=109 RC=0 OUT=nullmrsmoke_null0721_n1500_consistency_effMaxSG
GATE A -- null0721_n1500 (consistency, hr 0.721, n 1500, c1 0.90, c2 0.80, 20 reps)
GATE A PASS (53 checks, 0 failed)
=== RUN START: null0721_n1500 dina Mon Sep 21 09:35:02 PM PDT 2026 -> nullmrsmoke_null0721_n1500_dina_effMaxSG ===
  env set:   FS_S7_FIELD_COMPLEMENT=TRUE FS_S7_FIELD_SCALEC=selected FS_S7_FIELD_DECOMP=TRUE FS_S7_IJ_RESIDUAL=two_term FS_S7_FB=none FS_S7_WORKERS=64 FS_S7_MR=TRUE FS_S7_DGM=null FS_S7_CAMPAIGN=nullmrsmoke FS_S7_MODE=batch FS_S7_START=1 FS_S7_NSIMS=20 FS_S7_FOCUS=effMaxSG FS_S7_NBHD=0.20 FS_S7_QUICKRUN=TRUE FS_S7_HR=0.721 FS_S7_N=1500 FS_S7_METHOD=dina FS_S7_FIELD_RECOV=TRUE
  env unset: 
WALL_SECONDS=73 RC=0 OUT=nullmrsmoke_null0721_n1500_dina_effMaxSG
GATE A -- null0721_n1500 (dina, hr 0.721, n 1500, c1 0.90, c2 0.80, 20 reps)
GATE A PASS (49 checks, 0 failed)
=== RUN START: null0721_n1500 grf Mon Sep 21 09:36:15 PM PDT 2026 -> nullmrsmoke_null0721_n1500_grf_effMaxSG ===
  env set:   FS_S7_FIELD_COMPLEMENT=TRUE FS_S7_FIELD_SCALEC=selected FS_S7_FIELD_DECOMP=TRUE FS_S7_IJ_RESIDUAL=two_term FS_S7_FB=none FS_S7_WORKERS=64 FS_S7_MR=TRUE FS_S7_DGM=null FS_S7_CAMPAIGN=nullmrsmoke FS_S7_MODE=batch FS_S7_START=1 FS_S7_NSIMS=20 FS_S7_FOCUS=effMaxSG FS_S7_NBHD=0.20 FS_S7_QUICKRUN=TRUE FS_S7_HR=0.721 FS_S7_N=1500 FS_S7_METHOD=grf FS_S7_FIELD_RECOV=TRUE
  env unset: 
WALL_SECONDS=94 RC=0 OUT=nullmrsmoke_null0721_n1500_grf_effMaxSG
GATE A -- null0721_n1500 (grf, hr 0.721, n 1500, c1 0.90, c2 0.80, 20 reps)
GATE A PASS (50 checks, 0 failed)
CELL DONE: null0721_n1500  wall=277s
GATE C -- cell null0721_n1500 (hr 0.721, n 1500, c1 0.90, c2 0.80, 20 reps)
GATE C PASS (16 checks, 0 failed)
NULLMR COMPLETE Mon Sep 21 09:37:50 PM PDT 2026 total_wall=533s ; completed 2 cells: null0657_n500 null0721_n1500 ; failed 0: none
