GATE A -- null0657_n1500 (dina, hr 0.657, n 1500)
  bundle results/dina_effMaxSG_fb_mr_field_m1_h066_knoise0_n1500_null657_nb20_nomr_nullid_res_1_2000.rds
[ ok ] 2000 rows
[ ok ] sim_id is exactly 1..2000
[ ok ] no CONFIG-ERROR rows
[ ok ] every row DETECTED or NO-DETECTION
[ ok ] meta dgm_model == 'null'
[ ok ] meta target_hr_harm == the cell's HR
[ ok ] meta harm_prevalence_super == 0
[ ok ] meta harm_z1_quantile == 0.25 (M1 default, FS_S7_Z1Q unset)
[ ok ] meta subgroup_method
[ ok ] meta sg_focus == effMaxSG
[ ok ] meta effect_neighborhood == 0.20
[ ok ] meta carries the cell's n
[ ok ] meta campaign_tag == nullid
[ ok ] meta mr_inference == FALSE
[ ok ] mr_ok == 0 on every replicate (MR never ran)
[ ok ] meta fb_mode == none (no bootstrap)
[ ok ] all 118 MR / field / FB product columns are NA
[ ok ] n_true == 0 on every replicate (no planted region)
[ ok ] sensitivity is NA on every replicate (empty planted region)
[ ok ] NPV == 1 on every declaring replicate
[ ok ] specificity finite on every declaring replicate
[ ok ] 0 < |Hhat| <= n on every declaring replicate
[ ok ] every declaring replicate carries a label
[ ok ] unadjusted within-region estimate present on >= 95% of declaring replicates
[ ok ] family counts / maxT / p_sel are structurally NA (DINA and GRF enumerate their own candidates)

  declarations 278 / 2000 (0.1390) ; |Hhat| median 207 ; mean search 0.121 s
GATE A PASS (25 checks, 0 failed)
