=== NULLMR START Mon Sep 21 09:38:37 PM PDT 2026 ; campaign nullmr ; MR on ; thresholds unset (c1 0.90 c2 0.80) ; reps 2000 ; quickrun FALSE ; hard timeout 86400s (24 h), render timeout 21600s (6 h) ; watchdog pid 3895090 ; dry=0 ===
  host pop-os ; 64 physical cores ; 251 GB ; R 4.6.1 ; forestsearch 0.3.5.9000 R 4.6.1; ; 2026-09-19 03:54:02 UTC; unix ; git e13e3484 ; workers 64
=== CELL START: null0657_n500 (hr=0.657 n=500) Mon Sep 21 09:38:38 PM PDT 2026 ; elapsed 1s ===
Mem:             251          26         229           0          10         224
Swap:             19           0          19
=== RUN START: null0657_n500 consistency Mon Sep 21 09:38:38 PM PDT 2026 -> nullmr_null0657_n500_consistency_effMaxSG ===
  env set:   FS_S7_FIELD_COMPLEMENT=TRUE FS_S7_FIELD_SCALEC=selected FS_S7_FIELD_DECOMP=TRUE FS_S7_IJ_RESIDUAL=two_term FS_S7_FB=none FS_S7_WORKERS=64 FS_S7_MR=TRUE FS_S7_DGM=null FS_S7_CAMPAIGN=nullmr FS_S7_MODE=batch FS_S7_START=1 FS_S7_NSIMS=2000 FS_S7_FOCUS=effMaxSG FS_S7_NBHD=0.20 FS_S7_HR=0.657 FS_S7_N=500 FS_S7_RETURN_RESEL=TRUE
  env unset: 
WALL_SECONDS=900 RC=0 OUT=nullmr_null0657_n500_consistency_effMaxSG
GATE A -- null0657_n500 (consistency, hr 0.657, n 500, c1 0.90, c2 0.80, 2000 reps)
GATE A PASS (53 checks, 0 failed)
=== RUN START: null0657_n500 dina Mon Sep 21 09:53:38 PM PDT 2026 -> nullmr_null0657_n500_dina_effMaxSG ===
  env set:   FS_S7_FIELD_COMPLEMENT=TRUE FS_S7_FIELD_SCALEC=selected FS_S7_FIELD_DECOMP=TRUE FS_S7_IJ_RESIDUAL=two_term FS_S7_FB=none FS_S7_WORKERS=64 FS_S7_MR=TRUE FS_S7_DGM=null FS_S7_CAMPAIGN=nullmr FS_S7_MODE=batch FS_S7_START=1 FS_S7_NSIMS=2000 FS_S7_FOCUS=effMaxSG FS_S7_NBHD=0.20 FS_S7_HR=0.657 FS_S7_N=500 FS_S7_METHOD=dina FS_S7_FIELD_RECOV=TRUE
  env unset: 
WALL_SECONDS=598 RC=0 OUT=nullmr_null0657_n500_dina_effMaxSG
GATE A -- null0657_n500 (dina, hr 0.657, n 500, c1 0.90, c2 0.80, 2000 reps)
GATE A PASS (49 checks, 0 failed)
=== RUN START: null0657_n500 grf Mon Sep 21 10:03:36 PM PDT 2026 -> nullmr_null0657_n500_grf_effMaxSG ===
  env set:   FS_S7_FIELD_COMPLEMENT=TRUE FS_S7_FIELD_SCALEC=selected FS_S7_FIELD_DECOMP=TRUE FS_S7_IJ_RESIDUAL=two_term FS_S7_FB=none FS_S7_WORKERS=64 FS_S7_MR=TRUE FS_S7_DGM=null FS_S7_CAMPAIGN=nullmr FS_S7_MODE=batch FS_S7_START=1 FS_S7_NSIMS=2000 FS_S7_FOCUS=effMaxSG FS_S7_NBHD=0.20 FS_S7_HR=0.657 FS_S7_N=500 FS_S7_METHOD=grf FS_S7_FIELD_RECOV=TRUE
  env unset: 
WALL_SECONDS=1372 RC=0 OUT=nullmr_null0657_n500_grf_effMaxSG
GATE A -- null0657_n500 (grf, hr 0.657, n 500, c1 0.90, c2 0.80, 2000 reps)
GATE A PASS (50 checks, 0 failed)
CELL DONE: null0657_n500  wall=2870s
GATE C -- cell null0657_n500 (hr 0.657, n 500, c1 0.90, c2 0.80, 2000 reps)
GATE C PASS (16 checks, 0 failed)
  committed dbf210dc: nullmr null0657_n500: cell complete (3 bundles, render + gate logs; Gate A x3 and Gate C PASS)
=== CELL START: null0721_n500 (hr=0.721 n=500) Mon Sep 21 10:26:29 PM PDT 2026 ; elapsed 2872s ===
Mem:             251          26         229           0          10         224
Swap:             19           0          19
=== RUN START: null0721_n500 consistency Mon Sep 21 10:26:29 PM PDT 2026 -> nullmr_null0721_n500_consistency_effMaxSG ===
  env set:   FS_S7_FIELD_COMPLEMENT=TRUE FS_S7_FIELD_SCALEC=selected FS_S7_FIELD_DECOMP=TRUE FS_S7_IJ_RESIDUAL=two_term FS_S7_FB=none FS_S7_WORKERS=64 FS_S7_MR=TRUE FS_S7_DGM=null FS_S7_CAMPAIGN=nullmr FS_S7_MODE=batch FS_S7_START=1 FS_S7_NSIMS=2000 FS_S7_FOCUS=effMaxSG FS_S7_NBHD=0.20 FS_S7_HR=0.721 FS_S7_N=500 FS_S7_RETURN_RESEL=TRUE
  env unset: 
WALL_SECONDS=1219 RC=0 OUT=nullmr_null0721_n500_consistency_effMaxSG
GATE A -- null0721_n500 (consistency, hr 0.721, n 500, c1 0.90, c2 0.80, 2000 reps)
GATE A PASS (53 checks, 0 failed)
=== RUN START: null0721_n500 dina Mon Sep 21 10:46:48 PM PDT 2026 -> nullmr_null0721_n500_dina_effMaxSG ===
  env set:   FS_S7_FIELD_COMPLEMENT=TRUE FS_S7_FIELD_SCALEC=selected FS_S7_FIELD_DECOMP=TRUE FS_S7_IJ_RESIDUAL=two_term FS_S7_FB=none FS_S7_WORKERS=64 FS_S7_MR=TRUE FS_S7_DGM=null FS_S7_CAMPAIGN=nullmr FS_S7_MODE=batch FS_S7_START=1 FS_S7_NSIMS=2000 FS_S7_FOCUS=effMaxSG FS_S7_NBHD=0.20 FS_S7_HR=0.721 FS_S7_N=500 FS_S7_METHOD=dina FS_S7_FIELD_RECOV=TRUE
  env unset: 
WALL_SECONDS=910 RC=0 OUT=nullmr_null0721_n500_dina_effMaxSG
GATE A -- null0721_n500 (dina, hr 0.721, n 500, c1 0.90, c2 0.80, 2000 reps)
GATE A PASS (49 checks, 0 failed)
=== RUN START: null0721_n500 grf Mon Sep 21 11:01:58 PM PDT 2026 -> nullmr_null0721_n500_grf_effMaxSG ===
  env set:   FS_S7_FIELD_COMPLEMENT=TRUE FS_S7_FIELD_SCALEC=selected FS_S7_FIELD_DECOMP=TRUE FS_S7_IJ_RESIDUAL=two_term FS_S7_FB=none FS_S7_WORKERS=64 FS_S7_MR=TRUE FS_S7_DGM=null FS_S7_CAMPAIGN=nullmr FS_S7_MODE=batch FS_S7_START=1 FS_S7_NSIMS=2000 FS_S7_FOCUS=effMaxSG FS_S7_NBHD=0.20 FS_S7_HR=0.721 FS_S7_N=500 FS_S7_METHOD=grf FS_S7_FIELD_RECOV=TRUE
  env unset: 
WALL_SECONDS=1442 RC=0 OUT=nullmr_null0721_n500_grf_effMaxSG
GATE A -- null0721_n500 (grf, hr 0.721, n 500, c1 0.90, c2 0.80, 2000 reps)
GATE A PASS (50 checks, 0 failed)
CELL DONE: null0721_n500  wall=3571s
GATE C -- cell null0721_n500 (hr 0.721, n 500, c1 0.90, c2 0.80, 2000 reps)
GATE C PASS (16 checks, 0 failed)
  committed 0c87e7f3: nullmr null0721_n500: cell complete (3 bundles, render + gate logs; Gate A x3 and Gate C PASS)
=== CELL START: null0657_n1000 (hr=0.657 n=1000) Mon Sep 21 11:26:01 PM PDT 2026 ; elapsed 6444s ===
Mem:             251          26         229           0          10         224
Swap:             19           0          19
=== RUN START: null0657_n1000 consistency Mon Sep 21 11:26:01 PM PDT 2026 -> nullmr_null0657_n1000_consistency_effMaxSG ===
  env set:   FS_S7_FIELD_COMPLEMENT=TRUE FS_S7_FIELD_SCALEC=selected FS_S7_FIELD_DECOMP=TRUE FS_S7_IJ_RESIDUAL=two_term FS_S7_FB=none FS_S7_WORKERS=64 FS_S7_MR=TRUE FS_S7_DGM=null FS_S7_CAMPAIGN=nullmr FS_S7_MODE=batch FS_S7_START=1 FS_S7_NSIMS=2000 FS_S7_FOCUS=effMaxSG FS_S7_NBHD=0.20 FS_S7_HR=0.657 FS_S7_N=1000 FS_S7_RETURN_RESEL=TRUE
  env unset: 
WALL_SECONDS=1002 RC=0 OUT=nullmr_null0657_n1000_consistency_effMaxSG
GATE A -- null0657_n1000 (consistency, hr 0.657, n 1000, c1 0.90, c2 0.80, 2000 reps)
GATE A PASS (53 checks, 0 failed)
=== RUN START: null0657_n1000 dina Mon Sep 21 11:42:44 PM PDT 2026 -> nullmr_null0657_n1000_dina_effMaxSG ===
  env set:   FS_S7_FIELD_COMPLEMENT=TRUE FS_S7_FIELD_SCALEC=selected FS_S7_FIELD_DECOMP=TRUE FS_S7_IJ_RESIDUAL=two_term FS_S7_FB=none FS_S7_WORKERS=64 FS_S7_MR=TRUE FS_S7_DGM=null FS_S7_CAMPAIGN=nullmr FS_S7_MODE=batch FS_S7_START=1 FS_S7_NSIMS=2000 FS_S7_FOCUS=effMaxSG FS_S7_NBHD=0.20 FS_S7_HR=0.657 FS_S7_N=1000 FS_S7_METHOD=dina FS_S7_FIELD_RECOV=TRUE
  env unset: 
WALL_SECONDS=337 RC=0 OUT=nullmr_null0657_n1000_dina_effMaxSG
GATE A -- null0657_n1000 (dina, hr 0.657, n 1000, c1 0.90, c2 0.80, 2000 reps)
GATE A PASS (49 checks, 0 failed)
=== RUN START: null0657_n1000 grf Mon Sep 21 11:48:21 PM PDT 2026 -> nullmr_null0657_n1000_grf_effMaxSG ===
  env set:   FS_S7_FIELD_COMPLEMENT=TRUE FS_S7_FIELD_SCALEC=selected FS_S7_FIELD_DECOMP=TRUE FS_S7_IJ_RESIDUAL=two_term FS_S7_FB=none FS_S7_WORKERS=64 FS_S7_MR=TRUE FS_S7_DGM=null FS_S7_CAMPAIGN=nullmr FS_S7_MODE=batch FS_S7_START=1 FS_S7_NSIMS=2000 FS_S7_FOCUS=effMaxSG FS_S7_NBHD=0.20 FS_S7_HR=0.657 FS_S7_N=1000 FS_S7_METHOD=grf FS_S7_FIELD_RECOV=TRUE
  env unset: 
WALL_SECONDS=1501 RC=0 OUT=nullmr_null0657_n1000_grf_effMaxSG
GATE A -- null0657_n1000 (grf, hr 0.657, n 1000, c1 0.90, c2 0.80, 2000 reps)
GATE A PASS (50 checks, 0 failed)
CELL DONE: null0657_n1000  wall=2841s
GATE C -- cell null0657_n1000 (hr 0.657, n 1000, c1 0.90, c2 0.80, 2000 reps)
GATE C PASS (16 checks, 0 failed)
  committed fb9bc481: nullmr null0657_n1000: cell complete (3 bundles, render + gate logs; Gate A x3 and Gate C PASS)
=== CELL START: null0721_n1000 (hr=0.721 n=1000) Tue Sep 22 12:13:22 AM PDT 2026 ; elapsed 9286s ===
Mem:             251          26         229           0          10         225
Swap:             19           0          19
=== RUN START: null0721_n1000 consistency Tue Sep 22 12:13:23 AM PDT 2026 -> nullmr_null0721_n1000_consistency_effMaxSG ===
  env set:   FS_S7_FIELD_COMPLEMENT=TRUE FS_S7_FIELD_SCALEC=selected FS_S7_FIELD_DECOMP=TRUE FS_S7_IJ_RESIDUAL=two_term FS_S7_FB=none FS_S7_WORKERS=64 FS_S7_MR=TRUE FS_S7_DGM=null FS_S7_CAMPAIGN=nullmr FS_S7_MODE=batch FS_S7_START=1 FS_S7_NSIMS=2000 FS_S7_FOCUS=effMaxSG FS_S7_NBHD=0.20 FS_S7_HR=0.721 FS_S7_N=1000 FS_S7_RETURN_RESEL=TRUE
  env unset: 
WALL_SECONDS=1559 RC=0 OUT=nullmr_null0721_n1000_consistency_effMaxSG
GATE A -- null0721_n1000 (consistency, hr 0.721, n 1000, c1 0.90, c2 0.80, 2000 reps)
GATE A PASS (53 checks, 0 failed)
=== RUN START: null0721_n1000 dina Tue Sep 22 12:39:22 AM PDT 2026 -> nullmr_null0721_n1000_dina_effMaxSG ===
  env set:   FS_S7_FIELD_COMPLEMENT=TRUE FS_S7_FIELD_SCALEC=selected FS_S7_FIELD_DECOMP=TRUE FS_S7_IJ_RESIDUAL=two_term FS_S7_FB=none FS_S7_WORKERS=64 FS_S7_MR=TRUE FS_S7_DGM=null FS_S7_CAMPAIGN=nullmr FS_S7_MODE=batch FS_S7_START=1 FS_S7_NSIMS=2000 FS_S7_FOCUS=effMaxSG FS_S7_NBHD=0.20 FS_S7_HR=0.721 FS_S7_N=1000 FS_S7_METHOD=dina FS_S7_FIELD_RECOV=TRUE
  env unset: 
WALL_SECONDS=628 RC=0 OUT=nullmr_null0721_n1000_dina_effMaxSG
GATE A -- null0721_n1000 (dina, hr 0.721, n 1000, c1 0.90, c2 0.80, 2000 reps)
GATE A PASS (49 checks, 0 failed)
=== RUN START: null0721_n1000 grf Tue Sep 22 12:49:50 AM PDT 2026 -> nullmr_null0721_n1000_grf_effMaxSG ===
  env set:   FS_S7_FIELD_COMPLEMENT=TRUE FS_S7_FIELD_SCALEC=selected FS_S7_FIELD_DECOMP=TRUE FS_S7_IJ_RESIDUAL=two_term FS_S7_FB=none FS_S7_WORKERS=64 FS_S7_MR=TRUE FS_S7_DGM=null FS_S7_CAMPAIGN=nullmr FS_S7_MODE=batch FS_S7_START=1 FS_S7_NSIMS=2000 FS_S7_FOCUS=effMaxSG FS_S7_NBHD=0.20 FS_S7_HR=0.721 FS_S7_N=1000 FS_S7_METHOD=grf FS_S7_FIELD_RECOV=TRUE
  env unset: 
WALL_SECONDS=1645 RC=0 OUT=nullmr_null0721_n1000_grf_effMaxSG
GATE A -- null0721_n1000 (grf, hr 0.721, n 1000, c1 0.90, c2 0.80, 2000 reps)
GATE A PASS (50 checks, 0 failed)
CELL DONE: null0721_n1000  wall=3833s
GATE C -- cell null0721_n1000 (hr 0.721, n 1000, c1 0.90, c2 0.80, 2000 reps)
GATE C PASS (16 checks, 0 failed)
  committed 469dd838: nullmr null0721_n1000: cell complete (3 bundles, render + gate logs; Gate A x3 and Gate C PASS)
=== CELL START: null0657_n1500 (hr=0.657 n=1500) Tue Sep 22 01:17:16 AM PDT 2026 ; elapsed 13119s ===
Mem:             251          26         230           0          10         225
Swap:             19           0          19
=== RUN START: null0657_n1500 consistency Tue Sep 22 01:17:16 AM PDT 2026 -> nullmr_null0657_n1500_consistency_effMaxSG ===
  env set:   FS_S7_FIELD_COMPLEMENT=TRUE FS_S7_FIELD_SCALEC=selected FS_S7_FIELD_DECOMP=TRUE FS_S7_IJ_RESIDUAL=two_term FS_S7_FB=none FS_S7_WORKERS=64 FS_S7_MR=TRUE FS_S7_DGM=null FS_S7_CAMPAIGN=nullmr FS_S7_MODE=batch FS_S7_START=1 FS_S7_NSIMS=2000 FS_S7_FOCUS=effMaxSG FS_S7_NBHD=0.20 FS_S7_HR=0.657 FS_S7_N=1500 FS_S7_RETURN_RESEL=TRUE
  env unset: 
WALL_SECONDS=796 RC=0 OUT=nullmr_null0657_n1500_consistency_effMaxSG
GATE A -- null0657_n1500 (consistency, hr 0.657, n 1500, c1 0.90, c2 0.80, 2000 reps)
GATE A PASS (53 checks, 0 failed)
=== RUN START: null0657_n1500 dina Tue Sep 22 01:30:33 AM PDT 2026 -> nullmr_null0657_n1500_dina_effMaxSG ===
  env set:   FS_S7_FIELD_COMPLEMENT=TRUE FS_S7_FIELD_SCALEC=selected FS_S7_FIELD_DECOMP=TRUE FS_S7_IJ_RESIDUAL=two_term FS_S7_FB=none FS_S7_WORKERS=64 FS_S7_MR=TRUE FS_S7_DGM=null FS_S7_CAMPAIGN=nullmr FS_S7_MODE=batch FS_S7_START=1 FS_S7_NSIMS=2000 FS_S7_FOCUS=effMaxSG FS_S7_NBHD=0.20 FS_S7_HR=0.657 FS_S7_N=1500 FS_S7_METHOD=dina FS_S7_FIELD_RECOV=TRUE
  env unset: 
WALL_SECONDS=233 RC=0 OUT=nullmr_null0657_n1500_dina_effMaxSG
GATE A -- null0657_n1500 (dina, hr 0.657, n 1500, c1 0.90, c2 0.80, 2000 reps)
GATE A PASS (49 checks, 0 failed)
=== RUN START: null0657_n1500 grf Tue Sep 22 01:34:26 AM PDT 2026 -> nullmr_null0657_n1500_grf_effMaxSG ===
  env set:   FS_S7_FIELD_COMPLEMENT=TRUE FS_S7_FIELD_SCALEC=selected FS_S7_FIELD_DECOMP=TRUE FS_S7_IJ_RESIDUAL=two_term FS_S7_FB=none FS_S7_WORKERS=64 FS_S7_MR=TRUE FS_S7_DGM=null FS_S7_CAMPAIGN=nullmr FS_S7_MODE=batch FS_S7_START=1 FS_S7_NSIMS=2000 FS_S7_FOCUS=effMaxSG FS_S7_NBHD=0.20 FS_S7_HR=0.657 FS_S7_N=1500 FS_S7_METHOD=grf FS_S7_FIELD_RECOV=TRUE
  env unset: 
WALL_SECONDS=1431 RC=0 OUT=nullmr_null0657_n1500_grf_effMaxSG
GATE A -- null0657_n1500 (grf, hr 0.657, n 1500, c1 0.90, c2 0.80, 2000 reps)
GATE A PASS (50 checks, 0 failed)
CELL DONE: null0657_n1500  wall=2461s
GATE C -- cell null0657_n1500 (hr 0.657, n 1500, c1 0.90, c2 0.80, 2000 reps)
GATE C PASS (16 checks, 0 failed)
  committed 1c232574: nullmr null0657_n1500: cell complete (3 bundles, render + gate logs; Gate A x3 and Gate C PASS)
=== CELL START: null0721_n1500 (hr=0.721 n=1500) Tue Sep 22 01:58:17 AM PDT 2026 ; elapsed 15580s ===
Mem:             251          26         229           0          10         225
Swap:             19           0          19
=== RUN START: null0721_n1500 consistency Tue Sep 22 01:58:17 AM PDT 2026 -> nullmr_null0721_n1500_consistency_effMaxSG ===
  env set:   FS_S7_FIELD_COMPLEMENT=TRUE FS_S7_FIELD_SCALEC=selected FS_S7_FIELD_DECOMP=TRUE FS_S7_IJ_RESIDUAL=two_term FS_S7_FB=none FS_S7_WORKERS=64 FS_S7_MR=TRUE FS_S7_DGM=null FS_S7_CAMPAIGN=nullmr FS_S7_MODE=batch FS_S7_START=1 FS_S7_NSIMS=2000 FS_S7_FOCUS=effMaxSG FS_S7_NBHD=0.20 FS_S7_HR=0.721 FS_S7_N=1500 FS_S7_RETURN_RESEL=TRUE
  env unset: 
WALL_SECONDS=1925 RC=0 OUT=nullmr_null0721_n1500_consistency_effMaxSG
GATE A -- null0721_n1500 (consistency, hr 0.721, n 1500, c1 0.90, c2 0.80, 2000 reps)
GATE A PASS (53 checks, 0 failed)
=== RUN START: null0721_n1500 dina Tue Sep 22 02:30:22 AM PDT 2026 -> nullmr_null0721_n1500_dina_effMaxSG ===
  env set:   FS_S7_FIELD_COMPLEMENT=TRUE FS_S7_FIELD_SCALEC=selected FS_S7_FIELD_DECOMP=TRUE FS_S7_IJ_RESIDUAL=two_term FS_S7_FB=none FS_S7_WORKERS=64 FS_S7_MR=TRUE FS_S7_DGM=null FS_S7_CAMPAIGN=nullmr FS_S7_MODE=batch FS_S7_START=1 FS_S7_NSIMS=2000 FS_S7_FOCUS=effMaxSG FS_S7_NBHD=0.20 FS_S7_HR=0.721 FS_S7_N=1500 FS_S7_METHOD=dina FS_S7_FIELD_RECOV=TRUE
  env unset: 
WALL_SECONDS=442 RC=0 OUT=nullmr_null0721_n1500_dina_effMaxSG
GATE A -- null0721_n1500 (dina, hr 0.721, n 1500, c1 0.90, c2 0.80, 2000 reps)
GATE A PASS (49 checks, 0 failed)
=== RUN START: null0721_n1500 grf Tue Sep 22 02:37:44 AM PDT 2026 -> nullmr_null0721_n1500_grf_effMaxSG ===
  env set:   FS_S7_FIELD_COMPLEMENT=TRUE FS_S7_FIELD_SCALEC=selected FS_S7_FIELD_DECOMP=TRUE FS_S7_IJ_RESIDUAL=two_term FS_S7_FB=none FS_S7_WORKERS=64 FS_S7_MR=TRUE FS_S7_DGM=null FS_S7_CAMPAIGN=nullmr FS_S7_MODE=batch FS_S7_START=1 FS_S7_NSIMS=2000 FS_S7_FOCUS=effMaxSG FS_S7_NBHD=0.20 FS_S7_HR=0.721 FS_S7_N=1500 FS_S7_METHOD=grf FS_S7_FIELD_RECOV=TRUE
  env unset: 
WALL_SECONDS=1918 RC=0 OUT=nullmr_null0721_n1500_grf_effMaxSG
GATE A -- null0721_n1500 (grf, hr 0.721, n 1500, c1 0.90, c2 0.80, 2000 reps)
GATE A PASS (50 checks, 0 failed)
CELL DONE: null0721_n1500  wall=4285s
GATE C -- cell null0721_n1500 (hr 0.721, n 1500, c1 0.90, c2 0.80, 2000 reps)
GATE C PASS (16 checks, 0 failed)
  committed 5213222b: nullmr null0721_n1500: cell complete (3 bundles, render + gate logs; Gate A x3 and Gate C PASS)
NULLMR COMPLETE Tue Sep 22 03:09:42 AM PDT 2026 total_wall=19865s ; completed 6 cells: null0657_n500 null0721_n500 null0657_n1000 null0721_n1000 null0657_n1500 null0721_n1500 ; failed 0: none
