=== NULLTHR START Mon Sep 21 07:44:42 PM PDT 2026 ; campaign nullc125 ; c1 1.25 c2 1.00 ; reps 2000 ; quickrun FALSE ; hard timeout 21600s (6 h), render timeout 5400s ; watchdog pid 383667 ; dry=0 ===
  host pop-os ; 64 physical cores ; 251 GB ; R 4.6.1 ; forestsearch 0.3.5.9000 R 4.6.1; ; 2026-09-19 03:54:02 UTC; unix ; git 156c6c6b ; workers 64
=== CELL START: null0657_n500 (hr=0.657 n=500) Mon Sep 21 07:44:42 PM PDT 2026 ; elapsed 0s ===
Mem:             251          25         230           0           9         225
Swap:             19           0          19
=== RUN START: null0657_n500 consistency Mon Sep 21 07:44:42 PM PDT 2026 -> nullc125_null0657_n500_consistency_effMaxSG ===
  env set:   FS_S7_FIELD_COMPLEMENT=TRUE FS_S7_FIELD_SCALEC=selected FS_S7_FIELD_DECOMP=TRUE FS_S7_FIELD_RECOV=TRUE FS_S7_IJ_RESIDUAL=two_term FS_S7_FB=none FS_S7_WORKERS=64 FS_S7_MR=FALSE FS_S7_DGM=null FS_S7_CAMPAIGN=nullc125 FS_S7_MODE=batch FS_S7_START=1 FS_S7_NSIMS=2000 FS_S7_FOCUS=effMaxSG FS_S7_NBHD=0.20 FS_S7_C1=1.25 FS_S7_C2=1.00 FS_S7_HR=0.657 FS_S7_N=500
  env unset: 
WALL_SECONDS=186 RC=0 OUT=nullc125_null0657_n500_consistency_effMaxSG
GATE A -- null0657_n500 (consistency, hr 0.657, n 500, c1 1.25, c2 1.00, 2000 reps)
GATE A PASS (42 checks, 0 failed)
=== RUN START: null0657_n500 dina Mon Sep 21 07:47:48 PM PDT 2026 -> nullc125_null0657_n500_dina_effMaxSG ===
  env set:   FS_S7_FIELD_COMPLEMENT=TRUE FS_S7_FIELD_SCALEC=selected FS_S7_FIELD_DECOMP=TRUE FS_S7_FIELD_RECOV=TRUE FS_S7_IJ_RESIDUAL=two_term FS_S7_FB=none FS_S7_WORKERS=64 FS_S7_MR=FALSE FS_S7_DGM=null FS_S7_CAMPAIGN=nullc125 FS_S7_MODE=batch FS_S7_START=1 FS_S7_NSIMS=2000 FS_S7_FOCUS=effMaxSG FS_S7_NBHD=0.20 FS_S7_C1=1.25 FS_S7_C2=1.00 FS_S7_HR=0.657 FS_S7_N=500 FS_S7_METHOD=dina
  env unset: 
WALL_SECONDS=105 RC=0 OUT=nullc125_null0657_n500_dina_effMaxSG
GATE A -- null0657_n500 (dina, hr 0.657, n 500, c1 1.25, c2 1.00, 2000 reps)
GATE A PASS (36 checks, 0 failed)
=== RUN START: null0657_n500 grf Mon Sep 21 07:49:33 PM PDT 2026 -> nullc125_null0657_n500_grf_effMaxSG ===
  env set:   FS_S7_FIELD_COMPLEMENT=TRUE FS_S7_FIELD_SCALEC=selected FS_S7_FIELD_DECOMP=TRUE FS_S7_FIELD_RECOV=TRUE FS_S7_IJ_RESIDUAL=two_term FS_S7_FB=none FS_S7_WORKERS=64 FS_S7_MR=FALSE FS_S7_DGM=null FS_S7_CAMPAIGN=nullc125 FS_S7_MODE=batch FS_S7_START=1 FS_S7_NSIMS=2000 FS_S7_FOCUS=effMaxSG FS_S7_NBHD=0.20 FS_S7_C1=1.25 FS_S7_C2=1.00 FS_S7_HR=0.657 FS_S7_N=500 FS_S7_METHOD=grf
  env unset: 
WALL_SECONDS=418 RC=0 OUT=nullc125_null0657_n500_grf_effMaxSG
GATE A -- null0657_n500 (grf, hr 0.657, n 500, c1 1.25, c2 1.00, 2000 reps)
GATE A PASS (37 checks, 0 failed)
CELL DONE: null0657_n500  wall=709s
GATE C -- cell null0657_n500 (hr 0.657, n 500, c1 1.25, c2 1.00, 2000 reps)
GATE C PASS (16 checks, 0 failed)
  committed f7bbfa40: nullc125 null0657_n500: cell complete (3 bundles, render + gate logs; Gate A x3 and Gate C PASS)
=== CELL START: null0721_n500 (hr=0.721 n=500) Mon Sep 21 07:56:31 PM PDT 2026 ; elapsed 709s ===
Mem:             251          26         229           0           9         224
Swap:             19           0          19
=== RUN START: null0721_n500 consistency Mon Sep 21 07:56:31 PM PDT 2026 -> nullc125_null0721_n500_consistency_effMaxSG ===
  env set:   FS_S7_FIELD_COMPLEMENT=TRUE FS_S7_FIELD_SCALEC=selected FS_S7_FIELD_DECOMP=TRUE FS_S7_FIELD_RECOV=TRUE FS_S7_IJ_RESIDUAL=two_term FS_S7_FB=none FS_S7_WORKERS=64 FS_S7_MR=FALSE FS_S7_DGM=null FS_S7_CAMPAIGN=nullc125 FS_S7_MODE=batch FS_S7_START=1 FS_S7_NSIMS=2000 FS_S7_FOCUS=effMaxSG FS_S7_NBHD=0.20 FS_S7_C1=1.25 FS_S7_C2=1.00 FS_S7_HR=0.721 FS_S7_N=500
  env unset: 
WALL_SECONDS=216 RC=0 OUT=nullc125_null0721_n500_consistency_effMaxSG
GATE A -- null0721_n500 (consistency, hr 0.721, n 500, c1 1.25, c2 1.00, 2000 reps)
GATE A PASS (42 checks, 0 failed)
=== RUN START: null0721_n500 dina Mon Sep 21 08:00:07 PM PDT 2026 -> nullc125_null0721_n500_dina_effMaxSG ===
  env set:   FS_S7_FIELD_COMPLEMENT=TRUE FS_S7_FIELD_SCALEC=selected FS_S7_FIELD_DECOMP=TRUE FS_S7_FIELD_RECOV=TRUE FS_S7_IJ_RESIDUAL=two_term FS_S7_FB=none FS_S7_WORKERS=64 FS_S7_MR=FALSE FS_S7_DGM=null FS_S7_CAMPAIGN=nullc125 FS_S7_MODE=batch FS_S7_START=1 FS_S7_NSIMS=2000 FS_S7_FOCUS=effMaxSG FS_S7_NBHD=0.20 FS_S7_C1=1.25 FS_S7_C2=1.00 FS_S7_HR=0.721 FS_S7_N=500 FS_S7_METHOD=dina
  env unset: 
WALL_SECONDS=131 RC=0 OUT=nullc125_null0721_n500_dina_effMaxSG
GATE A -- null0721_n500 (dina, hr 0.721, n 500, c1 1.25, c2 1.00, 2000 reps)
GATE A PASS (36 checks, 0 failed)
=== RUN START: null0721_n500 grf Mon Sep 21 08:02:18 PM PDT 2026 -> nullc125_null0721_n500_grf_effMaxSG ===
  env set:   FS_S7_FIELD_COMPLEMENT=TRUE FS_S7_FIELD_SCALEC=selected FS_S7_FIELD_DECOMP=TRUE FS_S7_FIELD_RECOV=TRUE FS_S7_IJ_RESIDUAL=two_term FS_S7_FB=none FS_S7_WORKERS=64 FS_S7_MR=FALSE FS_S7_DGM=null FS_S7_CAMPAIGN=nullc125 FS_S7_MODE=batch FS_S7_START=1 FS_S7_NSIMS=2000 FS_S7_FOCUS=effMaxSG FS_S7_NBHD=0.20 FS_S7_C1=1.25 FS_S7_C2=1.00 FS_S7_HR=0.721 FS_S7_N=500 FS_S7_METHOD=grf
  env unset: 
WALL_SECONDS=428 RC=0 OUT=nullc125_null0721_n500_grf_effMaxSG
GATE A -- null0721_n500 (grf, hr 0.721, n 500, c1 1.25, c2 1.00, 2000 reps)
GATE A PASS (37 checks, 0 failed)
CELL DONE: null0721_n500  wall=775s
GATE C -- cell null0721_n500 (hr 0.721, n 500, c1 1.25, c2 1.00, 2000 reps)
GATE C PASS (16 checks, 0 failed)
  committed f16f7257: nullc125 null0721_n500: cell complete (3 bundles, render + gate logs; Gate A x3 and Gate C PASS)
=== CELL START: null0657_n1000 (hr=0.657 n=1000) Mon Sep 21 08:09:26 PM PDT 2026 ; elapsed 1484s ===
Mem:             251          26         229           0           9         224
Swap:             19           0          19
=== RUN START: null0657_n1000 consistency Mon Sep 21 08:09:26 PM PDT 2026 -> nullc125_null0657_n1000_consistency_effMaxSG ===
  env set:   FS_S7_FIELD_COMPLEMENT=TRUE FS_S7_FIELD_SCALEC=selected FS_S7_FIELD_DECOMP=TRUE FS_S7_FIELD_RECOV=TRUE FS_S7_IJ_RESIDUAL=two_term FS_S7_FB=none FS_S7_WORKERS=64 FS_S7_MR=FALSE FS_S7_DGM=null FS_S7_CAMPAIGN=nullc125 FS_S7_MODE=batch FS_S7_START=1 FS_S7_NSIMS=2000 FS_S7_FOCUS=effMaxSG FS_S7_NBHD=0.20 FS_S7_C1=1.25 FS_S7_C2=1.00 FS_S7_HR=0.657 FS_S7_N=1000
  env unset: 
WALL_SECONDS=190 RC=0 OUT=nullc125_null0657_n1000_consistency_effMaxSG
GATE A -- null0657_n1000 (consistency, hr 0.657, n 1000, c1 1.25, c2 1.00, 2000 reps)
GATE A PASS (42 checks, 0 failed)
=== RUN START: null0657_n1000 dina Mon Sep 21 08:12:36 PM PDT 2026 -> nullc125_null0657_n1000_dina_effMaxSG ===
  env set:   FS_S7_FIELD_COMPLEMENT=TRUE FS_S7_FIELD_SCALEC=selected FS_S7_FIELD_DECOMP=TRUE FS_S7_FIELD_RECOV=TRUE FS_S7_IJ_RESIDUAL=two_term FS_S7_FB=none FS_S7_WORKERS=64 FS_S7_MR=FALSE FS_S7_DGM=null FS_S7_CAMPAIGN=nullc125 FS_S7_MODE=batch FS_S7_START=1 FS_S7_NSIMS=2000 FS_S7_FOCUS=effMaxSG FS_S7_NBHD=0.20 FS_S7_C1=1.25 FS_S7_C2=1.00 FS_S7_HR=0.657 FS_S7_N=1000 FS_S7_METHOD=dina
  env unset: 
WALL_SECONDS=72 RC=0 OUT=nullc125_null0657_n1000_dina_effMaxSG
GATE A -- null0657_n1000 (dina, hr 0.657, n 1000, c1 1.25, c2 1.00, 2000 reps)
GATE A PASS (36 checks, 0 failed)
=== RUN START: null0657_n1000 grf Mon Sep 21 08:13:48 PM PDT 2026 -> nullc125_null0657_n1000_grf_effMaxSG ===
  env set:   FS_S7_FIELD_COMPLEMENT=TRUE FS_S7_FIELD_SCALEC=selected FS_S7_FIELD_DECOMP=TRUE FS_S7_FIELD_RECOV=TRUE FS_S7_IJ_RESIDUAL=two_term FS_S7_FB=none FS_S7_WORKERS=64 FS_S7_MR=FALSE FS_S7_DGM=null FS_S7_CAMPAIGN=nullc125 FS_S7_MODE=batch FS_S7_START=1 FS_S7_NSIMS=2000 FS_S7_FOCUS=effMaxSG FS_S7_NBHD=0.20 FS_S7_C1=1.25 FS_S7_C2=1.00 FS_S7_HR=0.657 FS_S7_N=1000 FS_S7_METHOD=grf
  env unset: 
WALL_SECONDS=353 RC=0 OUT=nullc125_null0657_n1000_grf_effMaxSG
GATE A -- null0657_n1000 (grf, hr 0.657, n 1000, c1 1.25, c2 1.00, 2000 reps)
GATE A PASS (37 checks, 0 failed)
CELL DONE: null0657_n1000  wall=616s
GATE C -- cell null0657_n1000 (hr 0.657, n 1000, c1 1.25, c2 1.00, 2000 reps)
GATE C PASS (16 checks, 0 failed)
  committed cbfd0f34: nullc125 null0657_n1000: cell complete (3 bundles, render + gate logs; Gate A x3 and Gate C PASS)
=== CELL START: null0721_n1000 (hr=0.721 n=1000) Mon Sep 21 08:19:42 PM PDT 2026 ; elapsed 2100s ===
Mem:             251          26         229           0           9         224
Swap:             19           0          19
=== RUN START: null0721_n1000 consistency Mon Sep 21 08:19:42 PM PDT 2026 -> nullc125_null0721_n1000_consistency_effMaxSG ===
  env set:   FS_S7_FIELD_COMPLEMENT=TRUE FS_S7_FIELD_SCALEC=selected FS_S7_FIELD_DECOMP=TRUE FS_S7_FIELD_RECOV=TRUE FS_S7_IJ_RESIDUAL=two_term FS_S7_FB=none FS_S7_WORKERS=64 FS_S7_MR=FALSE FS_S7_DGM=null FS_S7_CAMPAIGN=nullc125 FS_S7_MODE=batch FS_S7_START=1 FS_S7_NSIMS=2000 FS_S7_FOCUS=effMaxSG FS_S7_NBHD=0.20 FS_S7_C1=1.25 FS_S7_C2=1.00 FS_S7_HR=0.721 FS_S7_N=1000
  env unset: 
WALL_SECONDS=200 RC=0 OUT=nullc125_null0721_n1000_consistency_effMaxSG
GATE A -- null0721_n1000 (consistency, hr 0.721, n 1000, c1 1.25, c2 1.00, 2000 reps)
GATE A PASS (42 checks, 0 failed)
=== RUN START: null0721_n1000 dina Mon Sep 21 08:23:02 PM PDT 2026 -> nullc125_null0721_n1000_dina_effMaxSG ===
  env set:   FS_S7_FIELD_COMPLEMENT=TRUE FS_S7_FIELD_SCALEC=selected FS_S7_FIELD_DECOMP=TRUE FS_S7_FIELD_RECOV=TRUE FS_S7_IJ_RESIDUAL=two_term FS_S7_FB=none FS_S7_WORKERS=64 FS_S7_MR=FALSE FS_S7_DGM=null FS_S7_CAMPAIGN=nullc125 FS_S7_MODE=batch FS_S7_START=1 FS_S7_NSIMS=2000 FS_S7_FOCUS=effMaxSG FS_S7_NBHD=0.20 FS_S7_C1=1.25 FS_S7_C2=1.00 FS_S7_HR=0.721 FS_S7_N=1000 FS_S7_METHOD=dina
  env unset: 
WALL_SECONDS=75 RC=0 OUT=nullc125_null0721_n1000_dina_effMaxSG
GATE A -- null0721_n1000 (dina, hr 0.721, n 1000, c1 1.25, c2 1.00, 2000 reps)
GATE A PASS (36 checks, 0 failed)
=== RUN START: null0721_n1000 grf Mon Sep 21 08:24:17 PM PDT 2026 -> nullc125_null0721_n1000_grf_effMaxSG ===
  env set:   FS_S7_FIELD_COMPLEMENT=TRUE FS_S7_FIELD_SCALEC=selected FS_S7_FIELD_DECOMP=TRUE FS_S7_FIELD_RECOV=TRUE FS_S7_IJ_RESIDUAL=two_term FS_S7_FB=none FS_S7_WORKERS=64 FS_S7_MR=FALSE FS_S7_DGM=null FS_S7_CAMPAIGN=nullc125 FS_S7_MODE=batch FS_S7_START=1 FS_S7_NSIMS=2000 FS_S7_FOCUS=effMaxSG FS_S7_NBHD=0.20 FS_S7_C1=1.25 FS_S7_C2=1.00 FS_S7_HR=0.721 FS_S7_N=1000 FS_S7_METHOD=grf
  env unset: 
WALL_SECONDS=400 RC=0 OUT=nullc125_null0721_n1000_grf_effMaxSG
GATE A -- null0721_n1000 (grf, hr 0.721, n 1000, c1 1.25, c2 1.00, 2000 reps)
GATE A PASS (37 checks, 0 failed)
CELL DONE: null0721_n1000  wall=675s
GATE C -- cell null0721_n1000 (hr 0.721, n 1000, c1 1.25, c2 1.00, 2000 reps)
GATE C PASS (16 checks, 0 failed)
  committed a589b879: nullc125 null0721_n1000: cell complete (3 bundles, render + gate logs; Gate A x3 and Gate C PASS)
=== CELL START: null0657_n1500 (hr=0.657 n=1500) Mon Sep 21 08:30:58 PM PDT 2026 ; elapsed 2776s ===
Mem:             251          26         229           0           9         224
Swap:             19           0          19
=== RUN START: null0657_n1500 consistency Mon Sep 21 08:30:58 PM PDT 2026 -> nullc125_null0657_n1500_consistency_effMaxSG ===
  env set:   FS_S7_FIELD_COMPLEMENT=TRUE FS_S7_FIELD_SCALEC=selected FS_S7_FIELD_DECOMP=TRUE FS_S7_FIELD_RECOV=TRUE FS_S7_IJ_RESIDUAL=two_term FS_S7_FB=none FS_S7_WORKERS=64 FS_S7_MR=FALSE FS_S7_DGM=null FS_S7_CAMPAIGN=nullc125 FS_S7_MODE=batch FS_S7_START=1 FS_S7_NSIMS=2000 FS_S7_FOCUS=effMaxSG FS_S7_NBHD=0.20 FS_S7_C1=1.25 FS_S7_C2=1.00 FS_S7_HR=0.657 FS_S7_N=1500
  env unset: 
WALL_SECONDS=196 RC=0 OUT=nullc125_null0657_n1500_consistency_effMaxSG
GATE A -- null0657_n1500 (consistency, hr 0.657, n 1500, c1 1.25, c2 1.00, 2000 reps)
GATE A PASS (42 checks, 0 failed)
=== RUN START: null0657_n1500 dina Mon Sep 21 08:34:14 PM PDT 2026 -> nullc125_null0657_n1500_dina_effMaxSG ===
  env set:   FS_S7_FIELD_COMPLEMENT=TRUE FS_S7_FIELD_SCALEC=selected FS_S7_FIELD_DECOMP=TRUE FS_S7_FIELD_RECOV=TRUE FS_S7_IJ_RESIDUAL=two_term FS_S7_FB=none FS_S7_WORKERS=64 FS_S7_MR=FALSE FS_S7_DGM=null FS_S7_CAMPAIGN=nullc125 FS_S7_MODE=batch FS_S7_START=1 FS_S7_NSIMS=2000 FS_S7_FOCUS=effMaxSG FS_S7_NBHD=0.20 FS_S7_C1=1.25 FS_S7_C2=1.00 FS_S7_HR=0.657 FS_S7_N=1500 FS_S7_METHOD=dina
  env unset: 
WALL_SECONDS=68 RC=0 OUT=nullc125_null0657_n1500_dina_effMaxSG
GATE A -- null0657_n1500 (dina, hr 0.657, n 1500, c1 1.25, c2 1.00, 2000 reps)
GATE A PASS (36 checks, 0 failed)
=== RUN START: null0657_n1500 grf Mon Sep 21 08:35:22 PM PDT 2026 -> nullc125_null0657_n1500_grf_effMaxSG ===
  env set:   FS_S7_FIELD_COMPLEMENT=TRUE FS_S7_FIELD_SCALEC=selected FS_S7_FIELD_DECOMP=TRUE FS_S7_FIELD_RECOV=TRUE FS_S7_IJ_RESIDUAL=two_term FS_S7_FB=none FS_S7_WORKERS=64 FS_S7_MR=FALSE FS_S7_DGM=null FS_S7_CAMPAIGN=nullc125 FS_S7_MODE=batch FS_S7_START=1 FS_S7_NSIMS=2000 FS_S7_FOCUS=effMaxSG FS_S7_NBHD=0.20 FS_S7_C1=1.25 FS_S7_C2=1.00 FS_S7_HR=0.657 FS_S7_N=1500 FS_S7_METHOD=grf
  env unset: 
WALL_SECONDS=323 RC=0 OUT=nullc125_null0657_n1500_grf_effMaxSG
GATE A -- null0657_n1500 (grf, hr 0.657, n 1500, c1 1.25, c2 1.00, 2000 reps)
GATE A PASS (37 checks, 0 failed)
CELL DONE: null0657_n1500  wall=587s
GATE C -- cell null0657_n1500 (hr 0.657, n 1500, c1 1.25, c2 1.00, 2000 reps)
GATE C PASS (16 checks, 0 failed)
  committed 083033b5: nullc125 null0657_n1500: cell complete (3 bundles, render + gate logs; Gate A x3 and Gate C PASS)
=== CELL START: null0721_n1500 (hr=0.721 n=1500) Mon Sep 21 08:40:46 PM PDT 2026 ; elapsed 3364s ===
Mem:             251          27         229           0           9         224
Swap:             19           0          19
=== RUN START: null0721_n1500 consistency Mon Sep 21 08:40:46 PM PDT 2026 -> nullc125_null0721_n1500_consistency_effMaxSG ===
  env set:   FS_S7_FIELD_COMPLEMENT=TRUE FS_S7_FIELD_SCALEC=selected FS_S7_FIELD_DECOMP=TRUE FS_S7_FIELD_RECOV=TRUE FS_S7_IJ_RESIDUAL=two_term FS_S7_FB=none FS_S7_WORKERS=64 FS_S7_MR=FALSE FS_S7_DGM=null FS_S7_CAMPAIGN=nullc125 FS_S7_MODE=batch FS_S7_START=1 FS_S7_NSIMS=2000 FS_S7_FOCUS=effMaxSG FS_S7_NBHD=0.20 FS_S7_C1=1.25 FS_S7_C2=1.00 FS_S7_HR=0.721 FS_S7_N=1500
  env unset: 
WALL_SECONDS=196 RC=0 OUT=nullc125_null0721_n1500_consistency_effMaxSG
GATE A -- null0721_n1500 (consistency, hr 0.721, n 1500, c1 1.25, c2 1.00, 2000 reps)
GATE A PASS (42 checks, 0 failed)
=== RUN START: null0721_n1500 dina Mon Sep 21 08:44:02 PM PDT 2026 -> nullc125_null0721_n1500_dina_effMaxSG ===
  env set:   FS_S7_FIELD_COMPLEMENT=TRUE FS_S7_FIELD_SCALEC=selected FS_S7_FIELD_DECOMP=TRUE FS_S7_FIELD_RECOV=TRUE FS_S7_IJ_RESIDUAL=two_term FS_S7_FB=none FS_S7_WORKERS=64 FS_S7_MR=FALSE FS_S7_DGM=null FS_S7_CAMPAIGN=nullc125 FS_S7_MODE=batch FS_S7_START=1 FS_S7_NSIMS=2000 FS_S7_FOCUS=effMaxSG FS_S7_NBHD=0.20 FS_S7_C1=1.25 FS_S7_C2=1.00 FS_S7_HR=0.721 FS_S7_N=1500 FS_S7_METHOD=dina
  env unset: 
WALL_SECONDS=65 RC=0 OUT=nullc125_null0721_n1500_dina_effMaxSG
GATE A -- null0721_n1500 (dina, hr 0.721, n 1500, c1 1.25, c2 1.00, 2000 reps)
GATE A PASS (36 checks, 0 failed)
=== RUN START: null0721_n1500 grf Mon Sep 21 08:45:07 PM PDT 2026 -> nullc125_null0721_n1500_grf_effMaxSG ===
  env set:   FS_S7_FIELD_COMPLEMENT=TRUE FS_S7_FIELD_SCALEC=selected FS_S7_FIELD_DECOMP=TRUE FS_S7_FIELD_RECOV=TRUE FS_S7_IJ_RESIDUAL=two_term FS_S7_FB=none FS_S7_WORKERS=64 FS_S7_MR=FALSE FS_S7_DGM=null FS_S7_CAMPAIGN=nullc125 FS_S7_MODE=batch FS_S7_START=1 FS_S7_NSIMS=2000 FS_S7_FOCUS=effMaxSG FS_S7_NBHD=0.20 FS_S7_C1=1.25 FS_S7_C2=1.00 FS_S7_HR=0.721 FS_S7_N=1500 FS_S7_METHOD=grf
  env unset: 
WALL_SECONDS=380 RC=0 OUT=nullc125_null0721_n1500_grf_effMaxSG
GATE A -- null0721_n1500 (grf, hr 0.721, n 1500, c1 1.25, c2 1.00, 2000 reps)
GATE A PASS (37 checks, 0 failed)
CELL DONE: null0721_n1500  wall=641s
GATE C -- cell null0721_n1500 (hr 0.721, n 1500, c1 1.25, c2 1.00, 2000 reps)
GATE C PASS (16 checks, 0 failed)
  committed eaff6ab0: nullc125 null0721_n1500: cell complete (3 bundles, render + gate logs; Gate A x3 and Gate C PASS)
NULLTHR COMPLETE Mon Sep 21 08:51:27 PM PDT 2026 total_wall=4005s ; completed 6 cells: null0657_n500 null0721_n500 null0657_n1000 null0721_n1000 null0657_n1500 null0721_n1500 ; failed 0: none
