=== RUN START: consistency effMaxSG Sat Sep 12 23:25:32 PDT 2026 ===
WALL_SECONDS=21 RC=0 OUT=partBoc_consistency_effMaxSG
=== RUN START: consistency effMinSG Sat Sep 12 23:25:53 PDT 2026 ===
WALL_SECONDS=19 RC=0 OUT=partBoc_consistency_effMinSG
=== RUN START: consistency maxeffCons Sat Sep 12 23:26:12 PDT 2026 ===
WALL_SECONDS=20 RC=0 OUT=partBoc_consistency_maxeffCons
=== RUN START: consistency maxeff Sat Sep 12 23:26:32 PDT 2026 ===
WALL_SECONDS=23 RC=0 OUT=partBoc_consistency_maxeff
=== RUN START: consistency maxSG Sat Sep 12 23:26:55 PDT 2026 ===
WALL_SECONDS=19 RC=0 OUT=partBoc_consistency_maxSG
=== RUN START: consistency minSG Sat Sep 12 23:27:14 PDT 2026 ===
WALL_SECONDS=20 RC=0 OUT=partBoc_consistency_minSG
=== RUN START: dina effMaxSG Sat Sep 12 23:27:34 PDT 2026 ===
WALL_SECONDS=18 RC=0 OUT=partBoc_dina_effMaxSG
=== RUN START: dina effMinSG Sat Sep 12 23:27:52 PDT 2026 ===
WALL_SECONDS=18 RC=0 OUT=partBoc_dina_effMinSG
=== RUN START: dina maxSG Sat Sep 12 23:28:10 PDT 2026 ===
WALL_SECONDS=18 RC=0 OUT=partBoc_dina_maxSG
=== RUN START: dina minSG Sat Sep 12 23:28:28 PDT 2026 ===
WALL_SECONDS=18 RC=0 OUT=partBoc_dina_minSG
=== RUN START: dina maxeffCons Sat Sep 12 23:28:46 PDT 2026 ===
WALL_SECONDS=18 RC=0 OUT=partBoc_dina_maxeffCons
=== RUN START: grf effMaxSG Sat Sep 12 23:29:04 PDT 2026 ===
WALL_SECONDS=21 RC=0 OUT=partBoc_grf_effMaxSG
=== RUN START: grf effMinSG Sat Sep 12 23:29:25 PDT 2026 ===
WALL_SECONDS=21 RC=0 OUT=partBoc_grf_effMinSG
=== RUN START: grf maxSG Sat Sep 12 23:29:46 PDT 2026 ===
WALL_SECONDS=22 RC=0 OUT=partBoc_grf_maxSG
=== RUN START: grf minSG Sat Sep 12 23:30:08 PDT 2026 ===
WALL_SECONDS=21 RC=0 OUT=partBoc_grf_minSG
=== RUN START: grf maxeffCons Sat Sep 12 23:30:29 PDT 2026 ===
WALL_SECONDS=21 RC=0 OUT=partBoc_grf_maxeffCons
OC SMOKE COMPLETE Sat Sep 12 23:30:50 PDT 2026 total_wall=318s
