[31m

processing file: summary_grfmr.qmd
[39m1/79                    
2/79 [setup]            
3/79                    
4/79 [inventory]        
5/79                    
6/79 [detection]        
7/79                    
8/79 [detection-plot]   
9/79                    
10/79 [structna]         
11/79                    
12/79 [cov-fns]          
13/79                    
14/79 [cov]              
15/79                    
16/79 [cov-across]       
17/79                    
18/79 [cov-plots]        
19/79                    
20/79 [fs-comparator-map]
21/79                    
22/79 [wilson-fn]        
23/79                    
24/79 [vsn-h]            
25/79                    
26/79 [vsn-h-plot]       
27/79                    
28/79 [vsn-c]            
29/79                    
30/79 [twosided]         
31/79                    
32/79 [twosided-plot]    
33/79                    
34/79 [ident]            
35/79                    
36/79 [ident-plot]       
37/79                    
38/79 [family]           
39/79                    
40/79 [admitted]         
41/79                    
42/79 [admitted-plot]    
43/79                    
44/79 [family-plot]      
45/79                    
46/79 [fsgrid]           
47/79                    
48/79 [recov]            
49/79                    
50/79 [tert]             
51/79                    
52/79 [tert-plot]        
53/79                    
54/79 [strat-fns]        
55/79                    
56/79 [strat-k]          
57/79                    
58/79 [strat-p]          
59/79                    
60/79 [strat-xtab]       
61/79                    
62/79 [strat-miss]       
63/79                    
64/79 [strat-gamma]      
65/79                    
66/79 [fs-phat]          
67/79                    
68/79 [fs-phat-overlay]  
69/79                    
70/79 [null]             
71/79                    
72/79 [null-products]    
73/79                    
74/79 [null-location]    
75/79                    
76/79 [null-fs]          
77/79                    
78/79 [record]           
79/79                    
[31moutput file: summary_grfmr.knit.md

[39m[1mpandoc --output summary_grfmr.html[22m
  to: html
  standalone: true
  embed-resources: true
  section-divs: true
  html-math-method: mathjax
  wrap: none
  default-image-extension: png
  toc: true
  toc-depth: 3
  number-sections: true
  
[1mmetadata[22m
  document-css: false
  link-citations: true
  date-format: long
  lang: en
  toc-location: left
  theme: cosmo
  smooth-scroll: true
  title-block-banner: '#2C3E50'
  title-block-banner-color: white
  mainfont: Palatino, Georgia, serif
  monofont: Fira Code, JetBrains Mono, Consolas, monospace
  fontsize: 1.05em
  linestretch: 1.45
  anchor-sections: true
  title: 'GRF: naive / field / field-s / IJ two-term across both prevalences'
  subtitle: Campaign grfmr (GRF frontier, effMaxSG eps 0.20, n 500 / 1000 / 1500 at HR 1.50 / 1.75, 12.4% and 31% prevalence); TASK_grfmr_campaign_2026-09-11; transplanted from summary_dinamr.qmd
  author: Larry Leon
  date: today
  
Output created: summary_grfmr.html

