[31m

processing file: summary_continuous_field_mddina.qmd
[39m1/29                    
2/29 [setup]            
3/29                    
4/29 [status]           
5/29                    
6/29 [tableH]           
7/29                    
8/29 [tableHc]          
9/29                    
10/29 [bounds]           
11/29                    
12/29 [joint]            
13/29                    
14/29 [identification]   
15/29                    
16/29 [three-identifiers]
17/29                    
18/29 [regime]           
19/29                    
20/29 [display-table]    
21/29                    
22/29 [display-H]        
23/29                    
24/29 [display-Hc]       
25/29                    
26/29 [extract]          
27/29                    
28/29 [session]          
29/29                    
[31moutput file: summary_continuous_field_mddina.knit.md

[39m[1mpandoc [22m
  to: html
  output-file: summary_continuous_field_mddina.html
  standalone: true
  embed-resources: true
  section-divs: true
  html-math-method: mathjax
  wrap: none
  default-image-extension: png
  toc: true
  toc-depth: 4
  number-sections: true
  variables: {}
  
[1mmetadata[22m
  document-css: false
  link-citations: true
  date-format: long
  lang: en
  engines:
    - path: /usr/lib/rstudio/resources/app/bin/quarto/share/extension-subtrees/julia-engine/_extensions/julia-engine/julia-engine.js
  toc-location: left
  theme: cosmo
  smooth-scroll: true
  title-block-banner: '#2C3E50'
  title-block-banner-color: white
  mainfont: Palatino, Georgia, serif
  monofont: Fira Code, JetBrains Mono, Consolas, monospace
  fontsize: 1.05em
  linestretch: 1.45
  anchor-sections: true
  title: DINA on the continuous/MD path — campaign mddina (effMaxSG, ε = 0.20), four cells, paired with mdsgnb20, beside FS and GRF
  subtitle: 'Cross-cell summary of the committed combined bundles: Ĥ and Ĥᶜ tables, the D3 bound-location ladder, the joint pair, identification beside FS and GRF, the three-identifier table, regime diagnostics, display; writes md_dina_metrics.csv. Conditional on the proposed family.'
  author: Larry F. León
  date: today
  
Output created: summary_continuous_field_mddina.html

