2026-09-19T20:47:33Z	dina	passed=52339	applied=157017	dina_x_ordina_batch_1_1000.html
2026-09-19T20:47:33Z	grf	passed=52339	applied=52339	grf_x_orgrf_batch_1_1000.html
2026-09-19T20:47:34Z	dina	passed=2	applied=2	<no output arg>
2026-09-19T20:49:59Z	grf	passed=52339	applied=52339	grf_effMaxSG_mr_field_or075_n500_nb20_orgrf_combine_1_1000.html
2026-09-19T20:50:19Z	grf	passed=52339	applied=52339	grf_effMaxSG_mr_field_or100_n500_nb20_orgrf_batch_1_1000.html
2026-09-19T21:14:07Z	grf	passed=52339	applied=52339	grf_effMaxSG_mr_field_or100_n500_nb20_orgrf_combine_1_1000.html
2026-09-19T21:14:28Z	grf	passed=52339	applied=52339	grf_effMaxSG_mr_field_or075_n2000_nb20_orgrf_batch_1_1000.html
2026-09-19T21:46:47Z	grf	passed=52339	applied=52339	grf_effMaxSG_mr_field_or075_n2000_nb20_orgrf_combine_1_1000.html
2026-09-19T21:47:08Z	grf	passed=52339	applied=52339	grf_effMaxSG_mr_field_or100_n2000_nb20_orgrf_batch_1_1000.html
2026-09-19T22:19:35Z	grf	passed=52339	applied=52339	grf_effMaxSG_mr_field_or100_n2000_nb20_orgrf_combine_1_1000.html
2026-09-19T22:19:56Z	grf	passed=52339	applied=52339	grf_effMaxSG_mr_field_or150_n2000_nb20_orgrf_batch_1_1000.html
2026-09-19T22:54:10Z	grf	passed=52339	applied=52339	grf_effMaxSG_mr_field_or150_n2000_nb20_orgrf_combine_1_1000.html
2026-09-19T22:54:31Z	dina	passed=52339	applied=157017	dina_effMaxSG_mr_field_or075_n500_nb20_ordina_batch_1_1000.html
2026-09-19T23:16:25Z	dina	passed=52339	applied=157017	dina_effMaxSG_mr_field_or075_n500_nb20_ordina_combine_1_1000.html
2026-09-19T23:16:46Z	dina	passed=52339	applied=157017	dina_effMaxSG_mr_field_or100_n500_nb20_ordina_batch_1_1000.html
2026-09-19T23:42:09Z	dina	passed=52339	applied=157017	dina_effMaxSG_mr_field_or100_n500_nb20_ordina_combine_1_1000.html
2026-09-19T23:42:30Z	dina	passed=52339	applied=157017	dina_effMaxSG_mr_field_or075_n2000_nb20_ordina_batch_1_1000.html
2026-09-19T23:54:27Z	dina	passed=52339	applied=157017	dina_effMaxSG_mr_field_or075_n2000_nb20_ordina_combine_1_1000.html
2026-09-19T23:54:48Z	dina	passed=52339	applied=157017	dina_effMaxSG_mr_field_or100_n2000_nb20_ordina_batch_1_1000.html
2026-09-20T00:11:04Z	dina	passed=52339	applied=157017	dina_effMaxSG_mr_field_or100_n2000_nb20_ordina_combine_1_1000.html
2026-09-20T00:11:25Z	dina	passed=52339	applied=157017	dina_effMaxSG_mr_field_or150_n2000_nb20_ordina_batch_1_1000.html
2026-09-20T00:39:20Z	dina	passed=52339	applied=157017	dina_effMaxSG_mr_field_or150_n2000_nb20_ordina_combine_1_1000.html
