script directory: /home/larryleon/Documents/GitHub/forestsearch/quarto/GuoHe 
cores: 102 

=== fitting forestsearch(sg_focus = 'eff') ===
fit completed in 25.2 s
selected subgroup: {er <= 0} & {size <= 35} 
gate n_family: 1744 

=== Guo & He comparator on the reconstructed family ===
comparator parallel: TRUE | workers: 102
Reconstructed family: 1744 candidates from 66 cuts (maxk = 2, n.min = 60)
Self-check vs gate n_family: PASS (1744 == 1744)
sg_focus = hr  (in scope)
Guo-He Algorithm 3 (enumerated family)  [survival, orient = +1]
  family           : 1744 candidates (1744 estimable), n = 686
  selected         : q1.1 & q27.1
  naive hazard ratio    : 2.5369
  de-biased hazard ratio: 0.8704
  lower bound (one-sided, 0.950) : 0.5131   [CERTIFIED]
  two-sided CI (0.95, quantile inversion): (0.4463, 1.3736)   [EXTENSION]
  Wald CI (0.95, Zhao-style)             : (0.4878, 1.5529)   [HEURISTIC]
  B = 2000, r = 0.030
  resample drop-out: 17 candidate(s) non-zero; worst q8.0 & q32.0 = 0.009

=== ACCEPTANCE CHECK ===
self-check: PASS (1744 == 1744) 
Family reconstruction is faithful to the search's own enumeration.

saved: /home/larryleon/Documents/GitHub/forestsearch/quarto/GuoHe/guohe_gbsg_maxeff_result.rds 
