[2026-09-23 21:14:30] RUN START tag=s5rerun workers=13 HEAD=24c18738
[2026-09-23 21:14:30] CELL START A7 (p12x20 HR 1.00 n 500 z1q -): projection 1728s, guard 5184s
WORKER_BUILD_CHECK pids=13 lib=/Library/Frameworks/R.framework/Versions/4.5-arm64/Resources/library/forestsearch built=R 4.5.2; ; 2026-09-24 04:00:02 UTC; unix fix_formal=TRUE pcons_eff=TRUE OK=TRUE
WALL_SECONDS=905 RC=0 OUT=s5rerun_A7_batch_1
WORKER_BUILD_CHECK pids=13 lib=/Library/Frameworks/R.framework/Versions/4.5-arm64/Resources/library/forestsearch built=R 4.5.2; ; 2026-09-24 04:00:02 UTC; unix fix_formal=TRUE pcons_eff=TRUE OK=TRUE
[2026-09-23 21:35:25] NOTE caffeinate -is -w 67001 attached (pid 73920) so idle/system sleep cannot pause the run; the driver was launched under caffeinate -i
WALL_SECONDS=992 RC=0 OUT=s5rerun_A7_batch_1001
WORKER_BUILD_CHECK pids=13 lib=/Library/Frameworks/R.framework/Versions/4.5-arm64/Resources/library/forestsearch built=R 4.5.2; ; 2026-09-24 04:00:02 UTC; unix fix_formal=TRUE pcons_eff=TRUE OK=TRUE
WALL_SECONDS=11 RC=0 OUT=s5rerun_A7_combine_1
Error in data.frame(cell = a[1], wall_s = as.integer(a[3]), workers = as.integer(a[4]),  : 
  arguments imply differing number of rows: 1, 0
Execution halted
[2026-09-23 21:46:46] RECORD FAIL A7
[2026-09-23 21:46:46] CELL DONE A7 wall=1936s projection=1728s
[2026-09-23 21:46:46] CELL START P31_h100_n500 (cert20 HR 1.00 n 500 z1q 0.60): projection 2133s, guard 6399s
WORKER_BUILD_CHECK pids=13 lib=/Library/Frameworks/R.framework/Versions/4.5-arm64/Resources/library/forestsearch built=R 4.5.2; ; 2026-09-24 04:00:02 UTC; unix fix_formal=TRUE pcons_eff=TRUE OK=TRUE
[2026-09-23 21:47:08] NOTE record_cell.R: meta n_workers is NULL on combined bundles; now NA-tolerant; A7 record backfilled by hand (wall 1936 s, 13 workers)
WALL_SECONDS=1316 RC=0 OUT=s5rerun_P31_h100_n500_batch_1
WORKER_BUILD_CHECK pids=13 lib=/Library/Frameworks/R.framework/Versions/4.5-arm64/Resources/library/forestsearch built=R 4.5.2; ; 2026-09-24 04:00:02 UTC; unix fix_formal=TRUE pcons_eff=TRUE OK=TRUE
WALL_SECONDS=1323 RC=0 OUT=s5rerun_P31_h100_n500_batch_1001
WORKER_BUILD_CHECK pids=13 lib=/Library/Frameworks/R.framework/Versions/4.5-arm64/Resources/library/forestsearch built=R 4.5.2; ; 2026-09-24 04:00:02 UTC; unix fix_formal=TRUE pcons_eff=TRUE OK=TRUE
WALL_SECONDS=12 RC=0 OUT=s5rerun_P31_h100_n500_combine_1
           cell wall_s workers meta_workers reps simid_1_2000 errors err_ids
1 P31_h100_n500   2679      13           NA 2000         TRUE      0        
  decl_rate n_decl campaign fs_version seed_base
1    0.9205   1841  s5rerun 0.3.5.9000   8316951
[2026-09-23 22:31:25] CELL DONE P31_h100_n500 wall=2679s projection=2133s
[2026-09-23 22:31:25] CELL START A1 (p12x20 HR 1.50 n 500 z1q -): projection 2079s, guard 6237s
WORKER_BUILD_CHECK pids=13 lib=/Library/Frameworks/R.framework/Versions/4.5-arm64/Resources/library/forestsearch built=R 4.5.2; ; 2026-09-24 04:00:02 UTC; unix fix_formal=TRUE pcons_eff=TRUE OK=TRUE
WALL_SECONDS=1203 RC=0 OUT=s5rerun_A1_batch_1
WORKER_BUILD_CHECK pids=13 lib=/Library/Frameworks/R.framework/Versions/4.5-arm64/Resources/library/forestsearch built=R 4.5.2; ; 2026-09-24 04:00:02 UTC; unix fix_formal=TRUE pcons_eff=TRUE OK=TRUE
WALL_SECONDS=1193 RC=0 OUT=s5rerun_A1_batch_1001
WORKER_BUILD_CHECK pids=13 lib=/Library/Frameworks/R.framework/Versions/4.5-arm64/Resources/library/forestsearch built=R 4.5.2; ; 2026-09-24 04:00:02 UTC; unix fix_formal=TRUE pcons_eff=TRUE OK=TRUE
WALL_SECONDS=11 RC=0 OUT=s5rerun_A1_combine_1
  cell wall_s workers meta_workers reps simid_1_2000 errors err_ids decl_rate
1   A1   2439      13           NA 2000         TRUE      0             0.911
  n_decl campaign fs_version seed_base
1   1822  s5rerun 0.3.5.9000   8316951
[2026-09-23 23:12:04] CELL DONE A1 wall=2439s projection=2079s
[2026-09-23 23:12:04] CELL START A4 (p12x20 HR 1.75 n 500 z1q -): projection 2136s, guard 6408s
WORKER_BUILD_CHECK pids=13 lib=/Library/Frameworks/R.framework/Versions/4.5-arm64/Resources/library/forestsearch built=R 4.5.2; ; 2026-09-24 04:00:02 UTC; unix fix_formal=TRUE pcons_eff=TRUE OK=TRUE
WALL_SECONDS=1227 RC=0 OUT=s5rerun_A4_batch_1
WORKER_BUILD_CHECK pids=13 lib=/Library/Frameworks/R.framework/Versions/4.5-arm64/Resources/library/forestsearch built=R 4.5.2; ; 2026-09-24 04:00:02 UTC; unix fix_formal=TRUE pcons_eff=TRUE OK=TRUE
WALL_SECONDS=1264 RC=0 OUT=s5rerun_A4_batch_1001
WORKER_BUILD_CHECK pids=13 lib=/Library/Frameworks/R.framework/Versions/4.5-arm64/Resources/library/forestsearch built=R 4.5.2; ; 2026-09-24 04:00:02 UTC; unix fix_formal=TRUE pcons_eff=TRUE OK=TRUE
WALL_SECONDS=12 RC=0 OUT=s5rerun_A4_combine_1
  cell wall_s workers meta_workers reps simid_1_2000 errors err_ids decl_rate
1   A4   2529      13           NA 2000         TRUE      0              0.95
  n_decl campaign fs_version seed_base
1   1900  s5rerun 0.3.5.9000   8316951
[2026-09-23 23:54:13] CELL DONE A4 wall=2529s projection=2136s
[2026-09-23 23:54:13] CELL START P31_h150_n500 (e1stud HR 1.50 n 500 z1q 0.60): projection 2453s, guard 7359s
WORKER_BUILD_CHECK pids=13 lib=/Library/Frameworks/R.framework/Versions/4.5-arm64/Resources/library/forestsearch built=R 4.5.2; ; 2026-09-24 04:00:02 UTC; unix fix_formal=TRUE pcons_eff=TRUE OK=TRUE
WALL_SECONDS=1571 RC=0 OUT=s5rerun_P31_h150_n500_batch_1
WORKER_BUILD_CHECK pids=13 lib=/Library/Frameworks/R.framework/Versions/4.5-arm64/Resources/library/forestsearch built=R 4.5.2; ; 2026-09-24 04:00:02 UTC; unix fix_formal=TRUE pcons_eff=TRUE OK=TRUE
WALL_SECONDS=1564 RC=0 OUT=s5rerun_P31_h150_n500_batch_1001
WORKER_BUILD_CHECK pids=13 lib=/Library/Frameworks/R.framework/Versions/4.5-arm64/Resources/library/forestsearch built=R 4.5.2; ; 2026-09-24 04:00:02 UTC; unix fix_formal=TRUE pcons_eff=TRUE OK=TRUE
WALL_SECONDS=11 RC=0 OUT=s5rerun_P31_h150_n500_combine_1
           cell wall_s workers meta_workers reps simid_1_2000 errors err_ids
1 P31_h150_n500   3161      13           NA 2000         TRUE      0        
  decl_rate n_decl campaign fs_version seed_base
1    0.9995   1999  s5rerun 0.3.5.9000   8316951
[2026-09-24 00:46:55] CELL DONE P31_h150_n500 wall=3161s projection=2453s
[2026-09-24 00:46:55] CELL START P31_h175_n500 (e1stud HR 1.75 n 500 z1q 0.60): projection 2509s, guard 7527s
WORKER_BUILD_CHECK pids=13 lib=/Library/Frameworks/R.framework/Versions/4.5-arm64/Resources/library/forestsearch built=R 4.5.2; ; 2026-09-24 04:00:02 UTC; unix fix_formal=TRUE pcons_eff=TRUE OK=TRUE
WALL_SECONDS=1642 RC=0 OUT=s5rerun_P31_h175_n500_batch_1
WORKER_BUILD_CHECK pids=13 lib=/Library/Frameworks/R.framework/Versions/4.5-arm64/Resources/library/forestsearch built=R 4.5.2; ; 2026-09-24 04:00:02 UTC; unix fix_formal=TRUE pcons_eff=TRUE OK=TRUE
WALL_SECONDS=1620 RC=0 OUT=s5rerun_P31_h175_n500_batch_1001
WORKER_BUILD_CHECK pids=13 lib=/Library/Frameworks/R.framework/Versions/4.5-arm64/Resources/library/forestsearch built=R 4.5.2; ; 2026-09-24 04:00:02 UTC; unix fix_formal=TRUE pcons_eff=TRUE OK=TRUE
WALL_SECONDS=11 RC=0 OUT=s5rerun_P31_h175_n500_combine_1
           cell wall_s workers meta_workers reps simid_1_2000 errors err_ids
1 P31_h175_n500   3291      13           NA 2000         TRUE      0        
  decl_rate n_decl campaign fs_version seed_base
1    0.9995   1999  s5rerun 0.3.5.9000   8316951
[2026-09-24 01:41:46] CELL DONE P31_h175_n500 wall=3291s projection=2509s
[2026-09-24 01:41:46] CELL START A8 (p12x20 HR 1.00 n 1000 z1q -): projection 2327s, guard 6981s
WORKER_BUILD_CHECK pids=13 lib=/Library/Frameworks/R.framework/Versions/4.5-arm64/Resources/library/forestsearch built=R 4.5.2; ; 2026-09-24 04:00:02 UTC; unix fix_formal=TRUE pcons_eff=TRUE OK=TRUE
WALL_SECONDS=972 RC=0 OUT=s5rerun_A8_batch_1
WORKER_BUILD_CHECK pids=13 lib=/Library/Frameworks/R.framework/Versions/4.5-arm64/Resources/library/forestsearch built=R 4.5.2; ; 2026-09-24 04:00:02 UTC; unix fix_formal=TRUE pcons_eff=TRUE OK=TRUE
WALL_SECONDS=953 RC=0 OUT=s5rerun_A8_batch_1001
WORKER_BUILD_CHECK pids=13 lib=/Library/Frameworks/R.framework/Versions/4.5-arm64/Resources/library/forestsearch built=R 4.5.2; ; 2026-09-24 04:00:02 UTC; unix fix_formal=TRUE pcons_eff=TRUE OK=TRUE
WALL_SECONDS=10 RC=0 OUT=s5rerun_A8_combine_1
  cell wall_s workers meta_workers reps simid_1_2000 errors err_ids decl_rate
1   A8   1967      13           NA 2000         TRUE      0            0.6595
  n_decl campaign fs_version seed_base
1   1319  s5rerun 0.3.5.9000   8316951
[2026-09-24 02:14:33] CELL DONE A8 wall=1967s projection=2327s
[2026-09-24 02:14:33] CELL START P31_h100_n1000 (cert20 HR 1.00 n 1000 z1q 0.60): projection 3204s, guard 9612s
WORKER_BUILD_CHECK pids=13 lib=/Library/Frameworks/R.framework/Versions/4.5-arm64/Resources/library/forestsearch built=R 4.5.2; ; 2026-09-24 04:00:02 UTC; unix fix_formal=TRUE pcons_eff=TRUE OK=TRUE
WALL_SECONDS=1447 RC=0 OUT=s5rerun_P31_h100_n1000_batch_1
WORKER_BUILD_CHECK pids=13 lib=/Library/Frameworks/R.framework/Versions/4.5-arm64/Resources/library/forestsearch built=R 4.5.2; ; 2026-09-24 04:00:02 UTC; unix fix_formal=TRUE pcons_eff=TRUE OK=TRUE
WALL_SECONDS=1480 RC=0 OUT=s5rerun_P31_h100_n1000_batch_1001
WORKER_BUILD_CHECK pids=13 lib=/Library/Frameworks/R.framework/Versions/4.5-arm64/Resources/library/forestsearch built=R 4.5.2; ; 2026-09-24 04:00:02 UTC; unix fix_formal=TRUE pcons_eff=TRUE OK=TRUE
WALL_SECONDS=11 RC=0 OUT=s5rerun_P31_h100_n1000_combine_1
            cell wall_s workers meta_workers reps simid_1_2000 errors err_ids
1 P31_h100_n1000   2961      13           NA 2000         TRUE      0        
  decl_rate n_decl campaign fs_version seed_base
1    0.9545   1909  s5rerun 0.3.5.9000   8316951
[2026-09-24 03:03:54] CELL DONE P31_h100_n1000 wall=2961s projection=3204s
[2026-09-24 03:03:54] CELL START A2 (p12x20 HR 1.50 n 1000 z1q -): projection 2892s, guard 8676s
WORKER_BUILD_CHECK pids=13 lib=/Library/Frameworks/R.framework/Versions/4.5-arm64/Resources/library/forestsearch built=R 4.5.2; ; 2026-09-24 04:00:02 UTC; unix fix_formal=TRUE pcons_eff=TRUE OK=TRUE
WALL_SECONDS=1339 RC=0 OUT=s5rerun_A2_batch_1
WORKER_BUILD_CHECK pids=13 lib=/Library/Frameworks/R.framework/Versions/4.5-arm64/Resources/library/forestsearch built=R 4.5.2; ; 2026-09-24 04:00:02 UTC; unix fix_formal=TRUE pcons_eff=TRUE OK=TRUE
WALL_SECONDS=1327 RC=0 OUT=s5rerun_A2_batch_1001
WORKER_BUILD_CHECK pids=13 lib=/Library/Frameworks/R.framework/Versions/4.5-arm64/Resources/library/forestsearch built=R 4.5.2; ; 2026-09-24 04:00:02 UTC; unix fix_formal=TRUE pcons_eff=TRUE OK=TRUE
WALL_SECONDS=11 RC=0 OUT=s5rerun_A2_combine_1
  cell wall_s workers meta_workers reps simid_1_2000 errors err_ids decl_rate
1   A2   2699      13           NA 2000         TRUE      0             0.974
  n_decl campaign fs_version seed_base
1   1948  s5rerun 0.3.5.9000   8316951
[2026-09-24 03:48:53] CELL DONE A2 wall=2699s projection=2892s
[2026-09-24 03:48:53] CELL START A5 (p12x20 HR 1.75 n 1000 z1q -): projection 2921s, guard 8763s
WORKER_BUILD_CHECK pids=13 lib=/Library/Frameworks/R.framework/Versions/4.5-arm64/Resources/library/forestsearch built=R 4.5.2; ; 2026-09-24 04:00:02 UTC; unix fix_formal=TRUE pcons_eff=TRUE OK=TRUE
WALL_SECONDS=1385 RC=0 OUT=s5rerun_A5_batch_1
WORKER_BUILD_CHECK pids=13 lib=/Library/Frameworks/R.framework/Versions/4.5-arm64/Resources/library/forestsearch built=R 4.5.2; ; 2026-09-24 04:00:02 UTC; unix fix_formal=TRUE pcons_eff=TRUE OK=TRUE
WALL_SECONDS=1374 RC=0 OUT=s5rerun_A5_batch_1001
WORKER_BUILD_CHECK pids=13 lib=/Library/Frameworks/R.framework/Versions/4.5-arm64/Resources/library/forestsearch built=R 4.5.2; ; 2026-09-24 04:00:02 UTC; unix fix_formal=TRUE pcons_eff=TRUE OK=TRUE
WALL_SECONDS=11 RC=0 OUT=s5rerun_A5_combine_1
  cell wall_s workers meta_workers reps simid_1_2000 errors err_ids decl_rate
1   A5   2800      13           NA 2000         TRUE      0             0.995
  n_decl campaign fs_version seed_base
1   1990  s5rerun 0.3.5.9000   8316951
[2026-09-24 04:35:33] CELL DONE A5 wall=2800s projection=2921s
[2026-09-24 04:35:33] CELL START P31_h150_n1000 (cert20 HR 1.50 n 1000 z1q 0.60): projection 3522s, guard 10566s
WORKER_BUILD_CHECK pids=13 lib=/Library/Frameworks/R.framework/Versions/4.5-arm64/Resources/library/forestsearch built=R 4.5.2; ; 2026-09-24 04:00:02 UTC; unix fix_formal=TRUE pcons_eff=TRUE OK=TRUE
WALL_SECONDS=1786 RC=0 OUT=s5rerun_P31_h150_n1000_batch_1
WORKER_BUILD_CHECK pids=13 lib=/Library/Frameworks/R.framework/Versions/4.5-arm64/Resources/library/forestsearch built=R 4.5.2; ; 2026-09-24 04:00:02 UTC; unix fix_formal=TRUE pcons_eff=TRUE OK=TRUE
WALL_SECONDS=1791 RC=0 OUT=s5rerun_P31_h150_n1000_batch_1001
WORKER_BUILD_CHECK pids=13 lib=/Library/Frameworks/R.framework/Versions/4.5-arm64/Resources/library/forestsearch built=R 4.5.2; ; 2026-09-24 04:00:02 UTC; unix fix_formal=TRUE pcons_eff=TRUE OK=TRUE
WALL_SECONDS=12 RC=0 OUT=s5rerun_P31_h150_n1000_combine_1
            cell wall_s workers meta_workers reps simid_1_2000 errors err_ids
1 P31_h150_n1000   3614      13           NA 2000         TRUE      0        
  decl_rate n_decl campaign fs_version seed_base
1         1   2000  s5rerun 0.3.5.9000   8316951
[2026-09-24 05:35:47] CELL DONE P31_h150_n1000 wall=3614s projection=3522s
[2026-09-24 05:35:47] CELL START P31_h175_n1000 (cert20 HR 1.75 n 1000 z1q 0.60): projection 3556s, guard 10668s
WORKER_BUILD_CHECK pids=13 lib=/Library/Frameworks/R.framework/Versions/4.5-arm64/Resources/library/forestsearch built=R 4.5.2; ; 2026-09-24 04:00:02 UTC; unix fix_formal=TRUE pcons_eff=TRUE OK=TRUE
WALL_SECONDS=1874 RC=0 OUT=s5rerun_P31_h175_n1000_batch_1
WORKER_BUILD_CHECK pids=13 lib=/Library/Frameworks/R.framework/Versions/4.5-arm64/Resources/library/forestsearch built=R 4.5.2; ; 2026-09-24 04:00:02 UTC; unix fix_formal=TRUE pcons_eff=TRUE OK=TRUE
WALL_SECONDS=1867 RC=0 OUT=s5rerun_P31_h175_n1000_batch_1001
WORKER_BUILD_CHECK pids=13 lib=/Library/Frameworks/R.framework/Versions/4.5-arm64/Resources/library/forestsearch built=R 4.5.2; ; 2026-09-24 04:00:02 UTC; unix fix_formal=TRUE pcons_eff=TRUE OK=TRUE
WALL_SECONDS=11 RC=0 OUT=s5rerun_P31_h175_n1000_combine_1
            cell wall_s workers meta_workers reps simid_1_2000 errors err_ids
1 P31_h175_n1000   3774      13           NA 2000         TRUE      0        
  decl_rate n_decl campaign fs_version seed_base
1         1   2000  s5rerun 0.3.5.9000   8316951
[2026-09-24 06:38:42] CELL DONE P31_h175_n1000 wall=3774s projection=3556s
[2026-09-24 06:38:42] CELL START A9 (p12x20 HR 1.00 n 1500 z1q -): projection 3163s, guard 9489s
WORKER_BUILD_CHECK pids=13 lib=/Library/Frameworks/R.framework/Versions/4.5-arm64/Resources/library/forestsearch built=R 4.5.2; ; 2026-09-24 04:00:02 UTC; unix fix_formal=TRUE pcons_eff=TRUE OK=TRUE
WALL_SECONDS=966 RC=0 OUT=s5rerun_A9_batch_1
WORKER_BUILD_CHECK pids=13 lib=/Library/Frameworks/R.framework/Versions/4.5-arm64/Resources/library/forestsearch built=R 4.5.2; ; 2026-09-24 04:00:02 UTC; unix fix_formal=TRUE pcons_eff=TRUE OK=TRUE
WALL_SECONDS=975 RC=0 OUT=s5rerun_A9_batch_1001
WORKER_BUILD_CHECK pids=13 lib=/Library/Frameworks/R.framework/Versions/4.5-arm64/Resources/library/forestsearch built=R 4.5.2; ; 2026-09-24 04:00:02 UTC; unix fix_formal=TRUE pcons_eff=TRUE OK=TRUE
WALL_SECONDS=11 RC=0 OUT=s5rerun_A9_combine_1
  cell wall_s workers meta_workers reps simid_1_2000 errors err_ids decl_rate
1   A9   1976      13           NA 2000         TRUE      0             0.624
  n_decl campaign fs_version seed_base
1   1248  s5rerun 0.3.5.9000   8316951
[2026-09-24 07:11:38] CELL DONE A9 wall=1976s projection=3163s
[2026-09-24 07:11:38] CELL START P31_h100_n1500 (cert20 HR 1.00 n 1500 z1q 0.60): projection 4941s, guard 14823s
WORKER_BUILD_CHECK pids=13 lib=/Library/Frameworks/R.framework/Versions/4.5-arm64/Resources/library/forestsearch built=R 4.5.2; ; 2026-09-24 04:00:02 UTC; unix fix_formal=TRUE pcons_eff=TRUE OK=TRUE
WALL_SECONDS=1546 RC=0 OUT=s5rerun_P31_h100_n1500_batch_1
WORKER_BUILD_CHECK pids=13 lib=/Library/Frameworks/R.framework/Versions/4.5-arm64/Resources/library/forestsearch built=R 4.5.2; ; 2026-09-24 04:00:02 UTC; unix fix_formal=TRUE pcons_eff=TRUE OK=TRUE
WALL_SECONDS=1549 RC=0 OUT=s5rerun_P31_h100_n1500_batch_1001
WORKER_BUILD_CHECK pids=13 lib=/Library/Frameworks/R.framework/Versions/4.5-arm64/Resources/library/forestsearch built=R 4.5.2; ; 2026-09-24 04:00:02 UTC; unix fix_formal=TRUE pcons_eff=TRUE OK=TRUE
WALL_SECONDS=11 RC=0 OUT=s5rerun_P31_h100_n1500_combine_1
            cell wall_s workers meta_workers reps simid_1_2000 errors err_ids
1 P31_h100_n1500   3131      13           NA 2000         TRUE      0        
  decl_rate n_decl campaign fs_version seed_base
1     0.959   1918  s5rerun 0.3.5.9000   8316951
[2026-09-24 08:03:49] CELL DONE P31_h100_n1500 wall=3131s projection=4941s
[2026-09-24 08:03:49] CELL START A3 (p12x20 HR 1.50 n 1500 z1q -): projection 4425s, guard 13275s
WORKER_BUILD_CHECK pids=13 lib=/Library/Frameworks/R.framework/Versions/4.5-arm64/Resources/library/forestsearch built=R 4.5.2; ; 2026-09-24 04:00:02 UTC; unix fix_formal=TRUE pcons_eff=TRUE OK=TRUE
WALL_SECONDS=1392 RC=0 OUT=s5rerun_A3_batch_1
WORKER_BUILD_CHECK pids=13 lib=/Library/Frameworks/R.framework/Versions/4.5-arm64/Resources/library/forestsearch built=R 4.5.2; ; 2026-09-24 04:00:02 UTC; unix fix_formal=TRUE pcons_eff=TRUE OK=TRUE
WALL_SECONDS=1406 RC=0 OUT=s5rerun_A3_batch_1001
WORKER_BUILD_CHECK pids=13 lib=/Library/Frameworks/R.framework/Versions/4.5-arm64/Resources/library/forestsearch built=R 4.5.2; ; 2026-09-24 04:00:02 UTC; unix fix_formal=TRUE pcons_eff=TRUE OK=TRUE
WALL_SECONDS=11 RC=0 OUT=s5rerun_A3_combine_1
  cell wall_s workers meta_workers reps simid_1_2000 errors err_ids decl_rate
1   A3   2831      13           NA 2000         TRUE      0             0.988
  n_decl campaign fs_version seed_base
1   1976  s5rerun 0.3.5.9000   8316951
[2026-09-24 08:51:00] CELL DONE A3 wall=2831s projection=4425s
[2026-09-24 08:51:00] CELL START A6 (p12x20 HR 1.75 n 1500 z1q -): projection 4450s, guard 13350s
WORKER_BUILD_CHECK pids=13 lib=/Library/Frameworks/R.framework/Versions/4.5-arm64/Resources/library/forestsearch built=R 4.5.2; ; 2026-09-24 04:00:02 UTC; unix fix_formal=TRUE pcons_eff=TRUE OK=TRUE
WALL_SECONDS=1441 RC=0 OUT=s5rerun_A6_batch_1
WORKER_BUILD_CHECK pids=13 lib=/Library/Frameworks/R.framework/Versions/4.5-arm64/Resources/library/forestsearch built=R 4.5.2; ; 2026-09-24 04:00:02 UTC; unix fix_formal=TRUE pcons_eff=TRUE OK=TRUE
WALL_SECONDS=1433 RC=0 OUT=s5rerun_A6_batch_1001
WORKER_BUILD_CHECK pids=13 lib=/Library/Frameworks/R.framework/Versions/4.5-arm64/Resources/library/forestsearch built=R 4.5.2; ; 2026-09-24 04:00:02 UTC; unix fix_formal=TRUE pcons_eff=TRUE OK=TRUE
WALL_SECONDS=11 RC=0 OUT=s5rerun_A6_combine_1
  cell wall_s workers meta_workers reps simid_1_2000 errors err_ids decl_rate
1   A6   2900      13           NA 2000         TRUE      0             0.999
  n_decl campaign fs_version seed_base
1   1998  s5rerun 0.3.5.9000   8316951
[2026-09-24 09:39:20] CELL DONE A6 wall=2900s projection=4450s
[2026-09-24 09:39:20] CELL START P31_h150_n1500 (cert20 HR 1.50 n 1500 z1q 0.60): projection 5436s, guard 16308s
WORKER_BUILD_CHECK pids=13 lib=/Library/Frameworks/R.framework/Versions/4.5-arm64/Resources/library/forestsearch built=R 4.5.2; ; 2026-09-24 04:00:02 UTC; unix fix_formal=TRUE pcons_eff=TRUE OK=TRUE
WALL_SECONDS=1928 RC=0 OUT=s5rerun_P31_h150_n1500_batch_1
WORKER_BUILD_CHECK pids=13 lib=/Library/Frameworks/R.framework/Versions/4.5-arm64/Resources/library/forestsearch built=R 4.5.2; ; 2026-09-24 04:00:02 UTC; unix fix_formal=TRUE pcons_eff=TRUE OK=TRUE
WALL_SECONDS=1929 RC=0 OUT=s5rerun_P31_h150_n1500_batch_1001
WORKER_BUILD_CHECK pids=13 lib=/Library/Frameworks/R.framework/Versions/4.5-arm64/Resources/library/forestsearch built=R 4.5.2; ; 2026-09-24 04:00:02 UTC; unix fix_formal=TRUE pcons_eff=TRUE OK=TRUE
WALL_SECONDS=11 RC=0 OUT=s5rerun_P31_h150_n1500_combine_1
            cell wall_s workers meta_workers reps simid_1_2000 errors err_ids
1 P31_h150_n1500   3895      13           NA 2000         TRUE      0        
  decl_rate n_decl campaign fs_version seed_base
1         1   2000  s5rerun 0.3.5.9000   8316951
[2026-09-24 10:44:15] CELL DONE P31_h150_n1500 wall=3895s projection=5436s
[2026-09-24 10:44:15] CELL START P31_h175_n1500 (cert20 HR 1.75 n 1500 z1q 0.60): projection 5474s, guard 16422s
WORKER_BUILD_CHECK pids=13 lib=/Library/Frameworks/R.framework/Versions/4.5-arm64/Resources/library/forestsearch built=R 4.5.2; ; 2026-09-24 04:00:02 UTC; unix fix_formal=TRUE pcons_eff=TRUE OK=TRUE
WALL_SECONDS=2019 RC=0 OUT=s5rerun_P31_h175_n1500_batch_1
WORKER_BUILD_CHECK pids=13 lib=/Library/Frameworks/R.framework/Versions/4.5-arm64/Resources/library/forestsearch built=R 4.5.2; ; 2026-09-24 04:00:02 UTC; unix fix_formal=TRUE pcons_eff=TRUE OK=TRUE
WALL_SECONDS=2025 RC=0 OUT=s5rerun_P31_h175_n1500_batch_1001
WORKER_BUILD_CHECK pids=13 lib=/Library/Frameworks/R.framework/Versions/4.5-arm64/Resources/library/forestsearch built=R 4.5.2; ; 2026-09-24 04:00:02 UTC; unix fix_formal=TRUE pcons_eff=TRUE OK=TRUE
WALL_SECONDS=11 RC=0 OUT=s5rerun_P31_h175_n1500_combine_1
            cell wall_s workers meta_workers reps simid_1_2000 errors err_ids
1 P31_h175_n1500   4075      13           NA 2000         TRUE      0        
  decl_rate n_decl campaign fs_version seed_base
1         1   2000  s5rerun 0.3.5.9000   8316951
[2026-09-24 11:52:10] CELL DONE P31_h175_n1500 wall=4075s projection=5474s
[2026-09-24 11:52:10] RUN END (all cells attempted)
