[31m

processing file: summary_continuous_field_mdgrf.qmd
[39m1/27                 
2/27 [setup]         
3/27                 
4/27 [status]        
5/27                 
6/27 [tableH]        
7/27                 
8/27 [tableHc]       
9/27                 
10/27 [bounds]        
11/27                 
12/27 [joint]         
13/27                 
14/27 [identification]
15/27                 
16/27 [regime]        
17/27                 
18/27 [display-table] 
19/27                 
20/27 [display-H]     
21/27                 
22/27 [display-Hc]    
23/27                 
24/27 [extract]       
25/27                 
26/27 [session]       
27/27                 
[31moutput file: summary_continuous_field_mdgrf.knit.md

[39m[1mpandoc [22m
  to: html
  output-file: summary_continuous_field_mdgrf.html
  standalone: true
  embed-resources: true
  section-divs: true
  html-math-method: mathjax
  wrap: none
  default-image-extension: png
  toc: true
  toc-depth: 4
  number-sections: true
  variables: {}
  
[1mmetadata[22m
  document-css: false
  link-citations: true
  date-format: long
  lang: en
  engines:
    - path: /usr/lib/rstudio/resources/app/bin/quarto/share/extension-subtrees/julia-engine/_extensions/julia-engine/julia-engine.js
  toc-location: left
  theme: cosmo
  smooth-scroll: true
  title-block-banner: '#2C3E50'
  title-block-banner-color: white
  mainfont: Palatino, Georgia, serif
  monofont: Fira Code, JetBrains Mono, Consolas, monospace
  fontsize: 1.05em
  linestretch: 1.45
  anchor-sections: true
  title: GRF on the continuous/MD path — campaign mdgrf (effMaxSG, ε = 0.20, dmin.grf = 30), four cells, paired with mdsgnb20
  subtitle: 'Cross-cell summary of the committed combined bundles: Ĥ and Ĥᶜ tables, the D3 bound-location ladder, the joint pair, identification beside FS, regime diagnostics, display; writes md_grf_metrics.csv. Conditional on the proposed family.'
  author: Larry F. León
  date: today
  
Output created: summary_continuous_field_mdgrf.html

