[31m

processing file: sim_fs_maxeffCons_mr_field_md_template.qmd
[39m1/65                                 
2/65 [setup-knobs]                   
3/65                                 
4/65 [build-dgm]                     
5/65                                 
6/65 [machinery]                     
7/65                                 
8/65 [run-batch]                     
9/65                                 
10/65 [summary-prep]                  
11/65                                 
12/65 [mr-settings-readout]           
13/65                                 
14/65 [counts-header]                 
15/65                                 
16/65 [subgroup-size-callout]         
17/65                                 
18/65 [estimation-table]              
19/65                                 
20/65 [estimation-table-medians]      
21/65                                 
22/65 [table2-summary]                
23/65                                 
24/65 [table2-compact]                
25/65                                 
26/65 [bound-location]                
27/65                                 
28/65 [betaHhat-callout]              
29/65                                 
30/65 [paired-panel]                  
31/65                                 
32/65 [estimator-boxplots]            
33/65                                 
34/65 [field-coverage-wilson]         
35/65                                 
36/65 [field-bias-coverage]           
37/65                                 
38/65 [field-retained-bias]           
39/65                                 
40/65 [field-reselection]             
41/65                                 
42/65 [field-complement-diagnostics]  
43/65                                 
44/65 [field-bias-coverage-complement]
45/65                                 
46/65 [field-joint-pair]              
47/65                                 
48/65 [identification-block]          
49/65                                 
50/65 [identification-structure]      
51/65                                 
52/65 [identification-involvement]    
53/65                                 
54/65 [identification-composition]    
55/65                                 
56/65 [identification-structure-table]
57/65                                 
58/65 [identification-figures]        
59/65                                 
60/65 [timing-distributions]          
61/65                                 
62/65 [timing-projection]             
63/65                                 
64/65 [session-info]                  
65/65                                 
[31moutput file: sim_fs_maxeffCons_mr_field_md_template.knit.md

[39m[1mpandoc --output fs_effMaxSG_mr_field_md40_knoise0_n500_nb20_mdsgnb20_combine_1_2000.html[22m
  to: html
  standalone: true
  embed-resources: true
  section-divs: true
  html-math-method: mathjax
  wrap: none
  default-image-extension: png
  toc: true
  toc-depth: 4
  number-sections: true
  variables: {}
  
[1mmetadata[22m
  document-css: false
  link-citations: true
  date-format: long
  lang: en
  engines:
    - path: /usr/lib/rstudio/resources/app/bin/quarto/share/extension-subtrees/julia-engine/_extensions/julia-engine/julia-engine.js
  toc-location: left
  theme: cosmo
  smooth-scroll: true
  title-block-banner: '#2C3E50'
  title-block-banner-color: white
  mainfont: Palatino, Georgia, serif
  monofont: Fira Code, JetBrains Mono, Consolas, monospace
  fontsize: 1.05em
  linestretch: 1.45
  anchor-sections: true
  title: FS/maxeffCons on the MD/harm DGM — MR (IJ) / MR (field) template, batchable
  subtitle: 'Continuous twin of the survival fb_mr_field template: the field block, the complement field and the joint pair on the mean-difference scale'
  author: Larry F. León
  date: today
  code-summary: Show code
  
Output created: fs_effMaxSG_mr_field_md40_knoise0_n500_nb20_mdsgnb20_combine_1_2000.html

WALL_SECONDS=41 RC=0 PEAK_MB=1207 OUT=fs_effMaxSG_mr_field_md40_knoise0_n500_nb20_mdsgnb20_combine_1_2000.html
