k_treat original = 1.048469 | used = 1.048469 | recalibrated = FALSE
df_super overall marginal Cox HR = 0.750000 (DGM) | AHR = 0.676007
df_source marginal Cox HR (20 eps, seed 20260923) = 0.746279
  MC spread over seeds 20260923+0:4: 0.7463 0.7443 0.7495 0.7485 0.7482
patient-level conditional HR: min 0.676007 max 0.676007
       hr_within_1pct flag_harm_zero_source  flag_harm_zero_super 
                 TRUE                  TRUE                  TRUE 
family + truth: 35.4 s
family counts:
cut_columns  enumerated       empty        minp        rmin        size 
         66        2211         142           0         126         323 
       kept   duplicate           M    mr_route 
       1620         113        1507        1744 
MR-route count 1744 vs application 1,744: +0.0% | task-route M = 1507 (-13.6%)
overall on df_source: uncensored 0.7463 | censored 0.6942 | PO censoring rate 0.577
              min median    max n_above_075 share_above_075
uncensored 0.6743 0.7331 0.7976         364          0.2415
censored   0.6472 0.6887 0.7245           0          0.0000
                    lab  prev hr_unc hr_cen
1  pgr > 45 & size > 35 0.095 0.7187 0.7245
2 size > 35 & meno != 1 0.093 0.7380 0.7209
3   er > 30 & size > 35 0.109 0.7279 0.7199
4  pgr > 26 & size > 35 0.112 0.7259 0.7188
5 age <= 53 & size > 35 0.122 0.7332 0.7188
